******************************************************************************
            TI ARM Clang Linker PC v2.1.3                      
******************************************************************************
>> Linked Wed Mar 20 10:48:27 2024

OUTPUT FILE NAME:   <data_stream_LP_EM_CC2340R5_freertos_ble32x_v1.out>
ENTRY POINT SYMBOL: "resetISR"  address: 000286a9


MEMORY CONFIGURATION

         name            origin    length      used     unused   attr    fill
----------------------  --------  ---------  --------  --------  ----  --------
  FLASH                 00000000   0007c000  0002d4d7  0004eb29  R  X
  NVS_SLOT              0007c000   00004000  00004000  00000000  R  X
  SRAM                  20000000   00009000  00007b1b  000014e5  RW X
  CCFG                  4e020000   00000800  00000800  00000000  RW  


SEGMENT ALLOCATION MAP

run origin  load origin   length   init length attrs members
----------  ----------- ---------- ----------- ----- -------
00000000    00000000    0002d4d8   0002d4d8    r-x
  00000000    00000000    0000008c   0000008c    r-- .resetVecs
  0000008c    0000008c    00000004   00000004    r-- .rodata.1
  00000090    00000090    00029300   00029300    r-x .text
  00029390    00029390    00003cd3   00003cd3    r-- .rodata.2
  0002d064    0002d064    00000474   00000474    r-- .cinit
0007c000    0007c000    00004000   00000000    rw-
  0007c000    0007c000    00004000   00000000    rw- .TI.bound:flashBuf0
20000400    20000400    00000010   00000000    rw-
  20000400    20000400    00000010   00000000    rw- .TI.bound:dmaChannel0ControlTableEntry
20000410    20000410    00000010   00000000    rw-
  20000410    20000410    00000010   00000000    rw- .TI.bound:dmaChannel1ControlTableEntry
20000440    20000440    00000010   00000000    rw-
  20000440    20000440    00000010   00000000    rw- .TI.bound:dmaChannel4ControlTableEntry
20000450    20000450    00007745   00000000    rw-
  20000450    20000450    00000010   00000000    rw- .TI.bound:dmaChannel5ControlTableEntry
  20000460    20000460    00006a6a   00000000    rw- .bss
  20006ed0    20006ed0    00000cc5   00000000    rw- .data
20008ce0    20008ce0    00000320   00000000    rw-
  20008ce0    20008ce0    00000320   00000000    rw- .stack
4e020000    4e020000    00000800   00000800    r--
  4e020000    4e020000    00000800   00000800    r-- .ccfg


SECTION ALLOCATION MAP

 output                                  attributes/
section   page    origin      length       input sections
--------  ----  ----------  ----------   ----------------
.resetVecs 
*          0    00000000    0000008c     
                  00000000    0000008c     ti_freertos_config.o (.resetVecs)

.rodata.1 
*          0    0000008c    00000004     
                  0000008c    00000004     drivers_cc23x0r5.a : NVS.c.obj (.rodata.NVS_defaultParams)

.cinit     0    0002d064    00000474     
                  0002d064    0000040e     (.cinit..data.load) [load image, compression = lzss]
                  0002d472    00000002     --HOLE-- [fill = 0]
                  0002d474    0000000c     (__TI_handler_table)
                  0002d480    00000008     (.cinit..TI.bound:dmaChannel0ControlTableEntry.load) [load image, compression = zero_init]
                  0002d488    00000008     (.cinit..TI.bound:dmaChannel1ControlTableEntry.load) [load image, compression = zero_init]
                  0002d490    00000008     (.cinit..TI.bound:dmaChannel4ControlTableEntry.load) [load image, compression = zero_init]
                  0002d498    00000008     (.cinit..TI.bound:dmaChannel5ControlTableEntry.load) [load image, compression = zero_init]
                  0002d4a0    00000008     (.cinit..bss.load) [load image, compression = zero_init]
                  0002d4a8    00000030     (__TI_cinit_table)

.init_array 
*          0    00000000    00000000     UNINITIALIZED

.TI.bound:flashBuf0 
*          0    0007c000    00004000     UNINITIALIZED
                  0007c000    00004000     ti_drivers_config.o (.TI.bound:flashBuf0)

.ramVecs   0    20000000    0000008c     NOLOAD SECTION
                  20000000    0000008c     driverlib.a : interrupt.c.obj (.ramVecs)

.bss       0    20000460    00006a6a     UNINITIALIZED
                  20000460    00005000     ti_freertos_config.o (.bss.ucHeap)
                  20005460    000003a4     (.common:ecdhLpf3swObjects)
                  20005804    000001f4     (.common:tBuffer)
                  200059f8    00000190     ti_freertos_config.o (.bss.vApplicationGetTimerTaskMemory.uxTimerTaskStack)
                  20005b88    00000180     (.common:UART2LPF3_objects)
                  20005d08    00000140     ti_freertos_config.o (.bss.prvCheckForValidListAndQueue.ucStaticTimerQueueStorage)
                  20005e48    00000130     ti_freertos_config.o (.bss.vApplicationGetIdleTaskMemory.uxIdleTaskStack)
                  20005f78    0000010c     (.common:RNGLPF3RF_instanceData)
                  20006084    000000c8     ti_freertos_config.o (.bss.pxReadyTasksLists)
                  2000614c    000000ac     (.common:aesctrdrbgXXObjects)
                  200061f8    00000084     (.common:AESCCMLPF3_objects)
                  2000627c    00000080     ti_drivers_config.o (.bss.displayUART2Buffer)
                  200062fc    00000078     (.common:cbTimers)
                  20006374    00000068     ti_freertos_config.o (.bss.vApplicationGetIdleTaskMemory.xIdleTaskTCB)
                  200063dc    00000068     ti_freertos_config.o (.bss.vApplicationGetTimerTaskMemory.xTimerTaskTCB)
                  20006444    00000068     (.common:gpioCallbackFunctions)
                  200064ac    00000068     (.common:gpioUserArgs)
                  20006514    00000064     (.common:rfClient)
                  20006578    00000060     icall_POSIX.o (.bss.ICall_entities)
                  200065d8    00000050     (.common:CryptoResourceLPF3_accessSemaphore)
                  20006628    00000050     (.common:CryptoResourceLPF3_operationSemaphore)
                  20006678    0000004c     (.common:ble5HandlerState)
                  200066c4    00000048     (.common:ButtonObjects)
                  2000670c    00000044     (.common:advDataEntry)
                  20006750    00000044     (.common:aeCBackTbl)
                  20006794    00000042     (.common:localEccKeys)
                  200067d6    00000002     StackWrapper.a : StackWrapper_Host_gapbondmgr.obj (.bss.gapBondMgr_SyncCharCfg.service)
                  200067d8    0000003c     (.common:extInitCmd)
                  20006814    0000003c     (.common:nvFptrs)
                  20006850    00000038     (.common:extScanCmd)
                  20006888    00000030     (.common:l2capFixedChannels)
                  200068b8    00000030     (.common:linkCBs)
                  200068e8    0000002e     (.common:NVOCMP_nvHandle)
                  20006916    00000002     (.common:attrLen)
                  20006918    0000002c     (.common:AESECBLPF3_objects)
                  20006944    0000002c     (.common:mutex)
                  20006970    0000002c     (.common:rclSchedulerState)
                  2000699c    00000028     (.common:extScanParam)
                  200069c4    00000024     icall_POSIX.o (.bss.ICall_tasks)
                  200069e8    00000024     (.common:operationCCM)
                  20006a0c    00000020     ti_drivers_config.o (.bss.uart2RxRingBuffer0)
                  20006a2c    00000020     ti_drivers_config.o (.bss.uart2TxRingBuffer0)
                  20006a4c    00000020     (.common:RNG_instancePool)
                  20006a6c    00000020     (.common:gapBond_localOobData)
                  20006a8c    00000020     (.common:localPrivKeyMaterial)
                  20006aac    00000020     (.common:req)
                  20006acc    0000001c     drivers_cc23x0r5.a : BatMonSupportLPF3.c.obj (.bss.batMonHwi)
                  20006ae8    0000001c                        : PowerCC23X0.c.obj (.bss.ckmHwi)
                  20006b04    0000001c                        : GPIOLPF3.c.obj (.bss.gpioHwi)
                  20006b20    0000001c     (.common:CryptoResourceLPF3_hwi)
                  20006b3c    0000001c     (.common:clockHwi)
                  20006b58    0000001c     (.common:gapParams)
                  20006b74    00000018     (.common:connOutput)
                  20006b8c    00000018     (.common:rsp)
                  20006ba4    00000014                        : UDMALPF3.c.obj (.bss.postNotify)
                  20006bb8    00000014                        : Random.c.obj (.bss.state)
                  20006bcc    00000014     (.common:operationComputeSharedSecret)
                  20006be0    00000014     (.common:powerAwakeStandbyObj)
                  20006bf4    00000014     (.common:sysTimerTimeouts)
                  20006c08    00000011     (.common:deviceFeatureSet)
                  20006c19    00000001     bleapputil_init.o (.bss.BLEAppUtilSelfEntity)
                  20006c1a    00000002     (.common:buildInfo)
                  20006c1c    00000010     (.common:cryptoKey)
                  20006c2c    00000010     (.common:eccParams)
                  20006c3c    00000010     (.common:encParamsCCM)
                  20006c4c    00000010     (.common:encParamsECB)
                  20006c5c    00000010     (.common:localPrivateKey)
                  20006c6c    00000010     (.common:localPublicKey)
                  20006c7c    00000010     (.common:operationECB)
                  20006c8c    00000010     (.common:operationGeneratePublicKey)
                  20006c9c    00000010     (.common:rclState)
                  20006cac    00000010     (.common:remotePublicKey)
                  20006cbc    00000010     (.common:sharedSecret)
                  20006ccc    0000000f     bleapputil_task.o (.bss.BLEAppUtil_convertBdAddr2Str.str)
                  20006cdb    00000001     StackWrapper.a : StackWrapper_Host_gapbondmgr.obj (.bss.gapBondMgr_TaskID)
                  20006cdc    0000000c     (.common:cachedTRNGdata)
                  20006ce8    0000000c     (.common:displayUart2Object)
                  20006cf4    0000000c     (.common:llTaskList)
                  20006d00    0000000c     (.common:swParamList)
                  20006d0c    00000008     app_connection.o (.bss.connectionConnList)
                  20006d14    00000008     drivers_cc23x0r5.a : TemperatureLPF3.c.obj (.bss.notificationList)
                  20006d1c    00000008                        : PowerCC23X0.c.obj (.bss.notifyList)
                  20006d24    00000008     ti_freertos_config.o (.bss.xStart)
                  20006d2c    00000008     (.common:BLEAppUtil_theardEntity)
                  20006d34    00000008     (.common:POSIX_args)
                  20006d3c    00000008     (.common:RNGLPF3RF_objects)
                  20006d44    00000008     (.common:gattReTxList)
                  20006d4c    00000008     (.common:llConnEvtNotice)
                  20006d54    00000008     (.common:llConns)
                  20006d5c    00000008     (.common:llRfCmdPreemption)
                  20006d64    00000008     (.common:pBleEvtMask)
                  20006d6c    00000008     (.common:pHciEvtMask)
                  20006d74    00000008     (.common:pHciEvtMask2)
                  20006d7c    00000008     (.common:peripheralUpdateReq)
                  20006d84    00000008     (.common:privInfo)
                  20006d8c    00000008     (.common:workerThreadEntity)
                  20006d94    00000006     (.common:gapCurrentRandomAddr)
                  20006d9a    00000002     (.common:connInitialMaxTxOctets)
                  20006d9c    00000006     (.common:ownPublicAddr)
                  20006da2    00000002     (.common:connInitialMaxTxTime)
                  20006da4    00000006     (.common:ownRandomAddr)
                  20006daa    00000002     (.common:connInitialMaxTxTimeCoded)
                  20006dac    00000006     (.common:ownSavedPublicAddr)
                  20006db2    00000006     (.common:verInfo)
                  20006db8    00000005     (.common:defaultChannelMap)
                  20006dbd    00000005     (.common:secondaryAdvChannelMap)
                  20006dc2    00000002     (.common:connInitialMaxTxTimeUncoded)
                  20006dc4    00000004     drivers_cc23x0r5.a : PowerCC23X0.c.obj (.bss.PowerCC23X0_enterStandby.controlPreStandby)
                  20006dc8    00000004                        : PowerCC23X0.c.obj (.bss.constraintCounts)
                  20006dcc    00000004     data_stream_server.o (.bss.dss_dataOut_config)
                  20006dd0    00000004     OneLib.a : OneLib_Host_Profiles_gattservapp.obj (.bss.indCharCfg)
                  20006dd4    00000004     driverlib.a : lrfd.c.obj (.bss.lrfdClockDependencySets)
                  20006dd8    00000004     ti_freertos_config.o (.bss.main_reent)
                  20006ddc    00000004     StackWrapper.a : StackWrapper_OSAL_osal_timers.obj (.bss.osal_systemClock)
                  20006de0    00000004     (.common:BDAddrPerConnHandle)
                  20006de4    00000004     (.common:RemoteTask)
                  20006de8    00000004     (.common:SysBootMsg)
                  20006dec    00000004     (.common:activeConns)
                  20006df0    00000004     (.common:alTable)
                  20006df4    00000004     (.common:alTableScan)
                  20006df8    00000004     (.common:appInitDoneHandler)
                  20006dfc    00000004     (.common:clientInfoTbl)
                  20006e00    00000004     (.common:drbgHandle)
                  20006e04    00000004     (.common:dtmInfo)
                  20006e08    00000004     (.common:ecdhHandle)
                  20006e0c    00000004     (.common:encHandleCCM)
                  20006e10    00000004     (.common:encHandleECB)
                  20006e14    00000004     (.common:errorHandlerCb)
                  20006e18    00000004     (.common:extStackSettings)
                  20006e1c    00000004     (.common:gapScanUarg)
                  20006e20    00000004     (.common:handle_left)
                  20006e24    00000004     (.common:handle_right)
                  20006e28    00000004     (.common:l2capChannels)
                  20006e2c    00000004     (.common:l2capPsm)
                  20006e30    00000004     (.common:linkCmd)
                  20006e34    00000004     (.common:linkDB)
                  20006e38    00000004     (.common:linkParam)
                  20006e3c    00000004     (.common:operationResult)
                  20006e40    00000004     (.common:osal_last_timestamp)
                  20006e44    00000004     (.common:osal_max_msecs)
                  20006e48    00000004     (.common:osal_qHead)
                  20006e4c    00000004     (.common:osal_syncHandle)
                  20006e50    00000004     (.common:osal_tickperiod)
                  20006e54    00000004     (.common:pNextAdvSet)
                  20006e58    00000004     (.common:pRfPathComp)
                  20006e5c    00000004     (.common:prepareWritesTbl)
                  20006e60    00000004     (.common:resolvingList)
                  20006e64    00000004     (.common:rfHandle)
                  20006e68    00000004     (.common:serverInfoTbl)
                  20006e6c    00000004     (.common:taskEndAction)
                  20006e70    00000004     (.common:tasksEvents)
                  20006e74    00000004     (.common:timerHead)
                  20006e78    00000004     (.common:trngHandle)
                  20006e7c    00000004     (.common:txDataQ)
                  20006e80    00000002     (.common:maximumPduSize)
                  20006e82    00000002     (.common:numHostBufs)
                  20006e84    00000002     (.common:postRfOperations)
                  20006e86    00000002     (.common:pwrmgr_attribute)
                  20006e88    00000002     (.common:supportedMaxRxOctets)
                  20006e8a    00000002     (.common:supportedMaxRxTime)
                  20006e8c    00000002     (.common:supportedMaxTxOctets)
                  20006e8e    00000002     (.common:supportedMaxTxTime)
                  20006e90    00000001     (.common:GATTServApp_TaskID)
                  20006e91    00000001     (.common:LL_TaskID)
                  20006e92    00000001     (.common:NVOCMP_size)
                  20006e93    00000001     (.common:NVSLPF3_objects)
                  20006e94    00000001     (.common:adcNoiseHandlerState)
                  20006e95    00000001     (.common:aeCurAdvEnableHandle)
                  20006e96    00000001     (.common:aeCurConnHandle)
                  20006e97    00000001     (.common:aeCurHandle)
                  20006e98    00000001     (.common:alSize)
                  20006e99    00000001     (.common:ctrlToHostEnable)
                  20006e9a    00000001     (.common:curTxPowerVal)
                  20006e9b    00000001     (.common:defaultPhy)
                  20006e9c    00000001     (.common:extInitIndex)
                  20006e9d    00000001     (.common:extScanIndex)
                  20006e9e    00000001     (.common:fastTxRespTime)
                  20006e9f    00000001     (.common:fltPduTypeMask)
                  20006ea0    00000001     (.common:fltPduTypeWanted)
                  20006ea1    00000001     (.common:gAction)
                  20006ea2    00000001     (.common:gapDeviceAddrMode)
                  20006ea3    00000001     (.common:gapScanEndReason)
                  20006ea4    00000001     (.common:gapScanMaxNumReport)
                  20006ea5    00000001     (.common:gapScanPackedAdvRptSize)
                  20006ea6    00000001     (.common:gapTaskID)
                  20006ea7    00000001     (.common:gattNumConns)
                  20006ea8    00000001     (.common:gattTaskID)
                  20006ea9    00000001     (.common:hciGapTaskID)
                  20006eaa    00000001     (.common:hciL2capTaskID)
                  20006eab    00000001     (.common:hciPTMenabled)
                  20006eac    00000001     (.common:hciSmpTaskID)
                  20006ead    00000001     (.common:hciTaskID)
                  20006eae    00000001     (.common:hciTestTaskID)
                  20006eaf    00000001     (.common:hciVsEvtMask)
                  20006eb0    00000001     (.common:icall_liteTaskId)
                  20006eb1    00000001     (.common:l2capNumChannels)
                  20006eb2    00000001     (.common:l2capTaskID)
                  20006eb3    00000001     (.common:l2cap_gattServAppTaskID)
                  20006eb4    00000001     (.common:linkDBNumConns)
                  20006eb5    00000001     (.common:llState)
                  20006eb6    00000001     (.common:maxNumConns)
                  20006eb7    00000001     (.common:maxNumTxDataBufs)
                  20006eb8    00000001     (.common:maxTxPwrForDTM)
                  20006eb9    00000001     (.common:numActiveAdvSets)
                  20006eba    00000001     (.common:numComplPkts)
                  20006ebb    00000001     (.common:numComplPktsFlush)
                  20006ebc    00000001     (.common:numComplPktsLimit)
                  20006ebd    00000001     (.common:numTxDataBufs)
                  20006ebe    00000001     (.common:onePktPerEvt)
                  20006ebf    00000001     (.common:osal_entity)
                  20006ec0    00000001     (.common:peripheralAdvHandle_1)
                  20006ec1    00000001     (.common:rfFeModeBias)
                  20006ec2    00000001     (.common:rlSize)
                  20006ec3    00000001     (.common:rxFifoFlowCtrl)
                  20006ec4    00000001     (.common:scanReqRpt)
                  20006ec5    00000001     (.common:secondaryAdvChannelMapPopCount)
                  20006ec6    00000001     (.common:slOverride)
                  20006ec7    00000001     (.common:smGenerateDHKeyStatus)
                  20006ec8    00000001     (.common:smReadLocalP256PublicKeyStatus)
                  20006ec9    00000001     (.common:smTaskID)

.data      0    20006ed0    00000cc5     UNINITIALIZED
                  20006ed0    00000130     dev_info_service.o (.data.devInfoAttrTbl)
                  20007000    000000b0     OneLib.a : OneLib_Host_Profiles_gapgattserver.obj (.data.gapAttrTbl)
                  200070b0    0000008c     ti_freertos_config.o (.data.HwiP_dispatchTable)
                  2000713c    00000080     data_stream_server.o (.data.dss_attrTbl)
                  200071bc    00000004     drivers_cc23x0r5.a : TemperatureLPF3.c.obj (.data..L_MergedGlobals)
                  200071c0    0000007a     dev_info_service.o (.data..L_MergedGlobals)
                  2000723a    00000006     ti_ble_config.o (.data.pRandomAddress)
                  20007240    00000078     ti_freertos_config.o (.data..L_MergedGlobals)
                  200072b8    00000070     ti_freertos_config.o (.data..L_MergedGlobals.10)
                  20007328    0000006c     ti_freertos_config.o (.data..L_MergedGlobals.8)
                  20007394    0000006c     ti_freertos_config.o (.data..L_MergedGlobals.9)
                  20007400    00000068     ti_drivers_config.o (.data.gpioPinConfigs)
                  20007468    00000064     StackWrapper.a : StackWrapper_Host_gapbondmgr.obj (.data..L_MergedGlobals)
                  200074cc    00000060                    : StackWrapper_Host_gapbondmgr.obj (.data.gapBond_eccKeys)
                  2000752c    00000058     OneLib.a : OneLib_Host_Profiles_gattservapp.obj (.data..L_MergedGlobals)
                  20007584    00000054     rcl_cc23x0r5.a : hal_cc23x0.c.obj (.data..L_MergedGlobals.1)
                  200075d8    00000050     nvocmp.o (.data..L_MergedGlobals.1)
                  20007628    00000040     OneLib.a : OneLib_Host_SM_sm_pairing.obj (.data.sm_eccKeys_sc_host_debug)
                  20007668    0000003f     drivers_cc23x0r5.a : PowerCC23X0.c.obj (.data..L_MergedGlobals.1)
                  200076a7    00000001                        : AESCommonLPF3.c.obj (.data.AESCommon_isInitialized)
                  200076a8    00000038     OneLib.a : OneLib_Host_GAP_gap_initiator.obj (.data..L_MergedGlobals)
                  200076e0    00000038              : OneLib_Host_GAP_gap_scanner.obj (.data..L_MergedGlobals)
                  20007718    00000030              : OneLib_LL_Config_ll_config.obj (.data.llUserConfig)
                  20007748    0000002a     dev_info_service.o (.data..L_MergedGlobals.1)
                  20007772    00000002     OneLib.a : OneLib_Host_SM_sm_task.obj (.data..L_MergedGlobals)
                  20007774    00000028     app_main.o (.data..L_MergedGlobals)
                  2000779c    00000028     menu_module.o (.data..L_MergedGlobals)
                  200077c4    00000004     bleapputil_init.o (.data.BLEAppUtilEventHandlersHead)
                  200077c8    00000026     OneLib.a : OneLib_Host_Profiles_gapgattserver.obj (.data..L_MergedGlobals)
                  200077ee    00000002     StackWrapper.a : StackWrapper_Host_gap.obj (.data..L_MergedGlobals)
                  200077f0    00000024     drivers_cc23x0r5.a : PowerCC23X0.c.obj (.data..L_MergedGlobals)
                  20007814    00000024     ble_user_config.o (.data.eccParams_NISTP256)
                  20007838    00000024     OneLib.a : OneLib_LL_ble.obj (.data.rxDataQ)
                  2000785c    00000021              : OneLib_Host_GAP_gap_configmgr.obj (.data..L_MergedGlobals)
                  2000787d    00000002     drivers_cc23x0r5.a : RNGLPF3RF.c.obj (.data..L_MergedGlobals)
                  2000787f    00000001     ti_freertos_config.o (.data.ClockP_initialized)
                  20007880    00000020     OneLib.a : OneLib_LL_ll_enc.obj (.data.enckey)
                  200078a0    0000001e              : OneLib_Host_GAP_gap_configmgr.obj (.data.gapParameters)
                  200078be    0000001d     ti_ble_config.o (.data.advData1)
                  200078db    00000001     drivers_cc23x0r5.a : CryptoResourceLPF3.c.obj (.data.CryptoResourceLPF3_isInitialized)
                  200078dc    0000001c     ti_ble_config.o (.data.advParams1)
                  200078f8    0000001c     rcl_cc23x0r5.a : LRFCC23X0.c.obj (.data.lrfPhyState)
                  20007914    00000018     app_connection.o (.data..L_MergedGlobals)
                  2000792c    00000018     app_pairing.o (.data..L_MergedGlobals)
                  20007944    00000018     app_peripheral.o (.data..L_MergedGlobals)
                  2000795c    00000016     ti_ble_config.o (.data.scanResData1)
                  20007972    00000015     ti_ble_config.o (.data.attDeviceName)
                  20007987    00000013     display_cc23x0r5.a : DisplayUart2.c.obj (.data.DisplayUart2Ansi_escInitial)
                  2000799a    00000002     StackWrapper.a : StackWrapper_OSAL_osal_cbtimer.obj (.data.baseTaskID)
                  2000799c    00000010                    : StackWrapper_OSAL_osal.obj (.data..L_MergedGlobals.1)
                  200079ac    00000010     OneLib.a : OneLib_LL_ll_ae.obj (.data..L_MergedGlobals)
                  200079bc    00000010     StackWrapper.a : StackWrapper_OSAL_osal.obj (.data..L_MergedGlobals)
                  200079cc    00000010     bleapputil_init.o (.data..L_MergedGlobals)
                  200079dc    00000010     drivers_cc23x0r5.a : BatMonSupportLPF3.c.obj (.data..L_MergedGlobals)
                  200079ec    00000004     icall_POSIX.o (.data.ICall_dispatcher)
                  200079f0    00000010     ti_freertos_config.o (.data.setTS)
                  20007a00    00000010     OneLib.a : OneLib_Host_SM_sm_intpairing.obj (.data.smInitiatorCBs)
                  20007a10    0000000f     ti_ble_config.o (.data.gapBondParams)
                  20007a1f    00000001     nvocmp.o (.data.NVOCMP_failF)
                  20007a20    0000000c     OneLib.a : OneLib_Host_SM_sm_pairing.obj (.data..L_MergedGlobals)
                  20007a2c    0000000c     data_stream_profile.o (.data..L_MergedGlobals)
                  20007a38    0000000c     drivers_cc23x0r5.a : NVSLPF3.c.obj (.data..L_MergedGlobals)
                  20007a44    0000000c     rcl_cc23x0r5.a : hal_cc23x0.c.obj (.data..L_MergedGlobals)
                  20007a50    0000000c     icall_user_config.o (.data.bleAppServiceInfoTable)
                  20007a5c    0000000c     app_data.o (.data.dataGATTHandler)
                  20007a68    0000000c     data_stream_server.o (.data.dss_dataOut_userDesp)
                  20007a74    0000000c     main_freertos.o (.data.user0Cfg)
                  20007a80    0000000b     data_stream_server.o (.data.dss_dataIn_userDesp)
                  20007a8b    00000001     OneLib.a : OneLib_Host_Profiles_gattservapp.obj (.data.appTaskID)
                  20007a8c    00000009     ti_freertos_portable_config.o (.data..L_MergedGlobals)
                  20007a95    00000001     OneLib.a : OneLib_Host_Profiles_gapgattserver.obj (.data.appearanceCharProps)
                  20007a96    00000002     ble_user_config.o (.data.bleUserCfg_maxPduSize)
                  20007a98    00000008     OneLib.a : OneLib_Host_GAP_gap_advertiser.obj (.data..L_MergedGlobals)
                  20007aa0    00000008              : OneLib_Host_GAP_gap_linkmgr.obj (.data..L_MergedGlobals)
                  20007aa8    00000008              : OneLib_Host_GATT_gatt_client.obj (.data..L_MergedGlobals)
                  20007ab0    00000008              : OneLib_Host_GATT_gatt_server.obj (.data..L_MergedGlobals)
                  20007ab8    00000008              : OneLib_Host_GATT_gatt_task.obj (.data..L_MergedGlobals)
                  20007ac0    00000008     StackWrapper.a : StackWrapper_HAL_Common_hal_assert.obj (.data..L_MergedGlobals)
                  20007ac8    00000008                    : StackWrapper_OSAL_osal_bufmgr.obj (.data..L_MergedGlobals)
                  20007ad0    00000008                    : StackWrapper_OSAL_osal_clock.obj (.data..L_MergedGlobals)
                  20007ad8    00000008     app_data_stream.o (.data.ds_profileCB)
                  20007ae0    00000008     rcl_cc23x0r5.a : LRFCC23X0.c.obj (.data.fXtalInv)
                  20007ae8    00000007     OneLib.a : OneLib_Host_L2CAP_l2cap_task.obj (.data..L_MergedGlobals)
                  20007aef    00000005     display_cc23x0r5.a : DisplayUart2.c.obj (.data.DisplayUart2Ansi_escClearScreen)
                  20007af4    00000004     icall_POSIX.o (.data.ICall_enterCriticalSection)
                  20007af8    00000004     icall_POSIX.o (.data.ICall_leaveCriticalSection)
                  20007afc    00000004     ti_drivers_config.o (.data.RNGLPF3RF_noiseConditioningKeyWord0)
                  20007b00    00000004     ti_drivers_config.o (.data.RNGLPF3RF_noiseConditioningKeyWord1)
                  20007b04    00000004     ti_drivers_config.o (.data.RNGLPF3RF_noiseConditioningKeyWord2)
                  20007b08    00000004     ti_drivers_config.o (.data.RNGLPF3RF_noiseConditioningKeyWord3)
                  20007b0c    00000004     ble_user_config.o (.data.appAssertCback)
                  20007b10    00000004     OneLib.a : OneLib_Host_ATT_att_client.obj (.data.attClientNotifyTxCB)
                  20007b14    00000004              : OneLib_Host_ATT_att_server.obj (.data.attServerNotifyTxCB)
                  20007b18    00000004     data_stream_server.o (.data.dss_profileCBs)
                  20007b1c    00000004     StackWrapper.a : StackWrapper_Host_gapbondmgr.obj (.data.gapBondMgr_SyncCharCfg.pAttr)
                  20007b20    00000004     OneLib.a : OneLib_Host_Profiles_gapgattserver.obj (.data.ggs_AppCBs)
                  20007b24    00000004              : OneLib_LL_ble.obj (.data.initDataQueue)
                  20007b28    00000004              : OneLib_LL_ble.obj (.data.pAdvDataEntry)
                  20007b2c    00000004              : OneLib_Host_GAP_gap_centlinkmgr.obj (.data.pGapCentralConnCBs)
                  20007b30    00000004              : OneLib_Host_GAP_gap_perilinkmgr.obj (.data.pGapPeripheralConnCBs)
                  20007b34    00000004              : OneLib_Host_SM_sm_rsppairing.obj (.data.pSmResponderCBs)
                  20007b38    00000004     icall_api_lite.o (.data.pfnBMAlloc)
                  20007b3c    00000004     icall_api_lite.o (.data.pfnBMFree)
                  20007b40    00000004     OneLib.a : OneLib_Host_GAP_gap_task.obj (.data.pfnBondMgrCBs)
                  20007b44    00000004              : OneLib_Host_GAP_gap_linkmgr.obj (.data.pfnCentralConnCBs)
                  20007b48    00000004              : OneLib_Host_GAP_gap_linkmgr.obj (.data.pfnPeripheralConnCBs)
                  20007b4c    00000004     ti_freertos_config.o (.data.pxCurrentTCB)
                  20007b50    00000004     rcl_cc23x0r5.a : hal_cc23x0.c.obj (.data.rclPowerNotify)
                  20007b54    00000004     OneLib.a : OneLib_Host_Profiles_gattservapp.obj (.data.serviceCBsList)
                  20007b58    00000004     ti_freertos_portable_config.o (.data.uxCriticalNesting)
                  20007b5c    00000002     OneLib.a : OneLib_LL_ll.obj (.data.disconnectImmedConnId)
                  20007b5e    00000002              : OneLib_Host_L2CAP_l2cap_task.obj (.data.l2capMtuSize)
                  20007b60    00000002              : OneLib_LL_ll_peripheral_end_causes.obj (.data.llSetupNextPeripheralEvent.applyExtraSCA)
                  20007b62    00000002              : OneLib_LL_Config_ll_config.obj (.data.llUserConfig_maxPduSize)
                  20007b64    00000002              : OneLib_Host_SM_sm_mgr.obj (.data.smRspWaitingConnHandle)
                  20007b66    00000001              : OneLib_Host_ATT_att_util.obj (.data.att_sendRspOnly)
                  20007b67    00000001              : OneLib_Host_Profiles_gapgattserver.obj (.data.centAddrResCharProps)
                  20007b68    00000001     rcl_cc23x0r5.a : hal_cc23x0.c.obj (.data.channel2usage)
                  20007b69    00000001     ble_user_config.o (.data.defaultTxPowerDbm)
                  20007b6a    00000001     dev_info_service.o (.data.devInfo11073CertProps)
                  20007b6b    00000001     dev_info_service.o (.data.devInfoFirmwareRevProps)
                  20007b6c    00000001     dev_info_service.o (.data.devInfoHardwareRevProps)
                  20007b6d    00000001     dev_info_service.o (.data.devInfoMfrNameProps)
                  20007b6e    00000001     dev_info_service.o (.data.devInfoModelNumberProps)
                  20007b6f    00000001     dev_info_service.o (.data.devInfoPnpIdProps)
                  20007b70    00000001     dev_info_service.o (.data.devInfoSerialNumberProps)
                  20007b71    00000001     dev_info_service.o (.data.devInfoSoftwareRevProps)
                  20007b72    00000001     dev_info_service.o (.data.devInfoSystemIdProps)
                  20007b73    00000001     OneLib.a : OneLib_Host_Profiles_gapgattserver.obj (.data.deviceNameCharProps)
                  20007b74    00000001     data_stream_server.o (.data.dss_dataIn_props)
                  20007b75    00000001     data_stream_server.o (.data.dss_dataIn_val)
                  20007b76    00000001     data_stream_server.o (.data.dss_dataOut_props)
                  20007b77    00000001     data_stream_server.o (.data.dss_dataOut_val)
                  20007b78    00000001     OneLib.a : OneLib_LL_ll_ae.obj (.data.extScanChanMap)
                  20007b79    00000001              : OneLib_Host_GAP_gap_devmgr.obj (.data.gapState)
                  20007b7a    00000001              : OneLib_Host_GAP_gap_task.obj (.data.gapUnwantedTaskID)
                  20007b7b    00000001              : OneLib_Host_GATT_gatt_task.obj (.data.gattAppTaskID)
                  20007b7c    00000001     drivers_cc23x0r5.a : GPIOLPF3.c.obj (.data.initCalled)
                  20007b7d    00000001                        : AESCTRDRBGXX.c.obj (.data.isInitialized)
                  20007b7e    00000001                        : BatMonSupportLPF3.c.obj (.data.isInitialized)
                  20007b7f    00000001                        : NVS.c.obj (.data.isInitialized)
                  20007b80    00000001                        : TemperatureLPF3.c.obj (.data.isInitialized)
                  20007b81    00000001                        : UDMALPF3.c.obj (.data.isOpen)
                  20007b82    00000001     OneLib.a : OneLib_Host_L2CAP_l2cap_if.obj (.data.l2capFlowCtrlMode)
                  20007b83    00000001              : OneLib_Host_L2CAP_l2cap_util.obj (.data.l2capId)
                  20007b84    00000001              : OneLib_Host_L2CAP_l2cap_util.obj (.data.l2capSendNextSegment.nextIdx)
                  20007b85    00000001              : OneLib_Host_GAP_linkdb.obj (.data.linkDB_secureConnectionOnlyMode)
                  20007b86    00000001              : OneLib_LL_ll_isr.obj (.data.llUnhandleNextIntFlag)
                  20007b87    00000001     driverlib.a : lrfd.c.obj (.data.lrfdClocked)
                  20007b88    00000001     rcl_cc23x0r5.a : hal_cc23x0.c.obj (.data.lrfdClocked)
                  20007b89    00000001     OneLib.a : OneLib_Host_Profiles_gattservapp.obj (.data.maxNumPrepareWrites)
                  20007b8a    00000001              : OneLib_Host_Profiles_gapgattserver.obj (.data.periConnParamCharProps)
                  20007b8b    00000001     StackWrapper.a : StackWrapper_OSAL_osal_pwrmgr.obj (.data.pwrmgr_initialized)
                  20007b8c    00000001     OneLib.a : OneLib_LL_ll.obj (.data.qosDefaultPriorityAdvParameter)
                  20007b8d    00000001              : OneLib_LL_ll.obj (.data.qosDefaultPriorityConnParameter)
                  20007b8e    00000001              : OneLib_LL_ll.obj (.data.randomAddressConfigured)
                  20007b8f    00000001              : OneLib_Host_GATT_gatt_server.obj (.data.reqTaskId)
                  20007b90    00000001              : OneLib_Host_Profiles_gapgattserver.obj (.data.resolvablePrivateAddressOnlyCharProps)
                  20007b91    00000001     rcl_cc23x0r5.a : LRFCC23X0.c.obj (.data.rxFifoDeallocated)
                  20007b92    00000001     OneLib.a : OneLib_Host_Profiles_gattservapp.obj (.data.serviceChangedCharProps)
                  20007b93    00000001              : OneLib_Host_SM_sm_task.obj (.data.smAllowDebugKeysMode)
                  20007b94    00000001              : OneLib_Host_SM_sm_task.obj (.data.smAuthenPairingOnlyMode)

.ccfg      0    4e020000    00000800     
                  4e020000    00000800     ti_devices_config.o (.ccfg)

.stack     0    20008ce0    00000320     UNINITIALIZED
                  20008ce0    00000004     libc.a : boot_cortex_m.c.obj (.stack)
                  20008ce4    0000031c     --HOLE--

__llvm_prf_cnts 
*          0    20000000    00000000     UNINITIALIZED

__llvm_prf_bits 
*          0    20000000    00000000     UNINITIALIZED

.TI.bound:dmaChannel0ControlTableEntry 
*          0    20000400    00000010     UNINITIALIZED
                  20000400    00000010     ti_drivers_config.o (.TI.bound:dmaChannel0ControlTableEntry)

.TI.bound:dmaChannel1ControlTableEntry 
*          0    20000410    00000010     UNINITIALIZED
                  20000410    00000010     ti_drivers_config.o (.TI.bound:dmaChannel1ControlTableEntry)

.TI.bound:dmaChannel4ControlTableEntry 
*          0    20000440    00000010     UNINITIALIZED
                  20000440    00000010     drivers_cc23x0r5.a : AESCommonLPF3.c.obj (.TI.bound:dmaChannel4ControlTableEntry)

.TI.bound:dmaChannel5ControlTableEntry 
*          0    20000450    00000010     UNINITIALIZED
                  20000450    00000010     drivers_cc23x0r5.a : AESCommonLPF3.c.obj (.TI.bound:dmaChannel5ControlTableEntry)

.text      0    00000090    00029300     
                  00000090    0000092c     OneLib.a : OneLib_LL_ble.obj (.text.llProcessPeripheralControlPacket)
                  000009bc    00000904     rcl_cc23x0r5.a : ble5.c.obj (.text.RCL_Handler_BLE5_adv)
                  000012c0    000007a4     StackWrapper.a : StackWrapper_Host_gapbondmgr.obj (.text.GAPBondMgr_ProcessGAPMsg)
                  00001a64    00000608     OneLib.a : OneLib_LL_ll_peripheral_end_causes.obj (.text.llProcessPeripheralControlProcedures)
                  0000206c    000004ac     rcl_cc23x0r5.a : ble5.c.obj (.text.RCL_Handler_BLE5_conn)
                  00002518    00000480     OneLib.a : OneLib_LL_ll_adv_end_causes.obj (.text.llAdv_TaskConnect)
                  00002998    000003c0              : OneLib_LL_ll_ae.obj (.text.llSetupExtAdvLegacy)
                  00002d58    00000388              : OneLib_LL_ll_peripheral_end_causes.obj (.text.llPeripheral_TaskEnd)
                  000030e0    00000380     ecc.a : scalarMul.c.obj (.text.SCALARMUL_core)
                  00003460    00000378     StackWrapper.a : StackWrapper_Host_gapbondmgr.obj (.text.GAPBondMgr_SetParameter)
                  000037d8    0000035c     ti_freertos_config.o (.text.doPrint)
                  00003b34    00000330     ecc.a : scalarMul.c.obj (.text.ATOMICPATTERN)
                  00003e64    00000328     OneLib.a : OneLib_LL_ll_peripheral_end_causes.obj (.text.llSetupNextPeripheralEvent)
                  0000418c    00000310     ecc.a : lowlevelapi_m0_gnu.s.obj (.text)
                  0000449c    000002d0     OneLib.a : OneLib_LL_ll_scheduler.obj (.text.llScheduler)
                  0000476c    000002c8     rcl_cc23x0r5.a : LRF.c.obj (.text.LRF_applySettings)
                  00004a34    000002b0     OneLib.a : OneLib_LL_ll.obj (.text.LE_SetExtAdvEnable)
                  00004ce4    000002a4     nvocmp.o (.text.NVOCMP_initNvApi)
                  00004f88    000002a0     OneLib.a : OneLib_LL_ll.obj (.text.LE_SetExtAdvParams)
                  00005228    000002a0     rcl_cc23x0r5.a : LRFCC23X0.c.obj (.text.LRF_programFrequency)
                  000054c8    00000298     nvocmp.o (.text.NVOCMP_compactPage)
                  00005760    00000284     StackWrapper.a : StackWrapper_Host_gapbondmgr.obj (.text.GAPBondMgr_ProcessEvent)
                  000059e4    0000027c     OneLib.a : OneLib_Host_GAP_gap_scanner.obj (.text.gapScan_processAdvRptCb)
                  00005c60    00000260              : OneLib_LL_ll_common.obj (.text.llAllocConnId)
                  00005ec0    0000023c              : OneLib_Host_Profiles_gattservapp.obj (.text.GATTServApp_ReadAttr)
                  000060fc    00000230     nvocmp.o (.text.NVOCMP_addItem)
                  0000632c    00000230     rcl_cc23x0r5.a : adc_noise.c.obj (.text.RCL_Handler_ADC_Noise_getNoise)
                  0000655c    00000228     OneLib.a : OneLib_LL_ll_common.obj (.text.llRealignConn)
                  00006784    0000021c     drivers_cc23x0r5.a : AESCCMLPF3.c.obj (.text.AESCCMLPF3_processSegmentedCBCMAC)
                  000069a0    0000021c     OneLib.a : OneLib_Host_GATT_gatt_client.obj (.text.gattClientProcessMsgCB)
                  00006bbc    00000218              : OneLib_HCI_hci_event.obj (.text.LL_EnhancedConnectionCompleteCback)
                  00006dd4    00000218     rcl_cc23x0r5.a : LRFCC23X0.c.obj (.text.LRF_temperatureCompensateTrim)
                  00006fec    00000218                    : RCL.c.obj (.text.rclCommandHwi)
                  00007204    00000214     drivers_cc23x0r5.a : UART2LPF3.c.obj (.text.UART2LPF3_hwiIntFxn)
                  00007418    00000200     OneLib.a : OneLib_Host_SM_sm_rsppairing.obj (.text.smResponderSendNextKeyInfo)
                  00007618    000001e4              : OneLib_Host_SM_sm_pairing.obj (.text.smSavePairInfo)
                  000077fc    000001dc     ti_freertos_config.o (.text.mq_open)
                  000079d8    000001d8     ecc.a : scalarMul.c.obj (.text.INVERT)
                  00007bb0    000001d8     drivers_cc23x0r5.a : RNGLPF3RF.c.obj (.text.RNGLPF3RF_conditionNoiseToGenerateSeed)
                  00007d88    000001d8     OneLib.a : OneLib_LL_ll_isr.obj (.text.llRxEntryDoneEventHandleStateConnection)
                  00007f60    000001d4     rcl_cc23x0r5.a : LRFCC23X0.c.obj (.text.LRF_setupRadio)
                  00008134    000001c4     OneLib.a : OneLib_Host_GAP_gap_advertiser.obj (.text.GapAdv_create)
                  000082f8    000001c4              : OneLib_Host_GAP_gap_advertiser.obj (.text.gapAdv_controllerCb)
                  000084bc    000001c4              : OneLib_LL_ll_common.obj (.text.llProcessPeripheralConnectionCreated)
                  00008680    000001c4              : OneLib_Host_SM_sm_intpairing.obj (.text.smInitiatorSendNextKeyInfo)
                  00008844    000001c0     drivers_cc23x0r5.a : AESCMACLPF3.c.obj (.text.AESCMACLPF3_startOperation)
                  00008a04    000001b0     OneLib.a : OneLib_LL_ll.obj (.text.LL_Reset)
                  00008bb4    000001b0              : OneLib_Host_GAP_gap_task.obj (.text.gapProcessBLEEvents)
                  00008d64    000001a8     drivers_cc23x0r5.a : ECDHLPF3SW.c.obj (.text.ECDH_computeSharedSecret)
                  00008f0c    000001a8     ecc.a : scalarMul.c.obj (.text.JACADD)
                  000090b4    000001a4           : scalarMul25519.c.obj (.text.X25519_core)
                  00009258    000001a0     ti_freertos_config.o (.text.PowerCC23X0_standbyPolicy)
                  000093f8    0000019c     drivers_cc23x0r5.a : UART2LPF3.c.obj (.text.UART2LPF3_initHw)
                  00009594    00000198     OneLib.a : OneLib_LL_ll.obj (.text.LL_Init)
                  0000972c    00000194     StackWrapper.a : StackWrapper_OSAL_osal.obj (.text.osal_run_system)
                  000098c0    00000192     libclang_rt.builtins.a : adddf3.S.obj (.text)
                  00009a52    00000002     ti_drivers_config.o (.text.Board_initHook)
                  00009a54    0000018c     OneLib.a : OneLib_LL_ll_scheduler.obj (.text.llFindStartType)
                  00009be0    00000184     drivers_cc23x0r5.a : AESCCMLPF3.c.obj (.text.AESCCMLPF3_hwiFxn)
                  00009d64    00000180                        : Button.c.obj (.text.Button_clockTimeoutHandler)
                  00009ee4    00000180     OneLib.a : OneLib_Host_SM_sm_mgr.obj (.text.sm_f5)
                  0000a064    00000180              : OneLib_Host_SM_sm_intpairing.obj (.text.smpInitiatorProcessPairingRandom)
                  0000a1e4    0000017c     drivers_cc23x0r5.a : UART2LPF3.c.obj (.text.UART2_open)
                  0000a360    0000017c     StackWrapper.a : StackWrapper_Host_gapbondmgr.obj (.text.gapBondMgrAuthenticate)
                  0000a4dc    0000017c     OneLib.a : OneLib_Host_L2CAP_l2cap_task.obj (.text.l2capProcessReq)
                  0000a658    0000017c              : OneLib_LL_ll_adv_end_causes.obj (.text.llExtAdv_PostProcess)
                  0000a7d4    0000017c              : OneLib_Host_SM_sm_task.obj (.text.smProcessHCIBLEMetaEventCode)
                  0000a950    0000017a     drivers_cc23x0r5.a : AESCCMLPF3.c.obj (.text.AESCCMLPF3_oneStepOperation)
                  0000aaca    00000002     ble_user_config.o (.text.DefaultAssertCback)
                  0000aacc    00000170     OneLib.a : OneLib_Host_Profiles_gattservapp.obj (.text.gattServApp_ProcessReadByGrpTypeReq)
                  0000ac3c    00000170              : OneLib_LL_ll_common.obj (.text.llConnExists)
                  0000adac    0000016e              : OneLib_LL_ll_common.obj (.text.llSelectConn)
                  0000af1a    00000002     display_cc23x0r5.a : DisplayUart2.c.obj (.text.DisplayUart2Ansi_init)
                  0000af1c    0000016c     OneLib.a : OneLib_Host_GATT_gatt_server.obj (.text.gattServerProcessMsgCB)
                  0000b088    0000016c     ti_freertos_config.o (.text.prvTimerTask)
                  0000b1f4    00000168     OneLib.a : OneLib_LL_ll_isr.obj (.text.LL_rclAdvRxEntryDone)
                  0000b35c    00000168              : OneLib_Host_Profiles_gattservapp.obj (.text.gattServApp_ProcessMsg)
                  0000b4c4    00000164     StackWrapper.a : StackWrapper_Host_gap.obj (.text.GAP_DeviceInit)
                  0000b628    00000164     drivers_cc23x0r5.a : UART2.c.obj (.text.UART2_writeTimeoutBlocking)
                  0000b78c    00000160     OneLib.a : OneLib_Host_GAP_gap_task.obj (.text.gapProcessHCICmdCompleteEvt)
                  0000b8ec    0000015c              : OneLib_LL_ll.obj (.text.LL_ProcessEvent)
                  0000ba48    0000015c              : OneLib_LL_ll_scheduler.obj (.text.llFindNextSecTask)
                  0000bba4    00000158              : OneLib_Host_Profiles_gattservapp.obj (.text.gattServApp_ProcessReadByTypeReq)
                  0000bcfc    00000150     bleapputil_task.o (.text.BLEAppUtil_Task)
                  0000be4c    00000150     OneLib.a : OneLib_Host_Profiles_gattservapp.obj (.text.gattServApp_ProcessFindByTypeValueReq)
                  0000bf9c    00000150              : OneLib_LL_ll_common.obj (.text.llCombinePDU)
                  0000c0ec    00000150              : OneLib_LL_ll_data.obj (.text.llDynamicAlloc)
                  0000c23c    00000150     ti_freertos_config.o (.text.xQueueSemaphoreTake)
                  0000c38c    0000014c     drivers_cc23x0r5.a : RNGLPF3RF.c.obj (.text.RNGLPF3RF_getValidatedNumber)
                  0000c4d8    0000014c     OneLib.a : OneLib_Host_L2CAP_l2cap_util.obj (.text.l2capReassembleSegment)
                  0000c624    0000014c              : OneLib_LL_ll_common.obj (.text.llCalcConnMaxTimeLength)
                  0000c770    00000140              : OneLib_LL_ll_common.obj (.text.llConnCleanup)
                  0000c8b0    00000140     rcl_cc23x0r5.a : RCL_Scheduler.c.obj (.text.rclSchedulerProcessCmdStartStopTime)
                  0000c9f0    0000013c     StackWrapper.a : StackWrapper_Host_gapbondmgr.obj (.text.gapBondMgrSaveBond)
                  0000cb2c    00000138     drivers_cc23x0r5.a : NVSLPF3.c.obj (.text.NVSLPF3_write)
                  0000cc64    00000134     OneLib.a : OneLib_LL_ll_init_end_causes.obj (.text.llExtInit_PostProcess)
                  0000cd98    00000134              : OneLib_LL_ll_isr.obj (.text.llLastCmdDoneEventHandleConnectRequest)
                  0000cecc    00000130     ecc.a : ECCSW.c.obj (.text.ECCSW_validatePublicKeyWeierstrass)
                  0000cffc    00000130     nvocmp.o (.text.NVOCMP_findItem)
                  0000d12c    00000130     OneLib.a : OneLib_LL_ll_common.obj (.text.llGetNextConn)
                  0000d25c    0000012a     icall_POSIX.o (.text.ICall_waitMatch)
                  0000d386    0000012a     OneLib.a : OneLib_Host_SM_sm_mgr.obj (.text.sm_CMAC)
                  0000d4b0    00000128     StackWrapper.a : StackWrapper_Host_gapbondmgr.obj (.text.gapBondMgrEraseBonding)
                  0000d5d8    00000128     OneLib.a : OneLib_LL_ll_scheduler.obj (.text.llCheckIsSecTaskCollideWithPrimTaskInLsto)
                  0000d700    00000128     ti_freertos_config.o (.text.xQueueGenericSend)
                  0000d828    00000120     data_stream_server.o (.text.DSS_setParameter)
                  0000d948    00000120     drivers_cc23x0r5.a : ECDHLPF3SW.c.obj (.text.ECDH_generatePublicKey)
                  0000da68    00000120     OneLib.a : OneLib_LL_ll.obj (.text.LL_AddDeviceToResolvingList)
                  0000db88    0000011c              : OneLib_Host_L2CAP_l2cap_task.obj (.text.l2capProcessRsp)
                  0000dca4    0000011c              : OneLib_LL_ll_scheduler.obj (.text.llExtAdvSchedSetup)
                  0000ddc0    00000118     app_data_stream.o (.text.DS_incomingDataCB)
                  0000ded8    00000118     dev_info_service.o (.text.DevInfo_setParameter)
                  0000dff0    00000118     ble_stack_api.o (.text.bleStack_initGapBondParams)
                  0000e108    00000118     OneLib.a : OneLib_Host_Profiles_gattservapp.obj (.text.gattServApp_ProcessReadMultiReq)
                  0000e220    00000114     StackWrapper.a : StackWrapper_OSAL_osal_timers.obj (.text.osalTimerUpdate)
                  0000e334    00000114     ti_freertos_config.o (.text.xQueueReceive)
                  0000e448    00000110     OneLib.a : OneLib_Host_SM_sm_rsppairing.obj (.text.smpResponderProcessPairingRandom)
                  0000e558    0000010c              : OneLib_LL_ll_al.obj (.text.AL_AddEntry)
                  0000e664    0000010c     app_connection.o (.text.Connection_ConnEventHandler)
                  0000e770    0000010c     drivers_cc23x0r5.a : UART2LPF3.c.obj (.text.UART2Support_dmaStartRx)
                  0000e87c    0000010c     OneLib.a : OneLib_Host_GATT_gatt_client.obj (.text.gattProcessMultiReqs)
                  0000e988    00000108              : OneLib_Host_GATT_gatt_server.obj (.text.GATT_SendRsp)
                  0000ea90    00000108              : OneLib_LL_ll.obj (.text.LL_ConnUpdate)
                  0000eb98    00000108     drivers_cc23x0r5.a : UART2.c.obj (.text.UART2_writeTimeoutNonblocking)
                  0000eca0    00000108     ti_freertos_config.o (.text.prvAddNewTaskToReadyList)
                  0000eda8    00000108     OneLib.a : OneLib_Host_SM_sm_intpairing.obj (.text.smpInitiatorProcessPairingRsp)
                  0000eeb0    00000108     ti_freertos_config.o (.text.xTaskIncrementTick)
                  0000efb8    00000104     OneLib.a : OneLib_Host_SM_sm_mgr.obj (.text.sm_f6)
                  0000f0bc    00000100     drivers_cc23x0r5.a : AESCTRDRBGXX.c.obj (.text.AESCTRDRBG_reseed)
                  0000f1bc    00000100     OneLib.a : OneLib_Host_GATT_gatt_server.obj (.text.gattProcessFindInfoReq)
                  0000f2bc    00000100              : OneLib_Host_GATT_gatt_client.obj (.text.gattProcessReadByType)
                  0000f3bc    00000100              : OneLib_Host_SM_sm_pairing.obj (.text.smProcessDataMsg)
                  0000f4bc    00000100     ti_freertos_config.o (.text.xTaskResumeAll)
                  0000f5bc    000000fe     drivers_cc23x0r5.a : AESCTRDRBGXX.c.obj (.text.AESCTRDRBG_getRandomBytes)
                  0000f6ba    00000002                        : ECDHLPF3SW.c.obj (.text.ECDH_init)
                  0000f6bc    000000fc                        : AESCTRDRBGXX.c.obj (.text.AESCTRDRBG_construct)
                  0000f7b8    000000fc     OneLib.a : OneLib_LL_ll.obj (.text.LL_StartEncrypt)
                  0000f8b4    000000fc              : OneLib_LL_ll_ae.obj (.text.llFindNextAdvSet)
                  0000f9b0    000000f8     rcl_cc23x0r5.a : ble5.c.obj (.text.RCL_Handler_BLE5_updateTxBuffers)
                  0000faa8    000000f8     OneLib.a : OneLib_Host_GAP_gap_linkmgr.obj (.text.gapPairingCompleteCB)
                  0000fba0    000000f8              : OneLib_Host_SM_sm_rsppairing.obj (.text.smResponderProcessLTKReq)
                  0000fc98    000000f4     ti_freertos_config.o (.text.pvPortMalloc)
                  0000fd8c    000000f4     OneLib.a : OneLib_Host_SM_sm_rsppairing.obj (.text.smpResponderProcessIncoming)
                  0000fe80    000000f2     ecc.a : scalarMul.c.obj (.text.SCALARMUL_init)
                  0000ff72    00000002     driverlib.a : interrupt.c.obj (.text.IntDefaultHandler)
                  0000ff74    000000f0     OneLib.a : OneLib_Host_GAP_gap_advertiser.obj (.text.GapAdv_loadByHandle)
                  00010064    000000f0     ecc.a : scalarMul.c.obj (.text.SCALARMUL_final)
                  00010154    000000f0     OneLib.a : OneLib_Host_SM_sm_mgr.obj (.text.SM_VerifyAuthenSig)
                  00010244    000000f0              : OneLib_Host_SM_sm_mgr.obj (.text.sm_c1new)
                  00010334    000000f0     ti_freertos_config.o (.text.xEventGroupWaitBits)
                  00010424    000000ec     drivers_cc23x0r5.a : AESCCMLPF3.c.obj (.text.AESCCMLPF3_processOneStepCBCMACPolling)
                  00010510    000000ec     StackWrapper.a : StackWrapper_Host_gapbondmgr.obj (.text.gapBondMgrUpdateCharCfg)
                  000105fc    000000ec     OneLib.a : OneLib_Host_SM_sm_pairing.obj (.text.sm_c1)
                  000106e8    000000e8     rcl_cc23x0r5.a : RCL.c.obj (.text.rclSchedulerHwi)
                  000107d0    000000e8     OneLib.a : OneLib_Host_GAP_gap_linkmgr.obj (.text.sendAuthEvent)
                  000108b8    000000e8              : OneLib_Host_SM_sm_intpairing.obj (.text.smpInitiatorProcessIncoming)
                  000109a0    000000e4     bleapputil_process.o (.text.BLEAppUtil_processGAPEvents)
                  00010a84    000000e4     OneLib.a : OneLib_Host_SM_sm_pairing.obj (.text.SM_PasskeyUpdate)
                  00010b68    000000e4              : OneLib_Host_Profiles_gapgattserver.obj (.text.ggs_ReadAttrCB)
                  00010c4c    000000e4     rcl_cc23x0r5.a : RCL.c.obj (.text.rclDispatchHwi)
                  00010d30    000000e4                    : RCL.c.obj (.text.rclStop)
                  00010e14    000000e4     libclang_rt.builtins.a : muldf3.S.obj (.text)
                  00010ef8    000000e0     drivers_cc23x0r5.a : Button.c.obj (.text.Button_open)
                  00010fd8    000000e0     OneLib.a : OneLib_Host_ATT_att_util.obj (.text.attSendMsg)
                  000110b8    000000e0              : OneLib_Host_L2CAP_l2cap_task.obj (.text.l2capProcessConnectReq)
                  00011198    000000e0              : OneLib_Host_SM_sm_mgr.obj (.text.sm_f4)
                  00011278    000000e0              : OneLib_Host_SM_sm_mgr.obj (.text.sm_g2)
                  00011358    000000dc     data_stream_server.o (.text.DSS_writeAttrCB)
                  00011434    000000dc     drivers_cc23x0r5.a : GPIOLPF3.c.obj (.text.GPIO_init)
                  00011510    000000d8     OneLib.a : OneLib_HCI_hci_event.obj (.text.LL_ReadLocalP256PublicKeyCompleteEventCback)
                  000115e8    000000d8              : OneLib_LL_ll_scheduler.obj (.text.llAllocTask)
                  000116c0    000000d8              : OneLib_LL_ll_data.obj (.text.llDynamicFree)
                  00011798    000000d8              : OneLib_LL_ll_common.obj (.text.llSendConnEvtCallback)
                  00011870    000000d8     ti_freertos_config.o (.text.pthread_create)
                  00011948    000000d8     OneLib.a : OneLib_Host_SM_sm_rsppairing.obj (.text.smContPublicKeyExchange)
                  00011a20    000000d4              : OneLib_LL_ll_ae.obj (.text.LE_AE_SetData)
                  00011af4    000000d4              : OneLib_HCI_hci_event.obj (.text.LL_PhyUpdateCompleteEventCback)
                  00011bc8    000000d4     ble_stack_api.o (.text.bleStack_initGatt)
                  00011c9c    000000d4     ecc.a : lowlevelapi.c.obj (.text.mSET)
                  00011d70    000000d0     OneLib.a : OneLib_Host_Profiles_gattservapp.obj (.text.gattServApp_IsWriteLong)
                  00011e40    000000d0              : OneLib_Host_Profiles_gapgattserver.obj (.text.ggs_WriteAttrCB)
                  00011f10    000000d0              : OneLib_LL_ll_common.obj (.text.llProcessAdvAddrResolutionTimeout)
                  00011fe0    000000d0              : OneLib_Host_SM_sm_pairing.obj (.text.smGenerateAddrInput)
                  000120b0    000000cc     StackWrapper.a : StackWrapper_Host_gapbondmgr.obj (.text.GAPBondMgr_FindAddr)
                  0001217c    000000c8     OneLib.a : OneLib_HCI_hci_event.obj (.text.LL_RemoteConnParamReqCback)
                  00012244    000000c8              : OneLib_Host_GAP_gap_advertiser.obj (.text.gapAdv_init)
                  0001230c    000000c8     ecc.a : lowlevelapi.c.obj (.text.mINVK)
                  000123d4    000000c4     drivers_cc23x0r5.a : AESCTRLPF3.c.obj (.text.AESCTRLPF3_startOperation)
                  00012498    000000c4     dev_info_service.o (.text.DevInfo_readAttrCB)
                  0001255c    000000c4     OneLib.a : OneLib_LL_ll.obj (.text.LL_RemoveDeviceFromResolvingList)
                  00012620    000000c4              : OneLib_LL_ll_common.obj (.text.llAlignToNextEvent)
                  000126e4    000000c4     ti_freertos_config.o (.text.xTaskRemoveFromEventList)
                  000127a8    000000c0     OneLib.a : OneLib_HCI_hci_event.obj (.text.LL_EncLtkReqCback)
                  00012868    000000c0              : OneLib_HCI_hci_event.obj (.text.LL_GenerateDHKeyCompleteEventCback)
                  00012928    000000c0              : OneLib_LL_ll_privacy.obj (.text.LL_PRIV_UpdateExtALEntry)
                  000129e8    000000c0              : OneLib_LL_ll.obj (.text.LL_TxData)
                  00012aa8    000000c0     app_pairing.o (.text.Pairing_pairStateHandler)
                  00012b68    000000c0     drivers_cc23x0r5.a : UART2LPF3.c.obj (.text.UART2Support_dmaStartTx)
                  00012c28    000000c0     OneLib.a : OneLib_Host_L2CAP_l2cap_util.obj (.text.l2capSendSegment)
                  00012ce8    000000c0              : OneLib_LL_ll_ae.obj (.text.llAddAdvSortedEntry)
                  00012da8    000000c0     StackWrapper.a : StackWrapper_OSAL_osal.obj (.text.osal_set_event)
                  00012e68    000000c0     ble_user_config_stack.o (.text.setBleUserConfig)
                  00012f28    000000bc     OneLib.a : OneLib_Host_GAP_gap_linkmgr.obj (.text.GAP_Authenticate)
                  00012fe4    000000bc              : OneLib_LL_ll_enc.obj (.text.LL_ENC_GenerateDRBGRandNum)
                  000130a0    000000bc              : OneLib_Host_GAP_gap_scanner.obj (.text.gapScan_defragAdvRpt)
                  0001315c    000000bc              : OneLib_Host_Profiles_gattservapp.obj (.text.gattServApp_ProcessPrepareWriteReq)
                  00013218    000000bc              : OneLib_LL_ll_common.obj (.text.llSetupPhyCtrlPkt)
                  000132d4    000000bc              : OneLib_Host_SM_sm_rsppairing.obj (.text.smpResponderSendPairRspEvent)
                  00013390    000000b8              : OneLib_Host_GATT_gatt_server.obj (.text.GATT_RegisterService)
                  00013448    000000b8              : OneLib_HCI_hci_event.obj (.text.HCI_NumOfCompletedPacketsEvent)
                  00013500    000000b8              : OneLib_HCI_hci_event.obj (.text.LL_DataLengthChangeEventCback)
                  000135b8    000000b8              : OneLib_Host_GAP_gap_scanner.obj (.text.gapScan_processStartEndCb)
                  00013670    000000b8              : OneLib_Host_SM_sm_intpairing.obj (.text.smpInitiatorContProcessPairingPubKey)
                  00013728    000000b6     drivers_cc23x0r5.a : AESCTRLPF3.c.obj (.text.AESCTRLPF3_oneStepOperation)
                  000137de    00000002     rom_init.o (.text.MAP_llDmmDynamicFree)
                  000137e0    000000b4     StackWrapper.a : StackWrapper_Host_gapbondmgr.obj (.text.GAPBondMgr_Init)
                  00013894    000000b4     OneLib.a : OneLib_Host_GAP_gap_linkmgr.obj (.text.GAP_UpdateLinkParamReqReply)
                  00013948    000000b4              : OneLib_HCI_hci_event.obj (.text.LL_ConnParamUpdateCback)
                  000139fc    000000b4     nvocmp.o (.text.NVOCMP_erase)
                  00013ab0    000000b4     OneLib.a : OneLib_Host_GAP_gap_linkmgr.obj (.text.gapProcessConnectionCompleteEvt)
                  00013b64    000000b4              : OneLib_Host_L2CAP_l2cap_util.obj (.text.l2capDisconnectAllChannels)
                  00013c18    000000b0     display_cc23x0r5.a : DisplayUart2.c.obj (.text.DisplayUart2Ansi_vprintf)
                  00013cc8    000000b0     OneLib.a : OneLib_Host_GAP_gap_advertiser.obj (.text.GapAdv_enable)
                  00013d78    000000b0              : OneLib_Host_SM_sm_mgr.obj (.text.SM_GenerateAuthenSig)
                  00013e28    000000b0              : OneLib_Host_GAP_gap_scanner.obj (.text.gapScan_saveRptAndNotify)
                  00013ed8    000000ac              : OneLib_Host_L2CAP_l2cap_task.obj (.text.L2CAP_Init)
                  00013f84    000000ac     StackWrapper.a : StackWrapper_Host_gapbondmgr.obj (.text.gapBondMgrEraseLocalInfo)
                  00014030    000000ac                    : StackWrapper_Host_gapbondmgr.obj (.text.gapBondMgr_syncResolvingList)
                  000140dc    000000aa     drivers_cc23x0r5.a : AESCMACLPF3.c.obj (.text.AESCMACLPF3_oneStepOperation)
                  00014186    000000aa     OneLib.a : OneLib_LL_ll_common.obj (.text.llApplyParamUpdate)
                  00014230    000000a8              : OneLib_LL_ll.obj (.text.LL_EXT_GetConnInfo)
                  000142d8    000000a8              : OneLib_HCI_hci_data.obj (.text.LL_RxDataCompleteCback)
                  00014380    000000a8              : OneLib_Host_GATT_gatt_client.obj (.text.gattProcessReliableWrites)
                  00014428    000000a8              : OneLib_Host_GATT_gatt_task.obj (.text.gattProcessRxData)
                  000144d0    000000a8              : OneLib_Host_SM_sm_mgr.obj (.text.generate_subkey)
                  00014578    000000a8              : OneLib_Host_GAP_linkdb.obj (.text.linkDB_Add)
                  00014620    000000a4     drivers_cc23x0r5.a : AESCCMLPF3.c.obj (.text.AESCCMLPF3_processSegmentedCTR)
                  000146c4    000000a4     OneLib.a : OneLib_Host_Profiles_gattservapp.obj (.text.GATTServApp_Init)
                  00014768    000000a4              : OneLib_Host_GATT_gatt_task.obj (.text.GATT_bm_alloc)
                  0001480c    000000a4     rcl_cc23x0r5.a : LRF.c.obj (.text.LRF_TxPowerTable_findValue)
                  000148b0    000000a4     OneLib.a : OneLib_Host_SM_sm_task.obj (.text.SM_ProcessEvent)
                  00014954    000000a4     StackWrapper.a : StackWrapper_Host_gapbondmgr.obj (.text.gapBondStateStartSecurity)
                  000149f8    000000a4     OneLib.a : OneLib_Host_GAP_gap_centlinkmgr.obj (.text.gapCentProcessSignalEvt)
                  00014a9c    000000a4              : OneLib_Host_Profiles_gattservapp.obj (.text.gattServApp_HandleConnStatusCB)
                  00014b40    000000a4              : OneLib_LL_ll_scheduler.obj (.text.llFreeTask)
                  00014be4    000000a4              : OneLib_Host_SM_sm_pairing.obj (.text.smF5Wrapper)
                  00014c88    000000a4              : OneLib_Host_SM_sm_pairing.obj (.text.smProcessEncryptChange)
                  00014d2c    000000a4     ti_freertos_config.o (.text.vTaskRemoveFromUnorderedEventList)
                  00014dd0    000000a4     ti_freertos_config.o (.text.xQueueGenericSendFromISR)
                  00014e74    000000a2     OneLib.a : OneLib_Host_GATT_gatt_server.obj (.text.GATT_VerifyWritePermissions)
                  00014f16    00000002     rom_init.o (.text.MAP_llDmmSetThreshold)
                  00014f18    000000a2     libclang_rt.builtins.a : udivmoddi4.S.obj (.text)
                  00014fba    00000002     rom_init.o (.text.MAP_llHealthUpdate)
                  00014fbc    000000a0     OneLib.a : OneLib_HCI_hci_event.obj (.text.LL_EXT_ChanMapUpdateCback)
                  0001505c    000000a0              : OneLib_LL_ll_ae.obj (.text.LL_GetAdvSet)
                  000150fc    000000a0     rcl_cc23x0r5.a : ble5.c.obj (.text.RCL_Handler_BLE5_updateAuxPtr)
                  0001519c    0000009c     drivers_cc23x0r5.a : AESECBLPF3.c.obj (.text.AESECBLPF3_startOperation)
                  00015238    0000009c     OneLib.a : OneLib_LL_ll.obj (.text.LL_CreateConnCancel)
                  000152d4    0000009c     drivers_cc23x0r5.a : PowerCC23X0.c.obj (.text.Power_init)
                  00015370    0000009c     StackWrapper.a : StackWrapper_OSAL_osal_cbtimer.obj (.text.cbTimerSetup)
                  0001540c    0000009c     drivers_cc23x0r5.a : NVSLPF3.c.obj (.text.doErase)
                  000154a8    0000009c     OneLib.a : OneLib_LL_ll_ecc.obj (.text.ll_GenerateDHKey)
                  00015544    0000009c              : OneLib_Host_SM_sm_pairing.obj (.text.smGetECCKeys)
                  000155e0    0000009c     ti_freertos_config.o (.text.vTaskSuspend)
                  0001567c    0000009a     drivers_cc23x0r5.a : UART2.c.obj (.text.UART2_writeCancel)
                  00015716    0000009a     OneLib.a : OneLib_Host_Profiles_gattservapp.obj (.text.gattServApp_ProcessWriteReq)
                  000157b0    00000098     icall_POSIX.o (.text.ICall_send)
                  00015848    00000098     OneLib.a : OneLib_LL_ll.obj (.text.LL_SetRandomAddress)
                  000158e0    00000098     rcl_cc23x0r5.a : RCL_Buffer.c.obj (.text.RCL_MultiBuffer_RxEntry_next)
                  00015978    00000098     ti_freertos_config.o (.text.clock_gettime)
                  00015a10    00000098     OneLib.a : OneLib_Host_Profiles_gattservapp.obj (.text.gattServApp_ProcessReadBlobReq)
                  00015aa8    00000098              : OneLib_Host_Profiles_gattservapp.obj (.text.gattServApp_SetNumPrepareWrites)
                  00015b40    00000098              : OneLib_LL_ll_common.obj (.text.llFindNextConn)
                  00015bd8    00000098     ti_freertos_config.o (.text.vTaskDelete)
                  00015c70    00000094     OneLib.a : OneLib_HCI_hci_event.obj (.text.HCI_CommandCompleteEvent)
                  00015d04    00000094              : OneLib_LL_ll_privacy.obj (.text.LL_PRIV_AddExtALEntry)
                  00015d98    00000094     drivers_cc23x0r5.a : NVSLPF3.c.obj (.text.NVSLPF3_open)
                  00015e2c    00000094     rcl_cc23x0r5.a : RCL_Scheduler.c.obj (.text.RCL_Scheduler_setStopTimes)
                  00015ec0    00000094     OneLib.a : OneLib_Host_SM_sm_pairing.obj (.text.SM_StartPairing)
                  00015f54    00000094     ecc.a : scalarMul.c.obj (.text.SQUAREMULTIPLYWORD)
                  00015fe8    00000094     OneLib.a : OneLib_Host_Profiles_gattservapp.obj (.text.gattServApp_ProcessReadReq)
                  0001607c    00000094              : OneLib_Host_L2CAP_l2cap_util.obj (.text.l2capEncapSendData)
                  00016110    00000094              : OneLib_Host_L2CAP_l2cap_util.obj (.text.l2capSendConnectRsp)
                  000161a4    00000094              : OneLib_LL_ll_scheduler.obj (.text.llCmdStartedEventHandle)
                  00016238    00000094     StackWrapper.a : StackWrapper_OSAL_osal_cbtimer.obj (.text.osal_CbTimerProcessEvent)
                  000162cc    00000092     OneLib.a : OneLib_LL_ll_common.obj (.text.llSetupEncRsp)
                  0001635e    00000092     ti_freertos_config.o (.text.xQueueGenericReset)
                  000163f0    00000092     driverlib.a : aes_ticlang.s.obj (.text)
                  00016482    00000002     rom_init.o (.text.MAP_llProcessCentralConnectionCreated)
                  00016484    00000090     display_cc23x0r5.a : DisplayUart2.c.obj (.text.DisplayUart2Ansi_clearLines)
                  00016514    00000090     OneLib.a : OneLib_Host_GAP_gap_linkmgr.obj (.text.GAP_Bond)
                  000165a4    00000090              : OneLib_Host_L2CAP_l2cap_if.obj (.text.L2CAP_SendData)
                  00016634    00000090     rcl_cc23x0r5.a : RCL_Buffer.c.obj (.text.RCL_MultiBuffer_RxEntry_get)
                  000166c4    00000090     drivers_cc23x0r5.a : UART2LPF3.c.obj (.text.UART2_close)
                  00016754    00000090     OneLib.a : OneLib_LL_ll_ecc.obj (.text.ll_ReadLocalP256PublicKey)
                  000167e4    00000090     ti_freertos_config.o (.text.xQueueReceiveFromISR)
                  00016874    00000090     ecc.a : lowlevelapi.c.obj (.text.zSUB)
                  00016904    0000008e     OneLib.a : OneLib_Host_GATT_gatt_task.obj (.text.gattGetPayload)
                  00016992    0000008e              : OneLib_LL_ll_common.obj (.text.llValidateConnParams)
                  00016a20    0000008c              : OneLib_Host_GATT_gatt_server.obj (.text.GATT_FindNextAttr)
                  00016aac    0000008c              : OneLib_Host_GATT_gatt_client.obj (.text.gattClientHandleConnStatusCB)
                  00016b38    0000008c              : OneLib_Host_GATT_gatt_server.obj (.text.gattServerHandleConnStatusCB)
                  00016bc4    0000008c              : OneLib_Host_L2CAP_l2cap_util.obj (.text.l2capSendReq)
                  00016c50    0000008c     osal_icall_ble.o (.text.osalInitTasks)
                  00016cdc    0000008c     StackWrapper.a : StackWrapper_OSAL_osal.obj (.text.osal_msg_enqueue_push)
                  00016d68    0000008c     OneLib.a : OneLib_Host_SM_sm_pairing.obj (.text.smUpdateEncInfo)
                  00016df4    0000008c     ti_freertos_config.o (.text.vTaskPriorityDisinheritAfterTimeout)
                  00016e80    0000008c     ti_freertos_config.o (.text.xQueueGiveFromISR)
                  00016f0c    0000008c     ti_freertos_config.o (.text.xTaskPriorityInherit)
                  00016f98    0000008a     ecc.a : lowlevelapi.c.obj (.text.zMACC32)
                  00017022    00000002     rom_init.o (.text.MAP_llProcessCentralControlPacket)
                  00017024    00000088     drivers_cc23x0r5.a : AESCTRLPF3.c.obj (.text.AESCTRLPF3_processData)
                  000170ac    00000088     StackWrapper.a : StackWrapper_Host_gapbondmgr.obj (.text.GAPBondMgr_ServiceChangeInd)
                  00017134    00000088     OneLib.a : OneLib_Host_GATT_gatt_client.obj (.text.GATT_InitClient)
                  000171bc    00000088              : OneLib_HCI_hci_event.obj (.text.HCI_SendCommandCompleteEvent)
                  00017244    00000088              : OneLib_HCI_hci_event.obj (.text.LL_ChannelSelectionAlgorithmCback)
                  000172cc    00000088              : OneLib_HCI_hci_event.obj (.text.LL_EncChangeCback)
                  00017354    00000088              : OneLib_LL_ll_privacy.obj (.text.LL_PRIV_FindExtALEntry)
                  000173dc    00000088              : OneLib_Host_GAP_gap_scanner.obj (.text.gapScan_sendSessionEndEvt)
                  00017464    00000088     StackWrapper.a : StackWrapper_ICallBLE_icall_lite_translation.obj (.text.icall_liteTranslation)
                  000174ec    00000088     OneLib.a : OneLib_Host_SM_sm_rsppairing.obj (.text.smpResponderProcessPairingConfirm)
                  00017574    00000088     ti_freertos_config.o (.text.vTaskSwitchContext)
                  000175fc    00000088     ti_freertos_config.o (.text.xEventGroupSetBits)
                  00017684    00000086     OneLib.a : OneLib_LL_ll.obj (.text.LL_RemoteConnParamReqReply)
                  0001770a    00000086     rcl_cc23x0r5.a : ble5.c.obj (.text.RCL_Handler_BLE5_getAuxPtr)
                  00017790    00000086     OneLib.a : OneLib_Host_SMP_smp.obj (.text.smpBuildPairingReqRsp)
                  00017816    00000086              : OneLib_Host_SMP_smp.obj (.text.smpParsePairingReq)
                  0001789c    00000084              : OneLib_Host_Profiles_gattservapp.obj (.text.GATTServApp_WriteAttr)
                  00017920    00000084              : OneLib_LL_ll_privacy.obj (.text.LL_PRIV_FindPeerInRL)
                  000179a4    00000084     rcl_cc23x0r5.a : RCL_AdcNoise.c.obj (.text.RCL_AdcNoise_get_samples_blocking)
                  00017a28    00000084     ti_freertos_config.o (.text.formatNum)
                  00017aac    00000084     OneLib.a : OneLib_Host_GATT_gatt_client.obj (.text.gattProcessWriteLong)
                  00017b30    00000084              : OneLib_Host_Profiles_gattservapp.obj (.text.gattServApp_ProcessReliableWrites)
                  00017bb4    00000084              : OneLib_Host_L2CAP_l2cap_util.obj (.text.l2capNotifyCreditEvt)
                  00017c38    00000084              : OneLib_Host_L2CAP_l2cap_task.obj (.text.l2capProcessRxData)
                  00017cbc    00000084              : OneLib_LL_ble.obj (.text.llManageControlPacketQueue)
                  00017d40    00000084              : OneLib_LL_ll_common.obj (.text.llProcessTxData)
                  00017dc4    00000084              : OneLib_LL_ll_scheduler.obj (.text.llScheduleTask)
                  00017e48    00000084              : OneLib_LL_ll_common.obj (.text.llSetupConnParamReq)
                  00017ecc    00000084              : OneLib_LL_ll_common.obj (.text.llSetupConnParamRsp)
                  00017f50    00000084     ti_freertos_config.o (.text.memalign)
                  00017fd4    00000084     OneLib.a : OneLib_Host_SM_sm_pairing.obj (.text.smGenerateDHKeyCheck)
                  00018058    00000084     driverlib.a : udma.c.obj (.text.uDMASetChannelTransfer)
                  000180dc    00000080     drivers_cc23x0r5.a : AESCTRLPF3.c.obj (.text.AESCTRLPF3_hwiFxn)
                  0001815c    00000080     OneLib.a : OneLib_Host_L2CAP_l2cap_task.obj (.text.L2CAP_ProcessEvent)
                  000181dc    00000080              : OneLib_LL_ll.obj (.text.LL_EXT_GetActiveConnInfo)
                  0001825c    00000080              : OneLib_HCI_hci_event.obj (.text.LL_EncKeyRefreshCback)
                  000182dc    00000080              : OneLib_Host_Profiles_gattservapp.obj (.text.gattServApp_EnqueueReTx)
                  0001835c    00000080              : OneLib_Host_Profiles_gattservapp.obj (.text.gattServApp_buildReadByTypeRsp)
                  000183dc    00000080              : OneLib_LL_ll_common.obj (.text.llCheckAcceptListUsage)
                  0001845c    00000080              : OneLib_LL_ll_common.obj (.text.llReplaceCtrlPkt)
                  000184dc    00000080              : OneLib_LL_ble.obj (.text.llReplaceRxBuffers)
                  0001855c    00000080     ti_freertos_config.o (.text.prvAddCurrentTaskToDelayedList)
                  000185dc    0000007e     ecc.a : scalarMul25519.c.obj (.text.X25519_final)
                  0001865a    0000007e     OneLib.a : OneLib_LL_ll_common.obj (.text.llSetupLenCtrlPkt)
                  000186d8    0000007c     ti_freertos_config.o (.text.ClockP_hwiCallback)
                  00018754    0000007c     OneLib.a : OneLib_Host_GATT_gatt_server.obj (.text.GATT_ServiceChangedInd)
                  000187d0    0000007c              : OneLib_HCI_hci_event.obj (.text.HCI_HardwareErrorEvent)
                  0001884c    0000007c              : OneLib_Host_L2CAP_l2cap_if.obj (.text.L2CAP_ConnParamUpdateReq)
                  000188c8    0000007c              : OneLib_HCI_hci_event.obj (.text.LL_AuthPayloadTimeoutExpiredCback)
                  00018944    0000007c              : OneLib_HCI_hci_event.obj (.text.LL_DisconnectCback)
                  000189c0    0000007c              : OneLib_LL_ll_privacy.obj (.text.LL_PRIV_CheckRLPeerIdEntry)
                  00018a3c    0000007c     menu_module.o (.text.MenuModule_printMenuNavBar)
                  00018ab8    0000007c     StackWrapper.a : StackWrapper_Host_gapbondmgr.obj (.text.gapBondMgr_SyncCharCfg)
                  00018b34    0000007c     OneLib.a : OneLib_Host_GAP_gap_task.obj (.text.gapProcessOSALMsg)
                  00018bb0    0000007c              : OneLib_LL_ll_common.obj (.text.llCBTimer_AptoExpiredCback)
                  00018c2c    0000007c              : OneLib_LL_ll_common.obj (.text.llVerifyConnParamReqParams)
                  00018ca8    0000007c              : OneLib_Host_SM_sm_intpairing.obj (.text.smpInitiatorProcessPairingPubKey)
                  00018d24    0000007c     drivers_cc23x0r5.a : TemperatureLPF3.c.obj (.text.temperatureEventCb)
                  00018da0    0000007c     ti_freertos_config.o (.text.xTaskPriorityDisinherit)
                  00018e1c    0000007a     OneLib.a : OneLib_Host_GATT_gatt_client.obj (.text.gattResetClientInfo)
                  00018e96    00000002     rom_init.o (.text.MAP_llProcessScanTimeout)
                  00018e98    00000078     ti_freertos_config.o (.text.ClockP_startup)
                  00018f10    00000078     ecc.a : ECCSW.c.obj (.text.ECCSW_validatePrivateKeyWeierstrass)
                  00018f88    00000078     ti_freertos_config.o (.text.HwiP_construct)
                  00019000    00000078     icall_POSIX.o (.text.ICall_createRemoteTasksAtRuntime)
                  00019078    00000078     icall_POSIX.o (.text.ICall_setTimer)
                  000190f0    00000078     OneLib.a : OneLib_LL_ll_enc.obj (.text.LL_ENC_Decrypt)
                  00019168    00000078              : OneLib_LL_ll.obj (.text.LL_EXT_SetMaxDataLen)
                  000191e0    00000078     nvocmp.o (.text.NVOCMP_writeItemApi)
                  00019258    00000078     drivers_cc23x0r5.a : PowerCC23X0.c.obj (.text.PowerCC23X0_oscillatorISR)
                  000192d0    00000078     rcl_cc23x0r5.a : RCL_Scheduler.c.obj (.text.RCL_Scheduler_findStopStatus)
                  00019348    00000078     OneLib.a : OneLib_Host_GAP_gap_perilinkmgr.obj (.text.gapPeriProcessSignalEvt)
                  000193c0    00000078     rcl_cc23x0r5.a : hal_cc23x0.c.obj (.text.hal_init_fsm)
                  00019438    00000078     OneLib.a : OneLib_LL_ll_common.obj (.text.llSetupFeatureSetRsp)
                  000194b0    00000078              : OneLib_LL_ll_common.obj (.text.llWriteTxData)
                  00019528    00000078     StackWrapper.a : StackWrapper_OSAL_osal.obj (.text.osal_msg_receive)
                  000195a0    00000078     OneLib.a : OneLib_Host_GAP_gap_linkmgr.obj (.text.sendEstLinkEvent)
                  00019618    00000076     drivers_cc23x0r5.a : AESCTRDRBGXX.c.obj (.text.AESCTRDRBGXX_updateState)
                  0001968e    00000076     OneLib.a : OneLib_LL_ll_common.obj (.text.llFragmentPDU)
                  00019704    00000076     ti_freertos_config.o (.text.prvCopyDataToQueue)
                  0001977a    00000002     rom_init.o (.text.MAP_llSetTaskCentral)
[...]
20006850  extScanCmd                                   
20006888  l2capFixedChannels                           
200068b8  linkCBs                                      
200068e8  NVOCMP_nvHandle                              
20006916  attrLen                                      
20006918  AESECBLPF3_objects                           
20006944  mutex                                        
20006970  rclSchedulerState                            
2000699c  extScanParam                                 
200069e8  operationCCM                                 
20006a4c  RNG_instancePool                             
20006a6c  gapBond_localOobData                         
20006a8c  localPrivKeyMaterial                         
20006aac  req                                          
20006b20  CryptoResourceLPF3_hwi                       
20006b3c  clockHwi                                     
20006b58  gapParams                                    
20006b74  connOutput                                   
20006b8c  rsp                                          
20006bcc  operationComputeSharedSecret                 
20006be0  powerAwakeStandbyObj                         
20006bf4  sysTimerTimeouts                             
20006c08  deviceFeatureSet                             
20006c1a  buildInfo                                    
20006c1c  cryptoKey                                    
20006c2c  eccParams                                    
20006c3c  encParamsCCM                                 
20006c4c  encParamsECB                                 
20006c5c  localPrivateKey                              
20006c6c  localPublicKey                               
20006c7c  operationECB                                 
20006c8c  operationGeneratePublicKey                   
20006c9c  rclState                                     
20006cac  remotePublicKey                              
20006cbc  sharedSecret                                 
20006cdc  cachedTRNGdata                               
20006ce8  displayUart2Object                           
20006cf4  llTaskList                                   
20006d00  swParamList                                  
20006d2c  BLEAppUtil_theardEntity                      
20006d34  POSIX_args                                   
20006d3c  RNGLPF3RF_objects                            
20006d44  gattReTxList                                 
20006d4c  llConnEvtNotice                              
20006d54  llConns                                      
20006d5c  llRfCmdPreemption                            
20006d64  pBleEvtMask                                  
20006d6c  pHciEvtMask                                  
20006d74  pHciEvtMask2                                 
20006d7c  peripheralUpdateReq                          
20006d84  privInfo                                     
20006d8c  workerThreadEntity                           
20006d94  gapCurrentRandomAddr                         
20006d9a  connInitialMaxTxOctets                       
20006d9c  ownPublicAddr                                
20006da2  connInitialMaxTxTime                         
20006da4  ownRandomAddr                                
20006daa  connInitialMaxTxTimeCoded                    
20006dac  ownSavedPublicAddr                           
20006db2  verInfo                                      
20006db8  defaultChannelMap                            
20006dbd  secondaryAdvChannelMap                       
20006dc2  connInitialMaxTxTimeUncoded                  
20006de0  BDAddrPerConnHandle                          
20006de4  RemoteTask                                   
20006de8  SysBootMsg                                   
20006dec  activeConns                                  
20006df0  alTable                                      
20006df4  alTableScan                                  
20006df8  appInitDoneHandler                           
20006dfc  clientInfoTbl                                
20006e00  drbgHandle                                   
20006e04  dtmInfo                                      
20006e08  ecdhHandle                                   
20006e0c  encHandleCCM                                 
20006e10  encHandleECB                                 
20006e14  errorHandlerCb                               
20006e18  extStackSettings                             
20006e1c  gapScanUarg                                  
20006e20  handle_left                                  
20006e24  handle_right                                 
20006e28  l2capChannels                                
20006e2c  l2capPsm                                     
20006e30  linkCmd                                      
20006e34  linkDB                                       
20006e38  linkParam                                    
20006e3c  operationResult                              
20006e40  osal_last_timestamp                          
20006e44  osal_max_msecs                               
20006e48  osal_qHead                                   
20006e4c  osal_syncHandle                              
20006e50  osal_tickperiod                              
20006e54  pNextAdvSet                                  
20006e58  pRfPathComp                                  
20006e5c  prepareWritesTbl                             
20006e60  resolvingList                                
20006e64  rfHandle                                     
20006e68  serverInfoTbl                                
20006e6c  taskEndAction                                
20006e70  tasksEvents                                  
20006e74  timerHead                                    
20006e78  trngHandle                                   
20006e7c  txDataQ                                      
20006e80  maximumPduSize                               
20006e82  numHostBufs                                  
20006e84  postRfOperations                             
20006e86  pwrmgr_attribute                             
20006e88  supportedMaxRxOctets                         
20006e8a  supportedMaxRxTime                           
20006e8c  supportedMaxTxOctets                         
20006e8e  supportedMaxTxTime                           
20006e90  GATTServApp_TaskID                           
20006e91  LL_TaskID                                    
20006e92  NVOCMP_size                                  
20006e93  NVSLPF3_objects                              
20006e94  adcNoiseHandlerState                         
20006e95  aeCurAdvEnableHandle                         
20006e96  aeCurConnHandle                              
20006e97  aeCurHandle                                  
20006e98  alSize                                       
20006e99  ctrlToHostEnable                             
20006e9a  curTxPowerVal                                
20006e9b  defaultPhy                                   
20006e9c  extInitIndex                                 
20006e9d  extScanIndex                                 
20006e9e  fastTxRespTime                               
20006e9f  fltPduTypeMask                               
20006ea0  fltPduTypeWanted                             
20006ea1  gAction                                      
20006ea2  gapDeviceAddrMode                            
20006ea3  gapScanEndReason                             
20006ea4  gapScanMaxNumReport                          
20006ea5  gapScanPackedAdvRptSize                      
20006ea6  gapTaskID                                    
20006ea7  gattNumConns                                 
20006ea8  gattTaskID                                   
20006ea9  hciGapTaskID                                 
20006eaa  hciL2capTaskID                               
20006eab  hciPTMenabled                                
20006eac  hciSmpTaskID                                 
20006ead  hciTaskID                                    
20006eae  hciTestTaskID                                
20006eaf  hciVsEvtMask                                 
20006eb0  icall_liteTaskId                             
20006eb1  l2capNumChannels                             
20006eb2  l2capTaskID                                  
20006eb3  l2cap_gattServAppTaskID                      
20006eb4  linkDBNumConns                               
20006eb5  llState                                      
20006eb6  maxNumConns                                  
20006eb7  maxNumTxDataBufs                             
20006eb8  maxTxPwrForDTM                               
20006eb9  numActiveAdvSets                             
20006eba  numComplPkts                                 
20006ebb  numComplPktsFlush                            
20006ebc  numComplPktsLimit                            
20006ebd  numTxDataBufs                                
20006ebe  onePktPerEvt                                 
20006ebf  osal_entity                                  
20006ec0  peripheralAdvHandle_1                        
20006ec1  rfFeModeBias                                 
20006ec2  rlSize                                       
20006ec3  rxFifoFlowCtrl                               
20006ec4  scanReqRpt                                   
20006ec5  secondaryAdvChannelMapPopCount               
20006ec6  slOverride                                   
20006ec7  smGenerateDHKeyStatus                        
20006ec8  smReadLocalP256PublicKeyStatus               
20006ec9  smTaskID                                     
20007000  gapAttrTbl                                   
2000723a  pRandomAddress                               
20007290  HwiP_swiPIntNum                              
20007400  gpioPinConfigs                               
20007468  gapBond_removeLRUBond                        
20007469  gapBond_syncRL                               
20007484  gapBondStateNodeHead                         
20007488  gapBond_lruBondList                          
20007498  clientCbs                                    
200074ac  gapBond_remoteOobData                        
2000752c  GATTServApp_att_delayed_req                  
2000752d  GATTServApp_gatt_no_service_changed          
20007530  pAttrValue                                   
20007534  gattAttrTbl_gatt_no_service_changed          
20007544  gattAttrTbl                                  
20007628  sm_eccKeys_sc_host_debug                     
200076a8  gapInitCreateConnCmdSize                     
200076a9  gapInitPhyParamsSize                         
200076ac  pGapInitCreateConnCmd                        
200076b0  gapInitPhyParam                              
200076e0  scanResToDiscard                             
200076e1  gapScanSetParamsCmdSize                      
200076e2  gapScanPhyParamSize                          
200076e3  gapScanEnableCmdSize                         
200076e4  gapScanAdvRptFragSize                        
200076e5  gapScanEvtAdvRptSize                         
200076e6  gapScanEvtEndSize                            
200076e7  gapScanAdvRptSessionSize                     
200076e8  gapScanSessionEndEventSize                   
200076ec  gapScanEvtMask                               
200076f0  pGapScanSession                              
200076f4  pGapScanSetParamsCmd                         
200076f8  pGapScanSetEnableCmd                         
200076fc  pGapScanAdvRptList                           
20007700  gapScan_appEvtProcess                        
20007704  gapScanPhyParams                             
2000770e  gapScanParams                                
20007718  llUserConfig                                 
20007772  smExpectAppKeysInd                           
20007773  SM_appTaskID                                 
20007774  appMainPeriCentParams                        
2000777c  appMainParams                                
200077a0  dispHandle                                   
200077c4  BLEAppUtilEventHandlersHead                  
200077c8  centAddrRes                                  
200077c9  resolvablePrivateAddressOnly                 
200077ca  appearance                                   
200077d0  periConnParameters                           
200077d8  deviceName                                   
200077ee  gapAppTaskID                                 
200077ef  gapEndAppTaskID                              
20007814  eccParams_NISTP256                           
20007838  rxDataQ                                      
2000785c  gapProfileRole                               
2000785d  gapConfig_IRK                                
2000786d  gapConfig_SRK                                
20007880  enckey                                       
200078a0  gapParameters                                
200078be  advData1                                     
200078dc  advParams1                                   
20007914  connectionConnHandler                        
20007920  connectionHciGAPHandler                      
2000792c  pairingPasscodeHandler                       
20007938  PairingPairStateHandler                      
20007944  peripheralConnHandler                        
20007950  peripheralAdvHandler                         
2000795c  scanResData1                                 
20007972  attDeviceName                                
20007987  DisplayUart2Ansi_escInitial                  
2000799a  baseTaskID                                   
200079ac  maxSupportedAdvSets                          
200079ad  aePeripheralSCA                              
200079b0  advSetList                                   
200079b4  extScanInfo                                  
200079b8  extInitInfo                                  
200079c0  osal_eventloop_hook                          
200079c4  osal_icallMsg_hook                           
200079cc  BLEAppUtilLocal_GeneralParams                
200079d0  BLEAppUtilLocal_PeriCentParams               
200079d4  BLEAppUtil_bondMgrCBs                        
200079ec  ICall_dispatcher                             
20007a00  smInitiatorCBs                               
20007a10  gapBondParams                                
20007a20  pPairingParams                               
20007a24  pfnResponderCBs                              
20007a28  pfnInitiatorCBs                              
20007a44  halSchedFsmCb                                
20007a48  halDispatchFsmCb                             
20007a4c  halCommandFsmCb                              
20007a50  bleAppServiceInfoTable                       
20007a5c  dataGATTHandler                              
20007a74  user0Cfg                                     
20007a8b  appTaskID                                    
20007a95  appearanceCharProps                          
20007a96  bleUserCfg_maxPduSize                        
20007a98  advCount                                     
20007a99  updateState                                  
20007a9a  updateHandle                                 
20007a9b  advInit                                      
20007a9c  pGapAdvHostInfo                              
20007aa0  terminateReason                              
20007aa2  peripheralConnHandle                         
20007aa4  pAuthLink                                    
20007aa8  indTaskId                                    
20007aac  pClientSecCBs                                
20007ab0  nextHandle                                   
20007ab4  pServiceList                                 
20007ab8  pfnServerProcessMsgCB                        
20007abc  pfnClientProcessMsgCB                        
20007ac0  assertSubcause                               
20007ac1  legacyMode                                   
20007ac4  halAssertCback                               
20007ac8  bm_preReleaseBuffCB                          
20007ad0  OSAL_timeSeconds                             
20007ae0  fXtalInv                                     
20007ae8  l2capNumDataPkts                             
20007ae9  flowCtrlTaskId                               
20007aea  flowCtrlFwdTaskId                            
20007aeb  l2capNumPSM                                  
20007aec  l2capNumCoChannels                           
20007aed  l2capUserConfig                              
20007aef  DisplayUart2Ansi_escClearScreen              
20007af4  ICall_enterCriticalSection                   
20007af8  ICall_leaveCriticalSection                   
20007afc  RNGLPF3RF_noiseConditioningKeyWord0          
20007b00  RNGLPF3RF_noiseConditioningKeyWord1          
20007b04  RNGLPF3RF_noiseConditioningKeyWord2          
20007b08  RNGLPF3RF_noiseConditioningKeyWord3          
20007b0c  appAssertCback                               
20007b10  attClientNotifyTxCB                          
20007b14  attServerNotifyTxCB                          
20007b20  ggs_AppCBs                                   
20007b24  initDataQueue                                
20007b28  pAdvDataEntry                                
20007b2c  pGapCentralConnCBs                           
20007b30  pGapPeripheralConnCBs                        
20007b34  pSmResponderCBs                              
20007b38  pfnBMAlloc                                   
20007b3c  pfnBMFree                                    
20007b40  pfnBondMgrCBs                                
20007b44  pfnCentralConnCBs                            
20007b48  pfnPeripheralConnCBs                         
20007b4c  pxCurrentTCB                                 
20007b54  serviceCBsList                               
20007b5c  disconnectImmedConnId                        
20007b5e  l2capMtuSize                                 
20007b62  llUserConfig_maxPduSize                      
20007b64  smRspWaitingConnHandle                       
20007b66  att_sendRspOnly                              
20007b67  centAddrResCharProps                         
20007b68  channel2usage                                
20007b69  defaultTxPowerDbm                            
20007b73  deviceNameCharProps                          
20007b78  extScanChanMap                               
20007b79  gapState                                     
20007b7a  gapUnwantedTaskID                            
20007b7b  gattAppTaskID                                
20007b82  l2capFlowCtrlMode                            
20007b83  l2capId                                      
20007b85  linkDB_secureConnectionOnlyMode              
20007b86  llUnhandleNextIntFlag                        
20007b89  maxNumPrepareWrites                          
20007b8a  periConnParamCharProps                       
20007b8b  pwrmgr_initialized                           
20007b8c  qosDefaultPriorityAdvParameter               
20007b8d  qosDefaultPriorityConnParameter              
20007b8e  randomAddressConfigured                      
20007b8f  reqTaskId                                    
20007b90  resolvablePrivateAddressOnlyCharProps        
20007b93  smAllowDebugKeysMode                         
20007b94  smAuthenPairingOnlyMode                      
20008ce0  __stack                                      
20009000  __STACK_END                                  
20009000  __STACK_TOP                                  
20009000  __UNUSED_SRAM_end__                          
4e020000  ccfg                                         
ffffffff  __TI_pprof_out_hndl                          
ffffffff  __TI_prof_data_size                          
ffffffff  __TI_prof_data_start                         
ffffffff  __binit__                                    
ffffffff  binit                                        
UNDEFED   RCL_Debug_assertProxy                        
UNDEFED   RCL_Profiling_eventHook                      
UNDEFED   RCL_Tracer_disable                           
UNDEFED   RCL_Tracer_enable                            
UNDEFED   __mpu_init                                   
UNDEFED   _system_post_cinit                           

[2139 symbols]
