******************************************************************************
                  TI ARM Linker PC v16.9.11                    
******************************************************************************
>> Linked Fri Jun 12 13:35:12 2020

OUTPUT FILE NAME:   <ble5_glucose_sensor_cc2640r2lp_app_4.11_SDK.out>
ENTRY POINT SYMBOL: "ResetISR"  address: 000148f9


MEMORY CONFIGURATION

         name            origin    length      used     unused   attr    fill
----------------------  --------  ---------  --------  --------  ----  --------
  FLASH                 00000000   0001f000  0001cdf0  00002210  R  X
  FLASH_LAST_PAGE       0001f000   00001000  00000058  00000fa8  R  X
  SRAM                  20000000   00004400  00002210  000021f0  RW X


SEGMENT ALLOCATION MAP

run origin  load origin   length   init length attrs members
----------  ----------- ---------- ----------- ----- -------
00000000    00000000    0001bdf4   0001bdf4    r-x
  00000000    00000000    0000003c   0000003c    r-- .resetVecs
  0000003c    0000003c    00000fc4   00000fc4    r-x .text.1
  00001000    00001000    00000028   00000028    r-- .const:ti_sysbios_heaps_HeapMem_Module__FXNS__C
  00001028    00001028    00000024   00000024    r-- .const:ti_sysbios_gates_GateHwi_Module__FXNS__C
  0000104c    0000104c    00000024   00000024    r-- .const:ti_sysbios_gates_GateMutex_Module__FXNS__C
  00001070    00001070    00000020   00000020    r-- .const:ti_sysbios_family_arm_m3_Hwi_Object__DESC__C
  00001090    00001090    00000020   00000020    r-- .const:ti_sysbios_gates_GateHwi_Object__DESC__C
  000010b0    000010b0    00000020   00000020    r-- .const:ti_sysbios_gates_GateMutex_Object__DESC__C
  000010d0    000010d0    00000020   00000020    r-- .const:ti_sysbios_hal_Hwi_Object__DESC__C
  000010f0    000010f0    00000020   00000020    r-- .const:ti_sysbios_heaps_HeapMem_Object__DESC__C
  00001110    00001110    00000020   00000020    r-- .const:ti_sysbios_knl_Clock_Object__DESC__C
  00001130    00001130    00000020   00000020    r-- .const:ti_sysbios_knl_Event_Object__DESC__C
  00001150    00001150    00000020   00000020    r-- .const:ti_sysbios_knl_Mailbox_Object__DESC__C
  00001170    00001170    00000020   00000020    r-- .const:ti_sysbios_knl_Queue_Object__DESC__C
  00001190    00001190    00000020   00000020    r-- .const:ti_sysbios_knl_Semaphore_Object__DESC__C
  000011b0    000011b0    00000020   00000020    r-- .const:ti_sysbios_knl_Swi_Object__DESC__C
  000011d0    000011d0    00000020   00000020    r-- .const:ti_sysbios_knl_Task_Object__DESC__C
  000011f0    000011f0    00000008   00000008    r-- .const:ti_sysbios_knl_Idle_funcList__C
  000011f8    000011f8    00000004   00000004    r-- .const:ti_sysbios_family_arm_cc26xx_Timer_startupNeeded__C
  000011fc    000011fc    00000004   00000004    r-- .const:ti_sysbios_family_arm_m3_Hwi_E_alreadyDefined__C
  00001200    00001200    00000004   00000004    r-- .const:ti_sysbios_family_arm_m3_Hwi_E_hwiLimitExceeded__C
  00001204    00001204    00000004   00000004    r-- .const:ti_sysbios_family_arm_m3_Hwi_NUM_INTERRUPTS__C
  00001208    00001208    00000004   00000004    r-- .const:ti_sysbios_family_arm_m3_Hwi_Object__count__C
  0000120c    0000120c    00000004   00000004    r-- .const:ti_sysbios_family_arm_m3_Hwi_Object__table__C
  00001210    00001210    00000004   00000004    r-- .const:ti_sysbios_family_arm_m3_Hwi_ccr__C
  00001214    00001214    00000004   00000004    r-- .const:ti_sysbios_family_arm_m3_Hwi_excHandlerFunc__C
  00001218    00001218    00000004   00000004    r-- .const:ti_sysbios_family_arm_m3_Hwi_nullIsrFunc__C
  0000121c    0000121c    00000004   00000004    r-- .const:ti_sysbios_family_arm_m3_Hwi_numSparseInterrupts__C
  00001220    00001220    00000004   00000004    r-- .const:ti_sysbios_family_arm_m3_Hwi_priGroup__C
  00001224    00001224    00000004   00000004    r-- .const:ti_sysbios_family_arm_m3_TaskSupport_stackAlignment__C
  00001228    00001228    00000004   00000004    r-- .const:ti_sysbios_heaps_HeapMem_E_memory__C
  0000122c    0000122c    00000004   00000004    r-- .const:ti_sysbios_heaps_HeapMem_Module__gateObj__C
  00001230    00001230    00000004   00000004    r-- .const:ti_sysbios_heaps_HeapMem_Object__count__C
  00001234    00001234    00000004   00000004    r-- .const:ti_sysbios_heaps_HeapMem_Object__table__C
  00001238    00001238    00000004   00000004    r-- .const:ti_sysbios_heaps_HeapMem_reqAlign__C
  0000123c    0000123c    00000004   00000004    r-- .const:ti_sysbios_knl_Clock_triggerClock__C
  00001240    00001240    00000004   00000004    r-- .const:ti_sysbios_knl_Mailbox_Object__count__C
  00001244    00001244    00000004   00000004    r-- .const:ti_sysbios_knl_Mailbox_Object__table__C
  00001248    00001248    00000004   00000004    r-- .const:ti_sysbios_knl_Mailbox_maxTypeAlign__C
  0000124c    0000124c    00000004   00000004    r-- .const:ti_sysbios_knl_Queue_Object__count__C
  00001250    00001250    00000004   00000004    r-- .const:ti_sysbios_knl_Queue_Object__table__C
  00001254    00001254    00000004   00000004    r-- .const:ti_sysbios_knl_Semaphore_eventPost__C
  00001258    00001258    00000004   00000004    r-- .const:ti_sysbios_knl_Semaphore_eventSync__C
  0000125c    0000125c    00000004   00000004    r-- .const:ti_sysbios_knl_Swi_Object__count__C
  00001260    00001260    00000004   00000004    r-- .const:ti_sysbios_knl_Swi_Object__table__C
  00001264    00001264    00000004   00000004    r-- .const:ti_sysbios_knl_Swi_numPriorities__C
  00001268    00001268    00000004   00000004    r-- .const:ti_sysbios_knl_Task_Object__count__C
  0000126c    0000126c    00000004   00000004    r-- .const:ti_sysbios_knl_Task_Object__table__C
  00001270    00001270    00000004   00000004    r-- .const:ti_sysbios_knl_Task_allBlockedFunc__C
  00001274    00001274    00000004   00000004    r-- .const:ti_sysbios_knl_Task_defaultStackHeap__C
  00001278    00001278    00000004   00000004    r-- .const:ti_sysbios_knl_Task_defaultStackSize__C
  0000127c    0000127c    00000004   00000004    r-- .const:ti_sysbios_knl_Task_numConstructedTasks__C
  00001280    00001280    00000002   00000002    r-- .const:ti_sysbios_family_arm_cc26xx_Timer_Module__id__C
  00001282    00001282    00000002   00000002    r-- .const:ti_sysbios_family_arm_cc26xx_TimestampProvider_useClockTimer__C
  00001284    00001284    00000002   00000002    r-- .const:ti_sysbios_family_arm_m3_Hwi_Module__id__C
  00001286    00001286    00000002   00000002    r-- .const:ti_sysbios_gates_GateHwi_Module__id__C
  00001288    00001288    00000002   00000002    r-- .const:ti_sysbios_gates_GateMutex_Module__id__C
  0000128a    0000128a    00000002   00000002    r-- .const:ti_sysbios_heaps_HeapMem_Module__id__C
  0000128c    0000128c    00000002   00000002    r-- .const:ti_sysbios_knl_Task_initStackFlag__C
  0000128e    0000128e    00000001   00000001    r-- .const:ti_sysbios_knl_Clock_tickMode__C
  00001290    00001290    00000008   00000008    r-- .const:xdc_runtime_Startup_firstFxns__C
  00001298    00001298    00000008   00000008    r-- .const:xdc_runtime_Startup_lastFxns__C
  000012a0    000012a0    00000004   00000004    r-- .const:xdc_runtime_Assert_E_assertFailed__C
  000012a4    000012a4    00000004   00000004    r-- .const:xdc_runtime_Error_E_memory__C
  000012a8    000012a8    00000004   00000004    r-- .const:xdc_runtime_Error_policyFxn__C
  000012ac    000012ac    00000004   00000004    r-- .const:xdc_runtime_Error_raiseHook__C
  000012b0    000012b0    00000004   00000004    r-- .const:xdc_runtime_IGateProvider_Interface__BASE__C
  000012b4    000012b4    00000004   00000004    r-- .const:xdc_runtime_IHeap_Interface__BASE__C
  000012b8    000012b8    00000004   00000004    r-- .const:xdc_runtime_IModule_Interface__BASE__C
  000012bc    000012bc    00000004   00000004    r-- .const:xdc_runtime_Memory_defaultHeapInstance__C
  000012c0    000012c0    00000004   00000004    r-- .const:xdc_runtime_Startup_execImpl__C
  000012c4    000012c4    00000004   00000004    r-- .const:xdc_runtime_Startup_maxPasses__C
  000012c8    000012c8    00000004   00000004    r-- .const:xdc_runtime_Startup_sfxnRts__C
  000012cc    000012cc    00000004   00000004    r-- .const:xdc_runtime_Startup_sfxnTab__C
  000012d0    000012d0    00000004   00000004    r-- .const:xdc_runtime_Startup_startModsFxn__C
  000012d4    000012d4    00000004   00000004    r-- .const:xdc_runtime_SysCallback_abortFxn__C
  000012d8    000012d8    00000004   00000004    r-- .const:xdc_runtime_SysCallback_exitFxn__C
  000012dc    000012dc    00000004   00000004    r-- .const:xdc_runtime_System_abortFxn__C
  000012e0    000012e0    00000004   00000004    r-- .const:xdc_runtime_System_exitFxn__C
  000012e4    000012e4    00000004   00000004    r-- .const:xdc_runtime_System_maxAtexitHandlers__C
  000012e8    000012e8    00000004   00000004    r-- .const:xdc_runtime_Text_charTab__C
  000012ec    000012ec    00000004   00000004    r-- .const:xdc_runtime_Text_nameEmpty__C
  000012f0    000012f0    00000004   00000004    r-- .const:xdc_runtime_Text_nameStatic__C
  000012f4    000012f4    00000004   00000004    r-- .const:xdc_runtime_Text_nameUnknown__C
  000012f8    000012f8    00000002   00000002    r-- .const:xdc_runtime_Error_maxDepth__C
  000012fa    000012fa    00000002   00000002    r-- .const:xdc_runtime_Memory_Module__id__C
  000012fc    000012fc    00000002   00000002    r-- .const:xdc_runtime_Text_charCnt__C
  000012fe    000012fe    00000002   00000002    r-- .const:xdc_runtime_Text_isLoaded__C
  00001300    00001300    00000001   00000001    r-- .const:xdc_runtime_Error_policy__C
  00001304    00001304    00000004   00000004    r-- .const:ti_sysbios_rom_ROM_ti_sysbios_family_arm_cc26xx_Timer_getCount64__E
  00001308    00001308    00000004   00000004    r-- .const:ti_sysbios_rom_ROM_ti_sysbios_family_arm_cc26xx_Timer_getCurrentTick__E
  0000130c    0000130c    00000004   00000004    r-- .const:ti_sysbios_rom_ROM_ti_sysbios_family_arm_cc26xx_Timer_getMaxTicks__E
  00001310    00001310    00000004   00000004    r-- .const:ti_sysbios_rom_ROM_ti_sysbios_family_arm_cc26xx_Timer_initDevice__I
  00001314    00001314    00000004   00000004    r-- .const:ti_sysbios_rom_ROM_ti_sysbios_family_arm_cc26xx_Timer_setNextTick__E
  00001318    00001318    00000004   00000004    r-- .const:ti_sysbios_rom_ROM_ti_sysbios_family_arm_cc26xx_Timer_setThreshold__I
  0000131c    0000131c    00000004   00000004    r-- .const:ti_sysbios_rom_ROM_ti_sysbios_family_arm_cc26xx_Timer_start__E
  00001320    00001320    00000004   00000004    r-- .const:ti_sysbios_rom_ROM_ti_sysbios_family_arm_cc26xx_TimestampProvider_get32__E
  00001324    00001324    00000004   00000004    r-- .const:ti_sysbios_rom_ROM_xdc_runtime_Startup_getState__I
  00001328    00001328    00000004   00000004    r-- .const:ti_sysbios_rom_ROM_xdc_runtime_System_SupportProxy_abort__E
  0000132c    0000132c    00000004   00000004    r-- .const:ti_sysbios_rom_ROM_xdc_runtime_System_SupportProxy_exit__E
  00001330    00001330    00017944   00017944    r-x .text.2
  00018c74    00018c74    00001024   00001024    r-- .const
  00019c98    00019c98    00000ea8   00000ea8    r-- .rodata
  0001ab40    0001ab40    000012b4   000012b4    r-- .cinit
0001d000    0001d000    00001000   00001000    r--
  0001d000    0001d000    00001000   00001000    r-- .TI.bound:NV_FLASH
0001ffa8    0001ffa8    00000058   00000058    r--
  0001ffa8    0001ffa8    00000058   00000058    r-- .ccfg
20000100    20000100    00001d4a   00000000    rw-
  20000100    20000100    00000044   00000000    rw- .data:ti_sysbios_knl_Task_Module__state__V
  20000144    20000144    00000034   00000000    rw- .data:ti_sysbios_family_arm_m3_Hwi_Module__state__V
  20000178    20000178    0000002c   00000000    rw- .data:ti_sysbios_knl_Clock_Module__state__V
  200001a4    200001a4    00000024   00000000    rw- .data:ti_sysbios_BIOS_Module__state__V
  200001c8    200001c8    0000001c   00000000    rw- .data:ti_sysbios_knl_Swi_Module__state__V
  200001e4    200001e4    00000008   00000000    rw- .data:ti_sysbios_family_arm_cc26xx_Timer_Module__state__V
  200001ec    200001ec    00000004   00000000    rw- .data:ti_sysbios_family_arm_cc26xx_TimestampProvider_Module__state__V
  200001f0    200001f0    00000008   00000000    rw- .data:xdc_runtime_Startup_Module__state__V
  200001f8    200001f8    00000008   00000000    rw- .data:xdc_runtime_System_Module__state__V
  20000200    20000200    00000004   00000000    rw- .data:xdc_runtime_Memory_Module__state__V
  20000204    20000204    00000002   00000000    rw- .data:xdc_runtime_Error_Module__state__V
  20000208    20000208    00001168   00000000    rw- .data
  20001370    20001370    00000ada   00000000    rw- .bss
20004000    20004000    00000400   00000000    rw-
  20004000    20004000    00000400   00000000    rw- .stack


SECTION ALLOCATION MAP

 output                                  attributes/
section   page    origin      length       input sections
--------  ----  ----------  ----------   ----------------
.resetVecs 
*          0    00000000    0000003c     
                  00000000    0000003c     app_ble_pem3.oem3 (.resetVecs)

.text.1    0    0000003c    00000fc4     
                  0000003c    00000834     ll_pxxx.a : ble.o (.text)
                  00000870    00000008     ble_r2.symbols (.tramp.llMemCopySrc.1)
                  00000878    00000008     ble_r2.symbols (.tramp.LL_ENC_ReverseBytes.1)
                  00000880    00000008     ble_r2.symbols (.tramp.LL_ENC_GenDeviceSKD.1)
                  00000888    00000008     ble_r2.symbols (.tramp.LL_ENC_GenDeviceIV.1)
                  00000890    00000008     ble_r2.symbols (.tramp.LL_RemoteConnParamReqCback.1)
                  00000898    00000008     ble_r2.symbols (.tramp.llGetSlowestPhy.1)
                  000008a0    00000008     ble_r2.symbols (.tramp.LL_DataLengthChangeEventCback.1)
                  000008a8    00000704     glucose.obj (.text:GlucoseSensor_taskFxn$1)
                  00000fac    00000008     (.tramp.ti_sysbios_knl_Task_self__E.1)
                  00000fb4    00000008     (.tramp.ti_sysbios_knl_Queue_construct.1)
                  00000fbc    00000008     (.tramp.ti_sysbios_knl_Event_pend__E.1)
                  00000fc4    00000008     ble_r2.symbols (.tramp.GATT_bm_free.1)
                  00000fcc    00000008     (.tramp.ti_sysbios_knl_Queue_get__E.1)
                  00000fd4    00000008     (.tramp.ti_sysbios_knl_Queue_empty__E.1)
                  00000fdc    00000008     ble_r2.symbols (.tramp.GATT_bm_alloc.1)
                  00000fe4    0000001c     board.obj (.text:CC2640R2_LAUNCHXL_initGeneral)

.const:ti_sysbios_heaps_HeapMem_Module__FXNS__C 
*          0    00001000    00000028     
                  00001000    00000028     app_ble_pem3.oem3 (.const:ti_sysbios_heaps_HeapMem_Module__FXNS__C)

.const:ti_sysbios_gates_GateHwi_Module__FXNS__C 
*          0    00001028    00000024     
                  00001028    00000024     app_ble_pem3.oem3 (.const:ti_sysbios_gates_GateHwi_Module__FXNS__C)

.const:ti_sysbios_gates_GateMutex_Module__FXNS__C 
*          0    0000104c    00000024     
                  0000104c    00000024     app_ble_pem3.oem3 (.const:ti_sysbios_gates_GateMutex_Module__FXNS__C)

.const:ti_sysbios_family_arm_m3_Hwi_Object__DESC__C 
*          0    00001070    00000020     
                  00001070    00000020     app_ble_pem3.oem3 (.const:ti_sysbios_family_arm_m3_Hwi_Object__DESC__C)

.const:ti_sysbios_gates_GateHwi_Object__DESC__C 
*          0    00001090    00000020     
                  00001090    00000020     app_ble_pem3.oem3 (.const:ti_sysbios_gates_GateHwi_Object__DESC__C)

.const:ti_sysbios_gates_GateMutex_Object__DESC__C 
*          0    000010b0    00000020     
                  000010b0    00000020     app_ble_pem3.oem3 (.const:ti_sysbios_gates_GateMutex_Object__DESC__C)

.const:ti_sysbios_hal_Hwi_Object__DESC__C 
*          0    000010d0    00000020     
                  000010d0    00000020     app_ble_pem3.oem3 (.const:ti_sysbios_hal_Hwi_Object__DESC__C)

.const:ti_sysbios_heaps_HeapMem_Object__DESC__C 
*          0    000010f0    00000020     
                  000010f0    00000020     app_ble_pem3.oem3 (.const:ti_sysbios_heaps_HeapMem_Object__DESC__C)

.const:ti_sysbios_knl_Clock_Object__DESC__C 
*          0    00001110    00000020     
                  00001110    00000020     app_ble_pem3.oem3 (.const:ti_sysbios_knl_Clock_Object__DESC__C)

.const:ti_sysbios_knl_Event_Object__DESC__C 
*          0    00001130    00000020     
                  00001130    00000020     app_ble_pem3.oem3 (.const:ti_sysbios_knl_Event_Object__DESC__C)

.const:ti_sysbios_knl_Mailbox_Object__DESC__C 
*          0    00001150    00000020     
                  00001150    00000020     app_ble_pem3.oem3 (.const:ti_sysbios_knl_Mailbox_Object__DESC__C)

.const:ti_sysbios_knl_Queue_Object__DESC__C 
*          0    00001170    00000020     
                  00001170    00000020     app_ble_pem3.oem3 (.const:ti_sysbios_knl_Queue_Object__DESC__C)

.const:ti_sysbios_knl_Semaphore_Object__DESC__C 
*          0    00001190    00000020     
                  00001190    00000020     app_ble_pem3.oem3 (.const:ti_sysbios_knl_Semaphore_Object__DESC__C)

.const:ti_sysbios_knl_Swi_Object__DESC__C 
*          0    000011b0    00000020     
                  000011b0    00000020     app_ble_pem3.oem3 (.const:ti_sysbios_knl_Swi_Object__DESC__C)

.const:ti_sysbios_knl_Task_Object__DESC__C 
*          0    000011d0    00000020     
                  000011d0    00000020     app_ble_pem3.oem3 (.const:ti_sysbios_knl_Task_Object__DESC__C)

.const:ti_sysbios_knl_Idle_funcList__C 
*          0    000011f0    00000008     
                  000011f0    00000008     app_ble_pem3.oem3 (.const:ti_sysbios_knl_Idle_funcList__C)

.const:ti_sysbios_family_arm_cc26xx_Timer_startupNeeded__C 
*          0    000011f8    00000004     
                  000011f8    00000004     app_ble_pem3.oem3 (.const:ti_sysbios_family_arm_cc26xx_Timer_startupNeeded__C)

.const:ti_sysbios_family_arm_m3_Hwi_E_alreadyDefined__C 
*          0    000011fc    00000004     
                  000011fc    00000004     app_ble_pem3.oem3 (.const:ti_sysbios_family_arm_m3_Hwi_E_alreadyDefined__C)

.const:ti_sysbios_family_arm_m3_Hwi_E_hwiLimitExceeded__C 
*          0    00001200    00000004     
                  00001200    00000004     app_ble_pem3.oem3 (.const:ti_sysbios_family_arm_m3_Hwi_E_hwiLimitExceeded__C)

.const:ti_sysbios_family_arm_m3_Hwi_NUM_INTERRUPTS__C 
*          0    00001204    00000004     
                  00001204    00000004     app_ble_pem3.oem3 (.const:ti_sysbios_family_arm_m3_Hwi_NUM_INTERRUPTS__C)

.const:ti_sysbios_family_arm_m3_Hwi_Object__count__C 
*          0    00001208    00000004     
                  00001208    00000004     app_ble_pem3.oem3 (.const:ti_sysbios_family_arm_m3_Hwi_Object__count__C)

.const:ti_sysbios_family_arm_m3_Hwi_Object__table__C 
*          0    0000120c    00000004     
                  0000120c    00000004     app_ble_pem3.oem3 (.const:ti_sysbios_family_arm_m3_Hwi_Object__table__C)

.const:ti_sysbios_family_arm_m3_Hwi_ccr__C 
*          0    00001210    00000004     
                  00001210    00000004     app_ble_pem3.oem3 (.const:ti_sysbios_family_arm_m3_Hwi_ccr__C)

.const:ti_sysbios_family_arm_m3_Hwi_excHandlerFunc__C 
*          0    00001214    00000004     
                  00001214    00000004     app_ble_pem3.oem3 (.const:ti_sysbios_family_arm_m3_Hwi_excHandlerFunc__C)

.const:ti_sysbios_family_arm_m3_Hwi_nullIsrFunc__C 
*          0    00001218    00000004     
                  00001218    00000004     app_ble_pem3.oem3 (.const:ti_sysbios_family_arm_m3_Hwi_nullIsrFunc__C)

.const:ti_sysbios_family_arm_m3_Hwi_numSparseInterrupts__C 
*          0    0000121c    00000004     
                  0000121c    00000004     app_ble_pem3.oem3 (.const:ti_sysbios_family_arm_m3_Hwi_numSparseInterrupts__C)

.const:ti_sysbios_family_arm_m3_Hwi_priGroup__C 
*          0    00001220    00000004     
                  00001220    00000004     app_ble_pem3.oem3 (.const:ti_sysbios_family_arm_m3_Hwi_priGroup__C)

.const:ti_sysbios_family_arm_m3_TaskSupport_stackAlignment__C 
*          0    00001224    00000004     
                  00001224    00000004     app_ble_pem3.oem3 (.const:ti_sysbios_family_arm_m3_TaskSupport_stackAlignment__C)

.const:ti_sysbios_heaps_HeapMem_E_memory__C 
*          0    00001228    00000004     
                  00001228    00000004     app_ble_pem3.oem3 (.const:ti_sysbios_heaps_HeapMem_E_memory__C)

.const:ti_sysbios_heaps_HeapMem_Module__gateObj__C 
*          0    0000122c    00000004     
                  0000122c    00000004     app_ble_pem3.oem3 (.const:ti_sysbios_heaps_HeapMem_Module__gateObj__C)

.const:ti_sysbios_heaps_HeapMem_Object__count__C 
*          0    00001230    00000004     
                  00001230    00000004     app_ble_pem3.oem3 (.const:ti_sysbios_heaps_HeapMem_Object__count__C)

.const:ti_sysbios_heaps_HeapMem_Object__table__C 
*          0    00001234    00000004     
                  00001234    00000004     app_ble_pem3.oem3 (.const:ti_sysbios_heaps_HeapMem_Object__table__C)

.const:ti_sysbios_heaps_HeapMem_reqAlign__C 
*          0    00001238    00000004     
                  00001238    00000004     app_ble_pem3.oem3 (.const:ti_sysbios_heaps_HeapMem_reqAlign__C)

.const:ti_sysbios_knl_Clock_triggerClock__C 
*          0    0000123c    00000004     
                  0000123c    00000004     app_ble_pem3.oem3 (.const:ti_sysbios_knl_Clock_triggerClock__C)

.const:ti_sysbios_knl_Mailbox_Object__count__C 
*          0    00001240    00000004     
                  00001240    00000004     app_ble_pem3.oem3 (.const:ti_sysbios_knl_Mailbox_Object__count__C)

.const:ti_sysbios_knl_Mailbox_Object__table__C 
*          0    00001244    00000004     
                  00001244    00000004     app_ble_pem3.oem3 (.const:ti_sysbios_knl_Mailbox_Object__table__C)

.const:ti_sysbios_knl_Mailbox_maxTypeAlign__C 
*          0    00001248    00000004     
                  00001248    00000004     app_ble_pem3.oem3 (.const:ti_sysbios_knl_Mailbox_maxTypeAlign__C)

.const:ti_sysbios_knl_Queue_Object__count__C 
*          0    0000124c    00000004     
                  0000124c    00000004     app_ble_pem3.oem3 (.const:ti_sysbios_knl_Queue_Object__count__C)

.const:ti_sysbios_knl_Queue_Object__table__C 
*          0    00001250    00000004     
                  00001250    00000004     app_ble_pem3.oem3 (.const:ti_sysbios_knl_Queue_Object__table__C)

.const:ti_sysbios_knl_Semaphore_eventPost__C 
*          0    00001254    00000004     
                  00001254    00000004     app_ble_pem3.oem3 (.const:ti_sysbios_knl_Semaphore_eventPost__C)

.const:ti_sysbios_knl_Semaphore_eventSync__C 
*          0    00001258    00000004     
                  00001258    00000004     app_ble_pem3.oem3 (.const:ti_sysbios_knl_Semaphore_eventSync__C)

.const:ti_sysbios_knl_Swi_Object__count__C 
*          0    0000125c    00000004     
                  0000125c    00000004     app_ble_pem3.oem3 (.const:ti_sysbios_knl_Swi_Object__count__C)

.const:ti_sysbios_knl_Swi_Object__table__C 
*          0    00001260    00000004     
                  00001260    00000004     app_ble_pem3.oem3 (.const:ti_sysbios_knl_Swi_Object__table__C)

.const:ti_sysbios_knl_Swi_numPriorities__C 
*          0    00001264    00000004     
                  00001264    00000004     app_ble_pem3.oem3 (.const:ti_sysbios_knl_Swi_numPriorities__C)

.const:ti_sysbios_knl_Task_Object__count__C 
*          0    00001268    00000004     
                  00001268    00000004     app_ble_pem3.oem3 (.const:ti_sysbios_knl_Task_Object__count__C)

.const:ti_sysbios_knl_Task_Object__table__C 
*          0    0000126c    00000004     
                  0000126c    00000004     app_ble_pem3.oem3 (.const:ti_sysbios_knl_Task_Object__table__C)

.const:ti_sysbios_knl_Task_allBlockedFunc__C 
*          0    00001270    00000004     
                  00001270    00000004     app_ble_pem3.oem3 (.const:ti_sysbios_knl_Task_allBlockedFunc__C)

.const:ti_sysbios_knl_Task_defaultStackHeap__C 
*          0    00001274    00000004     
                  00001274    00000004     app_ble_pem3.oem3 (.const:ti_sysbios_knl_Task_defaultStackHeap__C)

.const:ti_sysbios_knl_Task_defaultStackSize__C 
*          0    00001278    00000004     
                  00001278    00000004     app_ble_pem3.oem3 (.const:ti_sysbios_knl_Task_defaultStackSize__C)

.const:ti_sysbios_knl_Task_numConstructedTasks__C 
*          0    0000127c    00000004     
                  0000127c    00000004     app_ble_pem3.oem3 (.const:ti_sysbios_knl_Task_numConstructedTasks__C)

.const:ti_sysbios_family_arm_cc26xx_Timer_Module__id__C 
*          0    00001280    00000002     
                  00001280    00000002     app_ble_pem3.oem3 (.const:ti_sysbios_family_arm_cc26xx_Timer_Module__id__C)

.const:ti_sysbios_family_arm_cc26xx_TimestampProvider_useClockTimer__C 
*          0    00001282    00000002     
                  00001282    00000002     app_ble_pem3.oem3 (.const:ti_sysbios_family_arm_cc26xx_TimestampProvider_useClockTimer__C)

.const:ti_sysbios_family_arm_m3_Hwi_Module__id__C 
*          0    00001284    00000002     
                  00001284    00000002     app_ble_pem3.oem3 (.const:ti_sysbios_family_arm_m3_Hwi_Module__id__C)

.const:ti_sysbios_gates_GateHwi_Module__id__C 
*          0    00001286    00000002     
                  00001286    00000002     app_ble_pem3.oem3 (.const:ti_sysbios_gates_GateHwi_Module__id__C)

.const:ti_sysbios_gates_GateMutex_Module__id__C 
*          0    00001288    00000002     
                  00001288    00000002     app_ble_pem3.oem3 (.const:ti_sysbios_gates_GateMutex_Module__id__C)

.const:ti_sysbios_heaps_HeapMem_Module__id__C 
*          0    0000128a    00000002     
                  0000128a    00000002     app_ble_pem3.oem3 (.const:ti_sysbios_heaps_HeapMem_Module__id__C)

.const:ti_sysbios_knl_Task_initStackFlag__C 
*          0    0000128c    00000002     
                  0000128c    00000002     app_ble_pem3.oem3 (.const:ti_sysbios_knl_Task_initStackFlag__C)

.const:ti_sysbios_knl_Clock_tickMode__C 
*          0    0000128e    00000001     
                  0000128e    00000001     app_ble_pem3.oem3 (.const:ti_sysbios_knl_Clock_tickMode__C)

.const:xdc_runtime_Startup_firstFxns__C 
*          0    00001290    00000008     
                  00001290    00000008     app_ble_pem3.oem3 (.const:xdc_runtime_Startup_firstFxns__C)

.const:xdc_runtime_Startup_lastFxns__C 
*          0    00001298    00000008     
                  00001298    00000008     app_ble_pem3.oem3 (.const:xdc_runtime_Startup_lastFxns__C)

.const:xdc_runtime_Assert_E_assertFailed__C 
*          0    000012a0    00000004     
                  000012a0    00000004     app_ble_pem3.oem3 (.const:xdc_runtime_Assert_E_assertFailed__C)

.const:xdc_runtime_Error_E_memory__C 
*          0    000012a4    00000004     
                  000012a4    00000004     app_ble_pem3.oem3 (.const:xdc_runtime_Error_E_memory__C)

.const:xdc_runtime_Error_policyFxn__C 
*          0    000012a8    00000004     
                  000012a8    00000004     app_ble_pem3.oem3 (.const:xdc_runtime_Error_policyFxn__C)

.const:xdc_runtime_Error_raiseHook__C 
*          0    000012ac    00000004     
                  000012ac    00000004     app_ble_pem3.oem3 (.const:xdc_runtime_Error_raiseHook__C)

.const:xdc_runtime_IGateProvider_Interface__BASE__C 
*          0    000012b0    00000004     
                  000012b0    00000004     app_ble_pem3.oem3 (.const:xdc_runtime_IGateProvider_Interface__BASE__C)

.const:xdc_runtime_IHeap_Interface__BASE__C 
*          0    000012b4    00000004     
                  000012b4    00000004     app_ble_pem3.oem3 (.const:xdc_runtime_IHeap_Interface__BASE__C)

.const:xdc_runtime_IModule_Interface__BASE__C 
*          0    000012b8    00000004     
                  000012b8    00000004     app_ble_pem3.oem3 (.const:xdc_runtime_IModule_Interface__BASE__C)

.const:xdc_runtime_Memory_defaultHeapInstance__C 
*          0    000012bc    00000004     
                  000012bc    00000004     app_ble_pem3.oem3 (.const:xdc_runtime_Memory_defaultHeapInstance__C)

.const:xdc_runtime_Startup_execImpl__C 
*          0    000012c0    00000004     
                  000012c0    00000004     app_ble_pem3.oem3 (.const:xdc_runtime_Startup_execImpl__C)

.const:xdc_runtime_Startup_maxPasses__C 
*          0    000012c4    00000004     
                  000012c4    00000004     app_ble_pem3.oem3 (.const:xdc_runtime_Startup_maxPasses__C)

.const:xdc_runtime_Startup_sfxnRts__C 
*          0    000012c8    00000004     
                  000012c8    00000004     app_ble_pem3.oem3 (.const:xdc_runtime_Startup_sfxnRts__C)

.const:xdc_runtime_Startup_sfxnTab__C 
*          0    000012cc    00000004     
                  000012cc    00000004     app_ble_pem3.oem3 (.const:xdc_runtime_Startup_sfxnTab__C)

.const:xdc_runtime_Startup_startModsFxn__C 
*          0    000012d0    00000004     
                  000012d0    00000004     app_ble_pem3.oem3 (.const:xdc_runtime_Startup_startModsFxn__C)

.const:xdc_runtime_SysCallback_abortFxn__C 
*          0    000012d4    00000004     
                  000012d4    00000004     app_ble_pem3.oem3 (.const:xdc_runtime_SysCallback_abortFxn__C)

.const:xdc_runtime_SysCallback_exitFxn__C 
*          0    000012d8    00000004     
                  000012d8    00000004     app_ble_pem3.oem3 (.const:xdc_runtime_SysCallback_exitFxn__C)

.const:xdc_runtime_System_abortFxn__C 
*          0    000012dc    00000004     
                  000012dc    00000004     app_ble_pem3.oem3 (.const:xdc_runtime_System_abortFxn__C)

.const:xdc_runtime_System_exitFxn__C 
*          0    000012e0    00000004     
                  000012e0    00000004     app_ble_pem3.oem3 (.const:xdc_runtime_System_exitFxn__C)

.const:xdc_runtime_System_maxAtexitHandlers__C 
*          0    000012e4    00000004     
                  000012e4    00000004     app_ble_pem3.oem3 (.const:xdc_runtime_System_maxAtexitHandlers__C)

.const:xdc_runtime_Text_charTab__C 
*          0    000012e8    00000004     
                  000012e8    00000004     app_ble_pem3.oem3 (.const:xdc_runtime_Text_charTab__C)

.const:xdc_runtime_Text_nameEmpty__C 
*          0    000012ec    00000004     
                  000012ec    00000004     app_ble_pem3.oem3 (.const:xdc_runtime_Text_nameEmpty__C)

.const:xdc_runtime_Text_nameStatic__C 
*          0    000012f0    00000004     
                  000012f0    00000004     app_ble_pem3.oem3 (.const:xdc_runtime_Text_nameStatic__C)

.const:xdc_runtime_Text_nameUnknown__C 
*          0    000012f4    00000004     
                  000012f4    00000004     app_ble_pem3.oem3 (.const:xdc_runtime_Text_nameUnknown__C)

.const:xdc_runtime_Error_maxDepth__C 
*          0    000012f8    00000002     
                  000012f8    00000002     app_ble_pem3.oem3 (.const:xdc_runtime_Error_maxDepth__C)

.const:xdc_runtime_Memory_Module__id__C 
*          0    000012fa    00000002     
                  000012fa    00000002     app_ble_pem3.oem3 (.const:xdc_runtime_Memory_Module__id__C)

.const:xdc_runtime_Text_charCnt__C 
*          0    000012fc    00000002     
                  000012fc    00000002     app_ble_pem3.oem3 (.const:xdc_runtime_Text_charCnt__C)

.const:xdc_runtime_Text_isLoaded__C 
*          0    000012fe    00000002     
                  000012fe    00000002     app_ble_pem3.oem3 (.const:xdc_runtime_Text_isLoaded__C)

.const:xdc_runtime_Error_policy__C 
*          0    00001300    00000001     
                  00001300    00000001     app_ble_pem3.oem3 (.const:xdc_runtime_Error_policy__C)

.const:ti_sysbios_rom_ROM_ti_sysbios_family_arm_cc26xx_Timer_getCount64__E 
*          0    00001304    00000004     
                  00001304    00000004     app_ble_pem3.oem3 (.const:ti_sysbios_rom_ROM_ti_sysbios_family_arm_cc26xx_Timer_getCount64__E)

.const:ti_sysbios_rom_ROM_ti_sysbios_family_arm_cc26xx_Timer_getCurrentTick__E 
*          0    00001308    00000004     
                  00001308    00000004     app_ble_pem3.oem3 (.const:ti_sysbios_rom_ROM_ti_sysbios_family_arm_cc26xx_Timer_getCurrentTick__E)

.const:ti_sysbios_rom_ROM_ti_sysbios_family_arm_cc26xx_Timer_getMaxTicks__E 
*          0    0000130c    00000004     
                  0000130c    00000004     app_ble_pem3.oem3 (.const:ti_sysbios_rom_ROM_ti_sysbios_family_arm_cc26xx_Timer_getMaxTicks__E)

.const:ti_sysbios_rom_ROM_ti_sysbios_family_arm_cc26xx_Timer_initDevice__I 
*          0    00001310    00000004     
                  00001310    00000004     app_ble_pem3.oem3 (.const:ti_sysbios_rom_ROM_ti_sysbios_family_arm_cc26xx_Timer_initDevice__I)

.const:ti_sysbios_rom_ROM_ti_sysbios_family_arm_cc26xx_Timer_setNextTick__E 
*          0    00001314    00000004     
                  00001314    00000004     app_ble_pem3.oem3 (.const:ti_sysbios_rom_ROM_ti_sysbios_family_arm_cc26xx_Timer_setNextTick__E)

.const:ti_sysbios_rom_ROM_ti_sysbios_family_arm_cc26xx_Timer_setThreshold__I 
*          0    00001318    00000004     
                  00001318    00000004     app_ble_pem3.oem3 (.const:ti_sysbios_rom_ROM_ti_sysbios_family_arm_cc26xx_Timer_setThreshold__I)

.const:ti_sysbios_rom_ROM_ti_sysbios_family_arm_cc26xx_Timer_start__E 
*          0    0000131c    00000004     
                  0000131c    00000004     app_ble_pem3.oem3 (.const:ti_sysbios_rom_ROM_ti_sysbios_family_arm_cc26xx_Timer_start__E)

.const:ti_sysbios_rom_ROM_ti_sysbios_family_arm_cc26xx_TimestampProvider_get32__E 
*          0    00001320    00000004     
                  00001320    00000004     app_ble_pem3.oem3 (.const:ti_sysbios_rom_ROM_ti_sysbios_family_arm_cc26xx_TimestampProvider_get32__E)

.const:ti_sysbios_rom_ROM_xdc_runtime_Startup_getState__I 
*          0    00001324    00000004     
                  00001324    00000004     app_ble_pem3.oem3 (.const:ti_sysbios_rom_ROM_xdc_runtime_Startup_getState__I)

.const:ti_sysbios_rom_ROM_xdc_runtime_System_SupportProxy_abort__E 
*          0    00001328    00000004     
                  00001328    00000004     app_ble_pem3.oem3 (.const:ti_sysbios_rom_ROM_xdc_runtime_System_SupportProxy_abort__E)

.const:ti_sysbios_rom_ROM_xdc_runtime_System_SupportProxy_exit__E 
*          0    0000132c    00000004     
                  0000132c    00000004     app_ble_pem3.oem3 (.const:ti_sysbios_rom_ROM_xdc_runtime_System_SupportProxy_exit__E)

.text.2    0    00001330    00017944     
                  00001330    00000700     ll_pxxx.a : ll_adv_end_causes.o (.text)
                  00001a30    000005f8     ble5_glucose_sensor_cc2640r2lp_stack_library_MIGRATION_4.11_SDK.lib : gapbondmgr.obj (.text:GAPBondMgr_ProcessEvent)
                  00002028    00000510     ll_pxxx.a : ll_slave_end_causes.o (.text)
                  00002538    00000470               : ll_slave_end_causes.o (.text)
                  000029a8    000003fc               : ll_ae.o (.text)
                  00002da4    000003ac               : ll.o (.text)
                  00003150    00000324               : ll_isr.o (.text)
                  00003474    00000320     glucose.obj (.text:GlucoseSensor_processGapMessage$1)
                  00003794    00000314     drivers_cc26x0r2.aem3 : PowerCC26XX_calibrateRCOSC.oem3 (.text:PowerCC26XX_auxISR)
                  00003aa8    00000314     ll_pxxx.a : ll_isr.o (.text)
                  00003dbc    0000030c     rom_sysbios.aem3 : rom_sysbios.obj (.text:xdc_runtime_System_doPrint__I)
                  000040c8    000002fc     ll_pxxx.a : ll_ae.o (.text)
                  000043c4    000002e0               : ll.o (.text)
                  000046a4    000002d0     ble5_glucose_sensor_cc2640r2lp_stack_library_MIGRATION_4.11_SDK.lib : icall_startup.obj (.text:startup_entry)
                  00004974    000002c0     rf_singleMode_cc26x0r2.aem3 : RFCC26XX_singleMode.oem3 (.text:RF_fsmActiveState)
                  00004c34    000002a8     ll_pxxx.a : ll_slave_end_causes.o (.text)
                  00004edc    000002a0     glucose.obj (.text:GlucoseSensor_filterRecords$1)
                  0000517c    00000298     ll_pxxx.a : ll_ae.o (.text)
                  00005414    00000278     drivers_cc26x0r2.aem3 : CryptoCC26XX.oem3 (.text:cryptoTransactionExecute)
                  0000568c    0000024c     ll_pxxx.a : ll_common.o (.text)
                  000058d8    00000244               : ll_common.o (.text)
                  00005b1c    00000244               : ll_isr.o (.text)
                  00005d60    00000240               : ll_scheduler.o (.text)
                  00005fa0    0000022c     drivers_cc26x0r2.aem3 : PowerCC26XX.oem3 (.text:Power_sleep)
                  000061cc    00000220     driverlib.lib : sys_ctrl.obj (.text:NOROM_SysCtrlSetRechargeBeforePowerDown)
                  000063ec    0000021c     ll_pxxx.a : ll_scheduler.o (.text)
                  00006608    00000210               : ll_ae.o (.text)
                  00006818    00000208     sm_pxxx.a : sm_pairing.o (.text)
                  00006a20    00000200     ble5_glucose_sensor_cc2640r2lp_stack_library_MIGRATION_4.11_SDK.lib : gapbondmgr.obj (.text:GAPBondMgr_SetParameter)
                  00006c20    00000200     ll_pxxx.a : ll_ae.o (.text)
                  00006e20    00000200     profiles_pxxx.a : gattservapp.o (.text)
                  00007020    000001f4     rtsv7M3_T_le_eabi.lib : ull_div_t2.obj (.text)
                  00007214    000001ec     ll_pxxx.a : ll_isr.o (.text)
                  00007400    000001e0     ECCROMCC26XX.obj (.text:ECC_VerifyPublicKeyWeierstrass)
                  000075e0    000001dc     sm_pxxx.a : sm_rsppairing.o (.text)
                  000077bc    000001d8     rf_singleMode_cc26x0r2.aem3 : RFCC26XX_singleMode.oem3 (.text:RF_fsmSetupState)
                  00007994    000001d8     ll_pxxx.a : ll_common.o (.text)
                  00007b6c    000001d0     ble5_glucose_sensor_cc2640r2lp_stack_library_MIGRATION_4.11_SDK.lib : gapbondmgr.obj (.text:gapBondMgrAddBond$26)
                  00007d3c    000001c8                                                                         : gap.obj (.text:GAP_DeviceInit)
                  00007f04    000001c0                                                                         : osal.obj (.text:osal_start_system)
                  000080c4    000001bc     main.obj (.text:AssertHandler)
                  00008280    000001b0     drivers_cc26x0r2.aem3 : PINCC26XX.oem3 (.text:PIN_init)
                  00008430    000001b0     ll_pxxx.a : ll.o (.text)
                  000085e0    000001ac               : ll.o (.text)
                  0000878c    000001a4     ECCROMCC26XX.obj (.text:ECCROMCC26XX_genDHKey)
                  00008930    000001a0     rf_singleMode_cc26x0r2.aem3 : RFCC26XX_singleMode.oem3 (.text:RF_open)
                  00008ad0    000001a0     profiles_pxxx.a : gapgattserver.o (.text)
                  00008c70    00000198     glucose.obj (.text:GlucoseSensor_measSend$1)
                  00008e08    00000198     glucose.obj (.text:GlucoseSensor_processServiceEvt$1)
                  00008fa0    00000198     gap_pxxx.a : gap_advertiser.o (.text)
                  00009138    00000190     drivers_cc26x0r2.aem3 : PowerCC26XX_calibrateRCOSC.oem3 (.text:PowerCC26XX_doCalibrate)
                  000092c8    00000190     icall.obj (.text:icall_directAPI)
                  00009458    0000017c     profiles_pxxx.a : gattservapp.o (.text)
                  000095d4    0000015c     drivers_cc26x0r2.aem3 : UARTCC26XX.oem3 (.text:UARTCC26XX_open)
                  00009730    0000015c     gatt_pxxx.a : gatt_client.o (.text)
                  0000988c    00000154     ll_pxxx.a : ll_data.o (.text)
                  000099e0    00000150     ble5_glucose_sensor_cc2640r2lp_stack_library_MIGRATION_4.11_SDK.lib : gapbondmgr.obj (.text:gapBondMgrAuthenticate$26)
                  00009b30    00000150     ll_pxxx.a : ll_common.o (.text)
                  00009c80    00000150               : ll_isr.o (.text)
                  00009dd0    0000014c     gap_pxxx.a : gap_advertiser.o (.text)
                  00009f1c    0000014c     gatt_pxxx.a : gatt_server.o (.text)
                  0000a068    00000148     drivers_cc26x0r2.aem3 : UARTCC26XX.oem3 (.text:UARTCC26XX_hwiIntFxn)
                  0000a1b0    0000013c     rf_singleMode_cc26x0r2.aem3 : RFCC26XX_singleMode.oem3 (.text:RF_ratSetupChannel)
                  0000a2ec    00000136     drivers_cc26x0r2.aem3 : UARTCC26XX.oem3 (.text:UARTCC26XX_read)
                  0000a422    00000002     ble_user_config.obj (.text:DefaultAssertCback)
                  0000a424    00000130     ll_pxxx.a : ll.o (.text)
                  0000a554    0000012c     drivers_cc26x0r2.aem3 : PowerCC26XX.oem3 (.text:Power_init)
                  0000a680    0000012c     sm_pxxx.a : sm_task.o (.text)
                  0000a7ac    00000128     ECCROMCC26XX.obj (.text:ECCROMCC26XX_genKeys)
                  0000a8d4    00000128     ll_pxxx.a : ll_scheduler.o (.text)
                  0000a9fc    0000011c     ble5_glucose_sensor_cc2640r2lp_stack_library_MIGRATION_4.11_SDK.lib : osal_snv_wrapper.obj (.text:compactPage$35)
                  0000ab18    00000118     profiles_pxxx.a : gattservapp.o (.text)
                  0000ac30    00000114     glucservice.obj (.text:glucose_WriteAttrCB$14)
                  0000ad44    0000010e     gatt_pxxx.a : gatt_server.o (.text)
                  0000ae52    0000010c                 : gatt_client.o (.text)
                  0000af5e    00000002     display.aem3 : DisplayUart.oem3 (.text:DisplayUartAnsi_init)
                  0000af60    00000108     gap_pxxx.a : gap_advertiser.o (.text)
                  0000b068    00000104     ll_pxxx.a : ll_common.o (.text)
                  0000b16c    000000f8     sm_pxxx.a : sm_rsppairing.o (.text)
                  0000b264    000000f8     app_ble_pem3.oem3 (.text:xdc_runtime_System_printfExtend__I)
                  0000b35c    000000f4     gap_pxxx.a : gap_linkmgr.o (.text)
                  0000b450    000000f2     ble5_glucose_sensor_cc2640r2lp_stack_library_MIGRATION_4.11_SDK.lib : gapbondmgr.obj (.text:gapBondMgrEraseBonding$26)
                  0000b542    00000002     driverlib.lib : rfc.obj (.text:NOROM_RFCAdi3VcoLdoVoltageMode)
                  0000b544    000000f0     drivers_cc26x0r2.aem3 : PINCC26XX.oem3 (.text:PINCC26XX_setIoCfg)
                  0000b634    000000f0     rf_singleMode_cc26x0r2.aem3 : RFCC26XX_singleMode.oem3 (.text:RF_radioOpDoneCb)
                  0000b724    000000f0     ble5_glucose_sensor_cc2640r2lp_stack_library_MIGRATION_4.11_SDK.lib : osal_snv_wrapper.obj (.text:osal_snv_write)
                  0000b814    000000ec     ll_pxxx.a : ll_common.o (.text)
                  0000b900    000000ec     profiles_pxxx.a : gattservapp.o (.text)
                  0000b9ec    000000e8     dpl_cc26x0r2.aem3 : PowerCC26XX_tirtos.oem3 (.text:PowerCC26XX_standbyPolicy)
                  0000bad4    000000e8     ble5_glucose_sensor_cc2640r2lp_stack_library_MIGRATION_4.11_SDK.lib : osal_timers.obj (.text:osalTimerUpdate)
                  0000bbbc    000000e4     gatt_pxxx.a : gatt_client.o (.text)
                  0000bca0    000000e4     ll_pxxx.a : ll_ae.o (.text)
                  0000bd84    000000e4     sm_pxxx.a : sm_pairing.o (.text)
                  0000be68    000000e2     drivers_cc26x0r2.aem3 : UARTCC26XX.oem3 (.text:UARTCC26XX_write)
                  0000bf4a    00000002     ble5_glucose_sensor_cc2640r2lp_stack_library_MIGRATION_4.11_SDK.lib : onboard.obj (.text:Onboard_soft_reset)
                  0000bf4c    000000dc                                                                         : gapbondmgr.obj (.text:gapBondMgr_LinkEst$26)
                  0000c028    000000dc     gap_pxxx.a : gap_linkmgr.o (.text)
                  0000c104    000000dc                : gap_task.o (.text)
                  0000c1e0    000000dc     hci_pxxx.a : hci_event.o (.text)
                  0000c2bc    000000d8     ll_pxxx.a : ll.o (.text)
                  0000c394    000000d8               : ll.o (.text)
                  0000c46c    000000d8     sm_pxxx.a : sm_pairing.o (.text)
                  0000c544    000000d4     rf_singleMode_cc26x0r2.aem3 : RFCC26XX_singleMode.oem3 (.text:RF_pendCmd)
                  0000c618    000000d4     smp_pxxx.a : smp.o (.text)
                  0000c6ec    000000d0     rf_singleMode_cc26x0r2.aem3 : RFCC26XX_singleMode.oem3 (.text:RF_fsmPowerUpState)
                  0000c7bc    000000d0                                 : RFCC26XX_singleMode.oem3 (.text:RF_postCmd)
                  0000c88c    000000d0     ll_pxxx.a : ll_ae.o (.text)
                  0000c95c    000000cc     rf_singleMode_cc26x0r2.aem3 : RFCC26XX_singleMode.oem3 (.text:RF_swiHw)
                  0000ca28    000000cc     ll_pxxx.a : ll_ae.o (.text)
                  0000caf4    000000c8     rf_singleMode_cc26x0r2.aem3 : RFCC26XX_singleMode.oem3 (.text:RF_control)
                  0000cbbc    000000c8     ll_pxxx.a : ll_data.o (.text)
                  0000cc84    000000c8     main.obj (.text:main)
                  0000cd4c    000000c8     sm_pxxx.a : sm_pairing.o (.text)
                  0000ce14    000000c4     glucose.obj (.text:GlucoseSensor_ctlPntHandleOpcode$1)
                  0000ced8    000000c4     sm_pxxx.a : sm_pairing.o (.text)
                  0000cf9c    000000c2     ll_pxxx.a : ll_ae.o (.text)
                  0000d05e    00000002     rf_singleMode_cc26x0r2.aem3 : RFCC26XX_singleMode.oem3 (.text:RF_defaultCallback)
                  0000d060    000000c0     ble5_glucose_sensor_cc2640r2lp_stack_library_MIGRATION_4.11_SDK.lib : osal.obj (.text:osal_set_event)
                  0000d120    000000be     gap_pxxx.a : gap_linkmgr.o (.text)
                  0000d1de    00000002     ble5_glucose_sensor_cc2640r2lp_stack_library_MIGRATION_4.11_SDK.lib : sm_ecc.obj (.text:SM_dhKeyCB)
                  0000d1e0    000000bc     drivers_cc26x0r2.aem3 : PowerCC26XX.oem3 (.text:Power_releaseDependency)
                  0000d29c    000000bc     gap_pxxx.a : gap_advertiser.o (.text)
                  0000d358    000000bc     hci_pxxx.a : hci_event.o (.text)
                  0000d414    000000bc                : hci_event.o (.text)
                  0000d4d0    000000bc     ll_pxxx.a : ll_common.o (.text)
                  0000d58c    000000b8               : ll.o (.text)
                  0000d644    000000b4     drivers_cc26x0r2.aem3 : PowerCC26XX.oem3 (.text:Power_setDependency)
                  0000d6f8    000000b4     devinfoservice.obj (.text:devInfo_ReadAttrCB$11)
                  0000d7ac    000000b0     TRNGCC26XX.obj (.text:TRNGCC26XX_getNumber)
                  0000d85c    000000b0     gap_pxxx.a : gap_advertiser.o (.text)
                  0000d90c    000000b0                : gap_linkmgr.o (.text)
                  0000d9bc    000000b0     ll_pxxx.a : ble.o (.text)
                  0000da6c    000000ac     display.aem3 : DisplayUart.oem3 (.text:DisplayUartAnsi_clearLines)
                  0000db18    000000ac     driverlib.lib : setup.obj (.text:NOROM_SetupTrimDevice)
                  0000dbc4    000000ac     rf_singleMode_cc26x0r2.aem3 : RFCC26XX_singleMode.oem3 (.text:RF_abortCmd)
                  0000dc70    000000ac     att_pxxx.a : att_util.o (.text)
                  0000dd1c    000000ac     ll_pxxx.a : ll.o (.text)
                  0000ddc8    000000aa               : ll_common.o (.text)
                  0000de72    000000aa     sm_pxxx.a : sm_mgr.o (.text)
                  0000df1c    000000a8     rf_singleMode_cc26x0r2.aem3 : RFCC26XX_singleMode.oem3 (.text:RF_dispatchNextCmd)
                  0000dfc4    000000a7     display.aem3 : DisplayUart.oem3 (.text:DisplayUartAnsi_open)
                  0000e06b    00000001     --HOLE-- [fill = 0]
                  0000e06c    000000a6     rom_sysbios.aem3 : rom_sysbios.obj (.text:xdc_runtime_Text_putSite__E)
                  0000e112    00000002     ble5_glucose_sensor_cc2640r2lp_stack_library_MIGRATION_4.11_SDK.lib : sm_ecc.obj (.text:SM_p256KeyCB)
                  0000e114    000000a4     rf_singleMode_cc26x0r2.aem3 : RFCC26XX_singleMode.oem3 (.text:RF_ratRestartChannels)
                  0000e1b8    000000a4     utc_clock.obj (.text:UTC_convertUTCSecs)
                  0000e25c    000000a4     gatt_pxxx.a : gatt_client.o (.text)
                  0000e300    000000a4     ll_pxxx.a : ll_common.o (.text)
                  0000e3a4    000000a4               : ll_common.o (.text)
                  0000e448    000000a4               : ll_enc.o (.text)
                  0000e4ec    000000a4               : ll_scheduler.o (.text)
                  0000e590    000000a4     ble5_glucose_sensor_cc2640r2lp_stack_library_MIGRATION_4.11_SDK.lib : osal.obj (.text:osal_msg_enqueue_push$18)
                  0000e634    000000a4     drivers_cc26x0r2.aem3 : PowerCC26XX.oem3 (.text:switchXOSCHFclockFunc)
                  0000e6d8    000000a0                           : PINCC26XX.oem3 (.text:PIN_open)
                  0000e778    000000a0     auto_init.aem3 : auto_init.oem3 (.text)
                  0000e818    0000009f     display.aem3 : DisplayUart.oem3 (.text:DisplayUartAnsi_vprintf)
                  0000e8b7    00000001     --HOLE-- [fill = 0]
                  0000e8b8    0000009e     ble5_glucose_sensor_cc2640r2lp_stack_library_MIGRATION_4.11_SDK.lib : gapbondmgr.obj (.text:gapBondMgrUpdateCharCfg$26)
                  0000e956    00000002     drivers_cc26x0r2.aem3 : PowerCC26XX.oem3 (.text:emptyClockFunc)
                  0000e958    0000009c     rf_singleMode_cc26x0r2.aem3 : RFCC26XX_singleMode.oem3 (.text:RF_calculateDispatchTime)
                  0000e9f4    0000009c     ble5_glucose_sensor_cc2640r2lp_stack_library_MIGRATION_4.11_SDK.lib : osal_cbtimer.obj (.text:cbTimerSetup$20)
                  0000ea90    0000009c     ll_pxxx.a : ll.o (.text)
                  0000eb2c    0000009c     rtsv7M3_T_le_eabi.lib : memcpy_t2.obj (.text)
                  0000ebc8    0000009a     ll_pxxx.a : ll_ae.o (.text)
                  0000ec62    00000002     drivers_cc26x0r2.aem3 : CryptoResourceCC26XX.oem3 (.text:errorSpin)
                  0000ec64    00000098                           : UARTCC26XX.oem3 (.text:UARTCC26XX_initHw)
                  0000ecfc    00000098                           : UARTCC26XX.oem3 (.text:UARTCC26XX_initIO)
                  0000ed94    00000098     ll_pxxx.a : ll.o (.text)
                  0000ee2c    00000098     rom_sysbios.aem3 : rom_sysbios.obj (.text:ti_sysbios_knl_Clock_workFuncDynamic__E)
                  0000eec4    00000098                      : rom_sysbios.obj (.text:xdc_runtime_Text_putMod__E)
                  0000ef5c    00000094     drivers_cc26x0r2.aem3 : CryptoCC26XX.oem3 (.text:CryptoCC26XX_allocateKey)
                  0000eff0    00000094     icall.obj (.text:ICall_setTimer)
                  0000f084    00000094     driverlib.lib : crypto.obj (.text:NOROM_CRYPTOAesLoadKey)
                  0000f118    00000094     ble5_glucose_sensor_cc2640r2lp_stack_library_MIGRATION_4.11_SDK.lib : gapbondmgr.obj (.text:gapBondMgr_syncResolvingList)
                  0000f1ac    00000094     gatt_pxxx.a : gatt_server.o (.text)
                  0000f240    00000094     ll_pxxx.a : ll.o (.text)
                  0000f2d4    00000094     ble5_glucose_sensor_cc2640r2lp_stack_library_MIGRATION_4.11_SDK.lib : osal.obj (.text:osal_msg_receive)
                  0000f368    00000094                                                                         : osal_timers.obj (.text:osal_timer_refTimeUpdate)
                  0000f3fc    00000092     gap_pxxx.a : linkdb.o (.text)
                  0000f48e    00000092     ll_pxxx.a : ll_common.o (.text)
                  0000f520    00000092               : ll_enc.o (.text)
                  0000f5b2    00000002     ble5_glucose_sensor_cc2640r2lp_stack_library_MIGRATION_4.11_SDK.lib : hal_assert.obj (.text:halAssertHandler)
                  0000f5b4    00000090     board.obj (.text:CC2640R2_LAUNCHXL_shutDownExtFlash)
                  0000f644    00000090     drivers_cc26x0r2.aem3 : CryptoCC26XX.oem3 (.text:CryptoCC26XX_open)
                  0000f6d4    00000090     driverlib.lib : setup.obj (.text:TrimAfterColdResetWakeupFromShutDown)
                  0000f764    00000090     gatt_pxxx.a : gatt_client.o (.text)
                  0000f7f4    00000090     ll_pxxx.a : ll_scheduler.o (.text)
                  0000f884    00000090               : ll_wl.o (.text)
                  0000f914    00000090     ble5_glucose_sensor_cc2640r2lp_stack_library_MIGRATION_4.11_SDK.lib : osal_cbtimer.obj (.text:osal_CbTimerProcessEvent)
                  0000f9a4    00000090     sm_pxxx.a : sm_pairing.o (.text)
                  0000fa34    00000090     rom_sysbios.aem3 : rom_sysbios.obj (.text:ti_sysbios_family_arm_cc26xx_Timer_start__E)
                  0000fac4    0000008e     drivers_cc26x0r2.aem3 : UARTCC26XX.oem3 (.text:UARTCC26XX_writeCancel)
                  0000fb52    00000002     ble5_glucose_sensor_cc2640r2lp_stack_library_MIGRATION_4.11_SDK.lib : hal_assert.obj (.text:halAssertSpinlock)
                  0000fb54    0000008c                                                                         : gapbondmgr.obj (.text:GAPBondMgr_FindAddr)
                  0000fbe0    0000008c     icall.obj (.text:ICall_heapMalloc)
                  0000fc6c    0000008c     gatt_pxxx.a : gatt_client.o (.text)
                  0000fcf8    0000008c     ll_pxxx.a : ll_common.o (.text)
                  0000fd84    00000088     gap_pxxx.a : gap_linkmgr.o (.text)
                  0000fe0c    00000088     hci_pxxx.a : hci_event.o (.text)
                  0000fe94    00000086     ll_pxxx.a : ll_common.o (.text)
                  0000ff1a    00000002     icall_api_lite.obj (.text:rfErrCb)
                  0000ff1c    00000084     driverlib.lib : crypto.obj (.text:NOROM_CRYPTOCcmInvAuthDecryptResultGet)
                  0000ffa0    00000084     drivers_cc26x0r2.aem3 : UARTCC26XX.oem3 (.text:UARTCC26XX_close)
                  00010024    00000084     profiles_pxxx.a : gattservapp.o (.text)
                  000100a8    00000084                     : gattservapp.o (.text)
                  0001012c    00000082     gatt_pxxx.a : gatt_client.o (.text)
                  000101ae    00000082     ll_pxxx.a : ll.o (.text)
                  00010230    00000082     profiles_pxxx.a : gattservapp.o (.text)
                  000102b2    00000002     rtsv7M3_T_le_eabi.lib : i_div0.obj (.text)
                  000102b4    00000080     rf_singleMode_cc26x0r2.aem3 : RFCC26XX_singleMode.oem3 (.text:RF_hwiCpe0Active)
                  00010334    00000080     ll_pxxx.a : ll.o (.text)
                  000103b4    00000080     profiles_pxxx.a : gattservapp.o (.text)
                  00010434    00000080     drivers_cc26x0r2.aem3 : UARTCC26XX.oem3 (.text:writeTxFifoFlush)
                  000104b4    0000007c     rf_singleMode_cc26x0r2.aem3 : RFCC26XX_singleMode.oem3 (.text:RF_ratFreeChannel)
                  00010530    0000007c     gap_pxxx.a : gap_linkmgr.o (.text)
                  000105ac    0000007c     gatt_pxxx.a : gatt_client.o (.text)
                  00010628    0000007c     hci_pxxx.a : hci_event.o (.text)
                  000106a4    0000007c     ll_pxxx.a : ll_common.o (.text)
                  00010720    0000007c               : ll_common.o (.text)
                  0001079c    0000007c     ble5_glucose_sensor_cc2640r2lp_stack_library_MIGRATION_4.11_SDK.lib : osal.obj (.text:osal_event_send$18)
                  00010818    0000007a     rtsv7M3_T_le_eabi.lib : memset_t2.obj (.text)
                  00010892    00000002     app_ble_pem3.oem3 (.text:ti_sysbios_BIOS_nullFunc__I)
                  00010894    00000078     glucose.obj (.text:GlucoseSensor_ctlPntIndicate$1)
                  0001090c    00000078     l2cap_pxxx.a : l2cap_if.o (.text)
                  00010984    00000078     ll_pxxx.a : ll_common.o (.text)
                  000109fc    00000078               : ll_common.o (.text)
                  00010a74    00000078               : ll_common.o (.text)
                  00010aec    00000078     profiles_pxxx.a : gattservapp.o (.text)
                  00010b64    00000076     gatt_pxxx.a : gatt_client.o (.text)
                  00010bda    00000002     rom_sysbios.aem3 : rom_sysbios.obj (.text:ti_sysbios_heaps_HeapCallback_defaultDelete)
                  00010bdc    00000074     ble5_glucose_sensor_cc2640r2lp_stack_library_MIGRATION_4.11_SDK.lib : gapbondmgr.obj (.text:gapBondMgrBondReq$26)
                  00010c50    00000074     ll_pxxx.a : ll_ae.o (.text)
                  00010cc4    00000074               : ll_ae.o (.text)
                  00010d38    00000074               : ll_common.o (.text)
                  00010dac    00000074               : ll_common.o (.text)
                  00010e20    00000074               : ll_enc.o (.text)
                  00010e94    00000074     sm_pxxx.a : sm_pairing.o (.text)
                  00010f08    00000072     gatt_pxxx.a : gatt_client.o (.text)
                  00010f7a    00000002     app_ble_pem3.oem3 (.text:ti_sysbios_rom_cortexm_cc26xx_r2_CC26xx_badRomRevision__E)
                  00010f7c    00000070     icall.obj (.text:ICall_heapGetStats)
                  00010fec    00000070     icall.obj (.text:ICall_heapInit)
                  0001105c    00000070     driverlib.lib : sys_ctrl.obj (.text:NOROM_SysCtrlAdjustRechargeAfterPowerDown)
                  000110cc    00000070     ble5_glucose_sensor_cc2640r2lp_stack_library_MIGRATION_4.11_SDK.lib : ble_dispatch_lite.obj (.text:ble_dispatch_liteProcess)
                  0001113c    00000070     gatt_pxxx.a : gatt_server.o (.text)
                  000111ac    00000070     drivers_cc26x0r2.aem3 : PowerCC26XX.oem3 (.text:lfClockReadyCallback)
                  0001121c    00000070     ble5_glucose_sensor_cc2640r2lp_stack_library_MIGRATION_4.11_SDK.lib : osal_snv_wrapper.obj (.text:writeWord$35)
                  0001128c    0000006e     gap_pxxx.a : gap_task.o (.text)
                  000112fa    0000006e     gatt_pxxx.a : gatt_server.o (.text)
                  00011368    0000006d     rom_sysbios.aem3 : rom_sysbios.obj (.text:xdc_runtime_System_formatNum__I)
                  000113d5    00000001     --HOLE-- [fill = 0]
                  000113d6    00000002                      : rom_sysbios.obj (.text:xdc_runtime_SysCallback_defaultAbort)
                  000113d8    0000006c     icall.obj (.text:ICall_sendServiceComplete)
                  00011444    0000006c     driverlib.lib : osc.obj (.text:NOROM_OSCHF_AttemptToSwitchToXosc)
                  000114b0    0000006c     drivers_cc26x0r2.aem3 : PowerCC26XX_calibrateRCOSC.oem3 (.text:PowerCC26XX_initiateCalibration)
                  0001151c    0000006c     rf_singleMode_cc26x0r2.aem3 : RFCC26XX_singleMode.oem3 (.text:RF_ratDisableChannel)
                  00011588    0000006c     drivers_cc26x0r2.aem3 : PowerCC26XX.oem3 (.text:configureXOSCHF)
                  000115f4    0000006c     gap_pxxx.a : gap_configmgr.o (.text)
                  00011660    0000006c                : gap_perilinkmgr.o (.text)
                  000116cc    0000006c     gatt_pxxx.a : gatt_client.o (.text)
                  00011738    0000006c     ll_pxxx.a : ble.o (.text)
                  000117a4    0000006c               : ll_common.o (.text)
                  00011810    0000006c               : ll_common.o (.text)
                  0001187c    0000006c               : ll_common.o (.text)
                  000118e8    0000006c               : ll_common.o (.text)
                  00011954    0000006c               : ll_scheduler.o (.text)
                  000119c0    0000006a     ble5_glucose_sensor_cc2640r2lp_stack_library_MIGRATION_4.11_SDK.lib : gapbondmgr.obj (.text:gapBondMgrEraseLocalInfo$26)
                  00011a2a    00000002     rom_sysbios.aem3 : rom_sysbios.obj (.text:xdc_runtime_SysCallback_defaultExit)
                  00011a2c    00000068     drivers_cc26x0r2.aem3 : CryptoCC26XX.oem3 (.text:CryptoCC26XX_loadKey)
                  00011a94    00000068     driverlib.lib : sys_ctrl.obj (.text:NOROM_SysCtrl_DCDC_VoltageConditionalControl)
                  00011afc    00000068     rf_singleMode_cc26x0r2.aem3 : RFCC26XX_singleMode.oem3 (.text:RF_getCurrentTime)
                  00011b64    00000068                                 : RFCC26XX_singleMode.oem3 (.text:RF_hwiHw)
                  00011bcc    00000068     rtsv7M3_T_le_eabi.lib : copy_decompress_lzss.obj (.text:decompress:lzss)
                  00011c34    00000068     gap_pxxx.a : gap_configmgr.o (.text)
                  00011c9c    00000068     ll_pxxx.a : ll.o (.text)
                  00011d04    00000068               : ll.o (.text)
                  00011d6c    00000068               : ll.o (.text)
                  00011dd4    00000068               : ll_common.o (.text)
                  00011e3c    00000068               : ll_privacy.o (.text)
                  00011ea4    00000068     ble5_glucose_sensor_cc2640r2lp_stack_library_MIGRATION_4.11_SDK.lib : osal_cbtimer.obj (.text:osal_CbTimerUpdate)
                  00011f0c    00000066     ll_pxxx.a : ll_common.o (.text)
                  00011f72    00000066               : ll_common.o (.text)
                  00011fd8    00000066               : ll_privacy.o (.text)
                  0001203e    00000002     rom_sysbios.aem3 : rom_sysbios.obj (.text:xdc_runtime_SysCallback_defaultPutch)
                  00012040    00000064     icall.obj (.text:ICall_send)
                  000120a4    00000064     driverlib.lib : rfc.obj (.text:NOROM_RFCOverrideUpdate)
                  00012108    00000064     gap_pxxx.a : gap_linkmgr.o (.text)
                  0001216c    00000064                : linkdb.o (.text)
                  000121d0    00000064     ll_pxxx.a : ll_privacy.o (.text)
                  00012234    00000064     profiles_pxxx.a : gattservapp.o (.text)
                  00012298    00000064                     : gattservapp.o (.text)
                  000122fc    00000064                     : gattservapp.o (.text)
                  00012360    00000062     gattservapp_util.obj (.text:GATTServApp_ProcessCCCWriteReq)
                  000123c2    00000002     --HOLE-- [fill = 0]
                  000123c4    00000060     icall.obj (.text:ICall_createRemoteTasksAtRuntime)
                  00012424    00000060     icall.obj (.text:ICall_enrollService)
                  00012484    00000060     drivers_cc26x0r2.aem3 : PowerCC26XX.oem3 (.text:PowerCC26XX_calibrate)
                  000124e4    00000060     rf_singleMode_cc26x0r2.aem3 : RFCC26XX_singleMode.oem3 (.text:RF_dispatchNextEvent)
                  00012544    00000060     gap_pxxx.a : gap_linkmgr.o (.text)
                  000125a4    00000060                : gap_linkmgr.o (.text)
                  00012604    00000060                : gap_task.o (.text)
                  00012664    00000060     ll_pxxx.a : ll.o (.text)
                  000126c4    00000060               : ll_common.o (.text)
                  00012724    00000060               : ll_scheduler.o (.text)
                  00012784    0000005f     rom_sysbios.aem3 : rom_sysbios.obj (.text:xdc_runtime_Text_putLab__E)
                  000127e3    00000001     --HOLE-- [fill = 0]
                  000127e4    0000005e     icall.obj (.text:ICall_fetchMsg)
                  00012842    0000005e     drivers_cc26x0r2.aem3 : UARTCC26XX.oem3 (.text:UARTCC26XX_swiIntFxn)
                  000128a0    0000005e     gatt_pxxx.a : gatt_client.o (.text)
                  000128fe    0000005e     ll_pxxx.a : ll_common.o (.text)
                  0001295c    0000005c     drivers_cc26x0r2.aem3 : CryptoResourceCC26XX.oem3 (.text:CryptoResourceCC26XX_constructRTOSObjects)
                  000129b8    0000005c     display.aem3 : Display.oem3 (.text:Display_doOpen)
                  00012a14    0000005c     icall.obj (.text:ICall_pwrUpdActivityCounter)
                  00012a70    0000005c     drivers_cc26x0r2.aem3 : PowerCC26XX_calibrateRCOSC.oem3 (.text:PowerCC26XX_RCOSC_clockFunc)
                  00012acc    0000005c     rf_singleMode_cc26x0r2.aem3 : RFCC26XX_singleMode.oem3 (.text:RF_cmdDispatchTime)
                  00012b28    0000005c                                 : RFCC26XX_singleMode.oem3 (.text:RF_hwiCpe0PowerFsm)
                  00012b84    0000005c     gatt_pxxx.a : gatt_client.o (.text)
                  00012be0    0000005c     ll_pxxx.a : ll_ae.o (.text)
                  00012c3c    0000005c               : ll_common.o (.text)
                  00012c98    0000005c     profiles_pxxx.a : gapgattserver.o (.text)
                  00012cf4    0000005c                     : gattservapp.o (.text)
                  00012d50    0000005c                     : gattservapp.o (.text)
                  00012dac    0000005c     app_ble_pem3.oem3 (.text:xdc_runtime_Startup_getState__I)
                  00012e08    0000005a     rf_singleMode_cc26x0r2.aem3 : RFCC26XX_singleMode.oem3 (.text:RF_syncCb)
                  00012e62    0000005a     ll_pxxx.a : ll_common.o (.text)
                  00012ebc    0000005a               : ll_isr.o (.text)
                  00012f16    00000058     icall.obj (.text:ICall_wait)
                  00012f6e    00000002     --HOLE-- [fill = 0]
                  00012f70    00000058     drivers_cc26x0r2.aem3 : PINCC26XX.oem3 (.text:PIN_remove)
                  00012fc8    00000058     rf_singleMode_cc26x0r2.aem3 : RFCC26XX_singleMode.oem3 (.text:RF_fsmXOSCState)
                  00013020    00000058                                 : RFCC26XX_singleMode.oem3 (.text:RF_getInfo)
                  00013078    00000058     drivers_cc26x0r2.aem3 : UARTCC26XX.oem3 (.text:UARTCC26XX_control)
                  000130d0    00000058     util.obj (.text:Util_constructClock)
                  00013128    00000058     ble5_glucose_sensor_cc2640r2lp_stack_library_MIGRATION_4.11_SDK.lib : osal_snv_wrapper.obj (.text:findItem$35)
                  00013180    00000058                                                                         : gapbondmgr.obj (.text:gapBondMgr_UpdateCharCfg$26)
                  000131d8    00000058     gap_pxxx.a : gap_linkmgr.o (.text)
                  00013230    00000058     ll_pxxx.a : ll.o (.text)
                  00013288    00000058               : ll_ae.o (.text)
                  000132e0    00000058               : ll_ae.o (.text)
                  00013338    00000058               : ll_ae.o (.text)
                  00013390    00000058               : ll_common.o (.text)
                  000133e8    00000058               : ll_common.o (.text)
                  00013440    00000058               : ll_enc.o (.text)
                  00013498    00000058               : ll_wl.o (.text)
                  000134f0    00000058     ble5_glucose_sensor_cc2640r2lp_stack_library_MIGRATION_4.11_SDK.lib : osal_cbtimer.obj (.text:osal_CbTimerStop)
                  00013548    00000058     profiles_pxxx.a : gattservapp.o (.text)
                  000135a0    00000058     sm_pxxx.a : sm_rsppairing.o (.text)
                  000135f8    00000056     ble5_glucose_sensor_cc2640r2lp_stack_library_MIGRATION_4.11_SDK.lib : gapbondmgr.obj (.text:gapBondMgrChangeState$26)
                  0001364e    00000056                                                                         : gapbondmgr.obj (.text:gapBondMgrSetStateFlagFromConnhandle$26)
                  000136a4    00000056     ll_pxxx.a : ll_common.o (.text)
                  000136fa    00000056               : ll_wl.o (.text)
                  00013750    00000054     rf_singleMode_cc26x0r2.aem3 : RFCC26XX_singleMode.oem3 (.text:RF_discardPendCmd)
                  000137a4    00000054     ble5_glucose_sensor_cc2640r2lp_stack_library_MIGRATION_4.11_SDK.lib : gapbondmgr.obj (.text:gapBondStateDoGATTDisc$26)
                  000137f8    00000054     gap_pxxx.a : gap_devmgr.o (.text)
                  0001384c    00000054                : gap_task.o (.text)
                  000138a0    00000054                : linkdb.o (.text)
                  000138f4    00000054     gatt_pxxx.a : gatt_client.o (.text)
                  00013948    00000054     profiles_pxxx.a : gattservapp.o (.text)
                  0001399c    00000054     rtsv7M3_T_le_eabi.lib : exit.obj (.text)
                  000139f0    00000052     ll_pxxx.a : ll.o (.text)
                  00013a42    00000052               : ll_common.o (.text)
                  00013a94    00000052               : ll_privacy.o (.text)
                  00013ae6    00000002     --HOLE-- [fill = 0]
                  00013ae8    00000050     dpl_cc26x0r2.aem3 : ClockP_tirtos.oem3 (.text:ClockP_construct)
                  00013b38    00000050     ECCROMCC26XX.obj (.text:ECCROMCC26XX_Params_init)
                  00013b88    00000050     glucose.obj (.text:GlucoseSensor_enqueueMsg$1)
                  00013bd8    00000050     gap_pxxx.a : gap_perilinkmgr.o (.text)
                  00013c28    00000050     ll_pxxx.a : ll.o (.text)
                  00013c78    00000050               : ll.o (.text)
                  00013cc8    00000050               : ll.o (.text)
                  00013d18    00000050               : ll_common.o (.text)
                  00013d68    00000050               : ll_isr.o (.text)
                  00013db8    00000050     drivers_cc26x0r2.aem3 : UARTCC26XX.oem3 (.text:startTxFifoEmptyClk)
                  00013e08    0000004e     ll_pxxx.a : ll.o (.text)
                  00013e56    0000004e               : ll_common.o (.text)
                  00013ea4    0000004e               : ll_common.o (.text)
                  00013ef2    0000004e               : ll_privacy.o (.text)
                  00013f40    0000004c     glucose.obj (.text:GlucoseSensor_clearConnListEntry$1)
                  00013f8c    0000004c     icall.obj (.text:ICall_newTask$6)
                  00013fd8    0000004c     rf_singleMode_cc26x0r2.aem3 : RFCC26XX_singleMode.oem3 (.text:RF_wakeupNotification)
                  00014024    0000004c     gap_pxxx.a : gap_advertiser.o (.text)
                  00014070    0000004c                : gap_linkmgr.o (.text)
                  000140bc    0000004c                : gap_perilinkmgr.o (.text)
                  00014108    0000004c     hci_pxxx.a : hci_event.o (.text)
                  00014154    0000004c     ll_pxxx.a : ll.o (.text)
                  000141a0    0000004c               : ll_scheduler.o (.text)
                  000141ec    0000004c     ble5_glucose_sensor_cc2640r2lp_stack_library_MIGRATION_4.11_SDK.lib : osal_bufmgr.obj (.text:osal_bm_free)
                  00014238    0000004c     rtsv7M3_T_le_eabi.lib : cpy_tbl.obj (.text)
                  00014284    0000004c     sm_pxxx.a : sm_mgr.o (.text)
                  000142d0    0000004a     drivers_cc26x0r2.aem3 : UARTCC26XX.oem3 (.text:UARTCC26XX_readCancel)
                  0001431a    0000004a     ll_pxxx.a : ll.o (.text)
                  00014364    00000048     board.obj (.text:CC2640R2_LAUNCHXL_wakeUpExtFlash)
                  000143ac    00000048     ECCROMCC26XX.obj (.text:ECC_initGlobals$4)
                  000143f4    00000048     drivers_cc26x0r2.aem3 : PINCC26XX.oem3 (.text:PIN_setOutputEnable)
                  0001443c    00000048     ble5_glucose_sensor_cc2640r2lp_stack_library_MIGRATION_4.11_SDK.lib : gapbondmgr.obj (.text:gapBondMgrReadBonds$26)
                  00014484    00000048                                                                         : gapbondmgr.obj (.text:gapBondMgrUpdateLruBondList$26)
                  000144cc    00000048                                                                         : gapbondmgr.obj (.text:gapBondMgr_ReadGattChar$26)
                  00014514    00000048                                                                         : gapbondmgr.obj (.text:gapBondStateStartNextGATTDisc$26)
                  0001455c    00000048     gap_pxxx.a : gap_configmgr.o (.text)
                  000145a4    00000048                : linkdb.o (.text)
                  000145ec    00000048     ll_pxxx.a : ll.o (.text)
                  00014634    00000048               : ll_common.o (.text)
                  0001467c    00000048               : ll_scheduler.o (.text)
                  000146c4    00000048               : ll_scheduler.o (.text)
                  0001470c    00000048     ble5_glucose_sensor_cc2640r2lp_stack_library_MIGRATION_4.11_SDK.lib : osal_timers.obj (.text:osalAddTimer)
                  00014754    00000048     rom_sysbios.aem3 : rom_sysbios.obj (.text:ti_sysbios_family_arm_cc26xx_Timer_setThreshold__I)
                  0001479c    00000048     drivers_cc26x0r2.aem3 : UARTCC26XX.oem3 (.text:writeFinishedDoCallback)
                  000147e4    00000046     gatt_pxxx.a : gatt_client.o (.text)
                  0001482a    00000002     --HOLE-- [fill = 0]
                  0001482c    00000044     ble5_glucose_sensor_cc2640r2lp_stack_library_MIGRATION_4.11_SDK.lib : gapbondmgr.obj (.text:GAPBondMgr_Pair)
                  00014870    00000044     driverlib.lib : osc.obj (.text:NOROM_OSCHF_SwitchToRcOscTurnOffXosc)
                  000148b4    00000044     drivers_cc26x0r2.aem3 : RingBuf.oem3 (.text:RingBuf_put)
                  000148f8    00000044     boot.aem3 : boot.oem3 (.text)
                  0001493c    00000044     glucservice.obj (.text:glucose_ReadAttrCB$14)
                  00014980    00000044     ll_pxxx.a : ll.o (.text)
                  000149c4    00000044               : ll.o (.text)
                  00014a08    00000044               : ll.o (.text)
                  00014a4c    00000044               : ll.o (.text)
                  00014a90    00000044               : ll_ae.o (.text)
                  00014ad4    00000044               : ll_common.o (.text)
                  00014b18    00000044     ble5_glucose_sensor_cc2640r2lp_stack_library_MIGRATION_4.11_SDK.lib : osal_timers.obj (.text:osal_start_timerEx)
                  00014b5c    00000044     profiles_pxxx.a : gattservapp.o (.text)
                  00014ba0    00000044     rom_sysbios.aem3 : rom_sysbios.obj (.text:xdc_runtime_Text_xprintf__I)
                  00014be4    00000042     ll_pxxx.a : ble.o (.text)
                  00014c26    00000042               : ll_common.o (.text)
                  00014c68    00000040     ECCROMCC26XX.obj (.text:ECCROMCC26XX_init)
                  00014ca8    00000040     drivers_cc26x0r2.aem3 : PINCC26XX.oem3 (.text:PIN_swi)
                  00014ce8    00000040                           : PowerCC26XX.oem3 (.text:PowerCC26XX_isStableXOSC_HF)
                  00014d28    00000040                           : UART.oem3 (.text:UART_init)
                  00014d68    00000040                           : UART.oem3 (.text:UART_open)
                  00014da8    00000040     ble5_glucose_sensor_cc2640r2lp_stack_library_MIGRATION_4.11_SDK.lib : osal_snv_wrapper.obj (.text:erasePage$35)
                  00014de8    00000040     gap_pxxx.a : gap_configmgr.o (.text)
                  00014e28    00000040                : gap_linkmgr.o (.text)
                  00014e68    00000040                : linkdb.o (.text)
                  00014ea8    00000040     ll_pxxx.a : ll.o (.text)
                  00014ee8    00000040               : ll.o (.text)
                  00014f28    00000040               : ll_common.o (.text)
                  00014f68    00000040               : ll_scheduler.o (.text)
                  00014fa8    00000040     profiles_pxxx.a : gattservapp.o (.text)
                  00014fe8    00000040     rtsv7M3_T_le_eabi.lib : u_divt2.obj (.text)
                  00015028    00000040     rom_sysbios.aem3 : rom_sysbios.obj (.text:ti_sysbios_heaps_HeapCallback_Module_startup__E)
                  00015068    0000003e     dpl_cc26x0r2.aem3 : HwiP_tirtos.oem3 (.text:HwiP_construct)
                  000150a6    0000003e     drivers_cc26x0r2.aem3 : RingBuf.oem3 (.text:RingBuf_get)
                  000150e4    0000003e     ll_pxxx.a : ll_common.o (.text)
                  00015122    00000002     --HOLE-- [fill = 0]
                  00015124    0000003c     glucose.obj (.text:GlucoseSensor_createTask)
                  00015160    0000003c     driverlib.lib : osc.obj (.text:NOROM_OSC_HPOSCRelativeFrequencyOffsetGet)
                  0001519c    0000003c                   : rfc.obj (.text:NOROM_RFCSynthPowerDown)
                  000151d8    0000003c     rf_singleMode_cc26x0r2.aem3 : RFCC26XX_singleMode.oem3 (.text:RF_cmdStoreEvents)
                  00015214    0000003c     dpl_cc26x0r2.aem3 : SwiP_tirtos.oem3 (.text:SwiP_construct)
                  00015250    0000003c     drivers_cc26x0r2.aem3 : PowerCC26XX.oem3 (.text:disableLfClkQualifiersEnableClkLoss)
                  0001528c    0000003c     gap_pxxx.a : gap_advertiser.o (.text)
                  000152c8    0000003c     gatt_pxxx.a : gatt_client.o (.text)
                  00015304    0000003c     hci_tl_none.a : hci_tl.o (.text)
                  00015340    0000003c     ll_pxxx.a : ll.o (.text)
                  0001537c    0000003c               : ll_common.o (.text)
                  000153b8    0000003c               : ll_privacy.o (.text)
                  000153f4    0000003c     ble5_glucose_sensor_cc2640r2lp_stack_library_MIGRATION_4.11_SDK.lib : osal_bufmgr.obj (.text:osal_bm_alloc)
                  00015430    0000003c                                                                         : osal_timers.obj (.text:osal_start_reload_timer)
                  0001546c    0000003c     profiles_pxxx.a : gattservapp.o (.text)
                  000154a8    0000003c                     : gattservapp.o (.text)
                  000154e4    0000003c     rom_sysbios.aem3 : rom_sysbios.obj (.text:ti_sysbios_family_arm_m3_Hwi_construct2__E)
                  00015520    0000003a     gatt_pxxx.a : gatt_client.o (.text)
                  0001555a    0000003a     ll_pxxx.a : ll_common.o (.text)
                  00015594    0000003a     sm_pxxx.a : sm_mgr.o (.text)
                  000155ce    00000002     --HOLE-- [fill = 0]
                  000155d0    00000038     board_key.obj (.text:Board_keyCallback$0)
                  00015608    00000038     glucose.obj (.text:GlucoseSensor_findFirstValidFilteredIdx$1)
                  00015640    00000038     drivers_cc26x0r2.aem3 : PINCC26XX.oem3 (.text:PIN_setConfig)
                  00015678    00000038                           : PINCC26XX.oem3 (.text:PIN_setOutputValue)
                  000156b0    00000038     rf_singleMode_cc26x0r2.aem3 : RFCC26XX_singleMode.oem3 (.text:RF_checkCmdFsError)
                  000156e8    00000038     ble5_glucose_sensor_cc2640r2lp_stack_library_MIGRATION_4.11_SDK.lib : osal_bufmgr.obj (.text:bm_desc_from_payload$19)
                  00015720    00000038                                                                         : osal_snv_wrapper.obj (.text:disableCache$35)
                  00015758    00000038                                                                         : gapbondmgr.obj (.text:gapBondMgr_SupportsCentAddrRes$26)
                  00015790    00000038     l2cap_pxxx.a : l2cap_util.o (.text)
[...]
20001dfc  clientInfoTbl                                                             
20001e00  linkCmd                                                                   
20001e04  linkParam                                                                 
20001e08  rtosApiTblPtr                                                             
20001e0c  dtmInfo                                                                   
20001e10  llCombineState                                                            
20001e14  LSTORecoveryArr                                                           
20001e18  pRfPathComp                                                               
20001e1c  advSetList                                                                
20001e20  pRpaCfg                                                                   
20001e28  ClockP_tickPeriod                                                         
20001e2c  tasksEvents                                                               
20001e30  trngCC26XXObjects                                                         
20001e34  connInitialMaxTxTimeUncoded                                               
20001e36  connInitialMaxTxTimeCoded                                                 
20001e3a  att_sendRspOnly                                                           
20001e3c  hciTaskID                                                                 
20001e3d  hciTestTaskID                                                             
20001e3e  hciGapTaskID                                                              
20001e3f  hciL2capTaskID                                                            
20001e40  hciSmpTaskID                                                              
20001e41  l2cap_gattServAppTaskID                                                   
20001e42  defaultPhy                                                                
20001e43  scanReqRpt                                                                
20001e44  aeCurAdvEnableHandle                                                      
20001e45  aeCurHandle                                                               
20001e46  aeCurConnHandle                                                           
20001e48  driverlib_release_0_56883                                                 
20001e49  icall_liteTaskId                                                          
20001e4a  heapStart                                                                 
20004000  __stack                                                                   
20004000  heapEnd                                                                   
20004400  __STACK_END                                                               
20004400  __STACK_TOP                                                               
200044f8  RAM_BASE_ADDR                                                             
20004504  ROM_FlashJT                                                               
20004558  gapPeripheralCBs                                                          
20004564  gapPeripheralConnCBs                                                      
2000459c  slaveConnHandle                                                           
2000459e  nextHandle                                                                
200045a0  l2capMtuSize                                                              
200045a2  gapAppTaskID                                                              
200045a3  gapAdvAppTaskID                                                           
200045a4  gapUnwantedTaskID                                                         
200045a5  reqTaskId                                                                 
200045a6  gattAppTaskID                                                             
200045a7  appTaskID                                                                 
200045a8  flowCtrlTaskId                                                            
200045a9  SM_appTaskID                                                              
200046ec  scanDataEntry                                                             
200047cc  wlTable                                                                   
200048a8  wlTableScan                                                               
20004988  rfObject                                                                  
20004a20  advCmd                                                                    
20004a68  localEccKeys                                                              
20004aac  initDataEntry                                                             
20004b1c  l2capFixedChannels                                                        
20004b4c  linkCBs                                                                   
20004b7c  eccParams                                                                 
20004bac  initParam                                                                 
20004bd0  scanParam                                                                 
20004bf4  advParam                                                                  
20004c14  cryptoPRAND                                                               
20004c34  txModemTestCmd                                                            
20004c50  gapParams                                                                 
20004c6c  initCmd                                                                   
20004c84  connReqData                                                               
20004c9c  scanCmd                                                                   
20004cb4  scanOutput                                                                
20004ce4  rxModemTestCmd                                                            
20004cfc  rsp                                                                       
20004d14  fwParDtmCmd                                                               
20004d44  fwParRfCmd                                                                
20004d5c  connOutput                                                                
20004d70  rxTestParam                                                               
20004d84  initDataQueue                                                             
20004d94  scanDataQueue                                                             
20004da4  advDataQueue                                                              
20004db4  advOutput                                                                 
20004dc4  txTestParam                                                               
20004dd4  initOutput                                                                
20004de0  rxTestOut                                                                 
20004df8  cachedTRNGdata                                                            
20004e04  gapCurrentRandomAddr                                                      
20004e0c  slaveUpdateReq                                                            
20004e14  pBleEvtMask                                                               
20004e1c  pHciEvtMask                                                               
20004e24  pHciEvtMask2                                                              
20004e2c  ownPublicAddr                                                             
20004e34  ownRandomAddr                                                             
20004e3c  ownSavedPublicAddr                                                        
20004e44  fwImmedCmd                                                                
20004e4c  attServerNotifyTxCB                                                       
20004e50  rfEvent                                                                   
20004e58  fwParCmd                                                                  
20004e60  verInfo                                                                   
20004e68  llConns                                                                   
20004e70  fwParamImmedCmd                                                           
20004e78  privInfo                                                                  
20004e88  rxDataQ                                                                   
20004e8c  txDataQ                                                                   
20004e90  rxRingBuf                                                                 
20004e94  txTestOut                                                                 
20004e98  pGapDiscReq                                                               
20004e9c  pGapAdvertState                                                           
20004ea0  pEstLink                                                                  
20004ea4  pAuthLink                                                                 
20004ea8  pfnCentralConnCBs                                                         
20004eac  pfnPeripheralConnCBs                                                      
20004eb0  pGapAdvTokens                                                             
20004eb4  pGapAdData                                                                
20004eb8  pGapScanRspData                                                           
20004ebc  pfnPeripheralCBs                                                          
20004ec0  pfnCentralCBs                                                             
20004ec8  serverInfoTbl                                                             
20004ecc  pServiceList                                                              
20004ed0  pfnServerProcessMsgCB                                                     
20004ed4  pfnClientProcessMsgCB                                                     
20004ed8  prepareWritesTbl                                                          
20004edc  serviceCBsList                                                            
20004ee0  pAttrValue                                                                
20004ee4  l2capChannels                                                             
20004ee8  linkDB                                                                    
20004eec  rfHandle                                                                  
20004ef0  rfDrvTblPtr                                                               
20004ef4  eccDrvTblPtr                                                              
20004ef8  cryptoDrvTblPtr                                                           
20004efc  trngDrvTblPtr                                                             
20004f00  activeConns                                                               
20004f04  SysBootMsg                                                                
20004f08  sclkSrc                                                                   
20004f0c  buildInfo                                                                 
20004f10  advInfo                                                                   
20004f18  initInfo                                                                  
20004f20  taskEndAction                                                             
20004f24  encParams                                                                 
20004f28  encHandle                                                                 
20004f2c  encKey                                                                    
20004f30  pPairingParams                                                            
20004f34  pfnResponderCBs                                                           
20004f38  pfnInitiatorCBs                                                           
20004f3c  gapLimitedAdvertisingTimeout                                              
20004f3e  attrLen                                                                   
20004f40  numHostBufs                                                               
20004f42  rfCmdHandle                                                               
20004f44  connInitialMaxTxOctets                                                    
20004f46  connInitialMaxTxTime                                                      
20004f48  supportedMaxTxOctets                                                      
20004f4a  supportedMaxTxTime                                                        
20004f4c  supportedMaxRxOctets                                                      
20004f4e  supportedMaxRxTime                                                        
20004f50  taskEndStatus                                                             
20004f52  postRfOperations                                                          
20004f54  rfCfgAdiVal                                                               
20004f58  gapProfileRole                                                            
20004f59  gapDeviceAddrMode                                                         
20004f5a  gapState                                                                  
20004f5b  terminateAllTaskID                                                        
20004f5c  terminateReason                                                           
20004f5d  gapTaskID                                                                 
20004f5e  gattNumConns                                                              
20004f5f  gattTaskID                                                                
20004f60  GATTServApp_TaskID                                                        
20004f61  maxNumPrepareWrites                                                       
20004f62  hciPTMenabled                                                             
20004f63  ctrlToHostEnable                                                          
20004f64  l2capFlowCtrlMode                                                         
20004f65  l2capTaskID                                                               
20004f66  l2capNumChannels                                                          
20004f67  l2capNumDataPkts                                                          
20004f68  l2capId                                                                   
20004f69  linkDBNumConns                                                            
20004f6a  linkDB_secureConnectionOnlyMode                                           
20004f6b  maxPduSize                                                                
20004f6c  rfFeModeBias                                                              
20004f6d  maxNumTxDataBufs                                                          
20004f6e  LL_TaskID                                                                 
20004f6f  llState                                                                   
20004f70  rssiCorrection                                                            
20004f71  curTxPowerVal                                                             
20004f72  maxTxPwrForDTM                                                            
20004f73  onePktPerEvt                                                              
20004f74  numComplPkts                                                              
20004f75  numComplPktsLimit                                                         
20004f76  numComplPktsFlush                                                         
20004f77  fastTxRespTime                                                            
20004f78  slOverride                                                                
20004f79  rxFifoFlowCtrl                                                            
20004f7a  numTxDataBufs                                                             
20004f7b  maxNumConns                                                               
20004f7c  smTaskID                                                                  
20004f7d  SM_appExpectingKey                                                        
20004f80  ECC_DATA$$Base                                                            
20004f80  eccRom_param_Gx                                                           
20004f84  eccRom_param_Gy                                                           
20004f88  eccRom_workzone                                                           
20004f8c  eccRom_param_p                                                            
20004f90  eccRom_param_r                                                            
20004f94  eccRom_param_a                                                            
20004f98  eccRom_param_b                                                            
20004f9c  eccRom_windowSize                                                         
20004fa0  aux64                                                                     
20004fa8  MOD                                                                       
20004fac  LEN                                                                       
20004fb0  inScalar                                                                  
20004fb4  inPointX                                                                  
20004fb8  inPointY                                                                  
20004fbc  outPointX                                                                 
20004fc0  outPointY                                                                 
20004fc4  SCAL                                                                      
20004fc8  EXPX                                                                      
20004fcc  EXPY                                                                      
20004fd0  EXPZ                                                                      
20004fd4  EXPW                                                                      
20004fd8  ACCX                                                                      
20004fdc  ACCY                                                                      
20004fe0  ACCZ                                                                      
20004fe4  TMP1                                                                      
20004fe8  TMP2                                                                      
20004fec  TMP3                                                                      
20004ff0  TMP4                                                                      
20004ff4  TMP5                                                                      
20004ff8  TMP6                                                                      
20004ffc  MSBMOD                                                                    
20005000  ECC_DATA$$Limit                                                           
20005000  __UNUSED_SRAM_end__                                                       
e000e000  ti_sysbios_family_arm_m3_Hwi_nvic                                         
ffffffff  __TI_pprof_out_hndl                                                       
ffffffff  __TI_prof_data_size                                                       
ffffffff  __TI_prof_data_start                                                      
ffffffff  __binit__                                                                 
ffffffff  __c_args__                                                                
ffffffff  binit                                                                     
UNDEFED   SHT$$INIT_ARRAY$$Base                                                     
UNDEFED   SHT$$INIT_ARRAY$$Limit                                                    

[2422 symbols]
