******************************************************************************
                  TI ARM Linker PC v16.9.11                    
******************************************************************************
>> Linked Tue Jun 09 14:03:49 2020

OUTPUT FILE NAME:   <heart_rate_cc2640r2lp_app_migration_attempt_SDK_4.10.out>
ENTRY POINT SYMBOL: "ResetISR"  address: 0000c1dd


MEMORY CONFIGURATION

         name            origin    length      used     unused   attr    fill
----------------------  --------  ---------  --------  --------  ----  --------
  FLASH                 00000000   0001f000  00011760  0000d8a0  R  X
  FLASH_LAST_PAGE       0001f000   00001000  00000058  00000fa8  R  X
  SRAM                  20000000   00004400  000022d5  0000212b  RW X


SEGMENT ALLOCATION MAP

run origin  load origin   length   init length attrs members
----------  ----------- ---------- ----------- ----- -------
00000000    00000000    00010764   00010764    r-x
  00000000    00000000    0000003c   0000003c    r-- .resetVecs
  0000003c    0000003c    00000fc4   00000fc4    r-x .text.1
  00001000    00001000    00000028   00000028    r-- .const:ti_sysbios_heaps_HeapMem_Module__FXNS__C
  00001028    00001028    00000024   00000024    r-- .const:ti_sysbios_gates_GateHwi_Module__FXNS__C
  0000104c    0000104c    00000024   00000024    r-- .const:ti_sysbios_gates_GateMutex_Module__FXNS__C
  00001070    00001070    00000020   00000020    r-- .const:ti_sysbios_family_arm_m3_Hwi_Object__DESC__C
  00001090    00001090    00000020   00000020    r-- .const:ti_sysbios_gates_GateHwi_Object__DESC__C
  000010b0    000010b0    00000020   00000020    r-- .const:ti_sysbios_gates_GateMutex_Object__DESC__C
  000010d0    000010d0    00000020   00000020    r-- .const:ti_sysbios_hal_Hwi_Object__DESC__C
  000010f0    000010f0    00000020   00000020    r-- .const:ti_sysbios_heaps_HeapMem_Object__DESC__C
  00001110    00001110    00000020   00000020    r-- .const:ti_sysbios_knl_Clock_Object__DESC__C
  00001130    00001130    00000020   00000020    r-- .const:ti_sysbios_knl_Event_Object__DESC__C
  00001150    00001150    00000020   00000020    r-- .const:ti_sysbios_knl_Mailbox_Object__DESC__C
  00001170    00001170    00000020   00000020    r-- .const:ti_sysbios_knl_Queue_Object__DESC__C
  00001190    00001190    00000020   00000020    r-- .const:ti_sysbios_knl_Semaphore_Object__DESC__C
  000011b0    000011b0    00000020   00000020    r-- .const:ti_sysbios_knl_Swi_Object__DESC__C
  000011d0    000011d0    00000020   00000020    r-- .const:ti_sysbios_knl_Task_Object__DESC__C
  000011f0    000011f0    00000008   00000008    r-- .const:ti_sysbios_knl_Idle_funcList__C
  000011f8    000011f8    00000004   00000004    r-- .const:ti_sysbios_family_arm_cc26xx_Timer_startupNeeded__C
  000011fc    000011fc    00000004   00000004    r-- .const:ti_sysbios_family_arm_m3_Hwi_E_alreadyDefined__C
  00001200    00001200    00000004   00000004    r-- .const:ti_sysbios_family_arm_m3_Hwi_E_hwiLimitExceeded__C
  00001204    00001204    00000004   00000004    r-- .const:ti_sysbios_family_arm_m3_Hwi_NUM_INTERRUPTS__C
  00001208    00001208    00000004   00000004    r-- .const:ti_sysbios_family_arm_m3_Hwi_Object__count__C
  0000120c    0000120c    00000004   00000004    r-- .const:ti_sysbios_family_arm_m3_Hwi_Object__table__C
  00001210    00001210    00000004   00000004    r-- .const:ti_sysbios_family_arm_m3_Hwi_ccr__C
  00001214    00001214    00000004   00000004    r-- .const:ti_sysbios_family_arm_m3_Hwi_excHandlerFunc__C
  00001218    00001218    00000004   00000004    r-- .const:ti_sysbios_family_arm_m3_Hwi_nullIsrFunc__C
  0000121c    0000121c    00000004   00000004    r-- .const:ti_sysbios_family_arm_m3_Hwi_numSparseInterrupts__C
  00001220    00001220    00000004   00000004    r-- .const:ti_sysbios_family_arm_m3_Hwi_priGroup__C
  00001224    00001224    00000004   00000004    r-- .const:ti_sysbios_family_arm_m3_TaskSupport_stackAlignment__C
  00001228    00001228    00000004   00000004    r-- .const:ti_sysbios_heaps_HeapMem_E_memory__C
  0000122c    0000122c    00000004   00000004    r-- .const:ti_sysbios_heaps_HeapMem_Module__gateObj__C
  00001230    00001230    00000004   00000004    r-- .const:ti_sysbios_heaps_HeapMem_Object__count__C
  00001234    00001234    00000004   00000004    r-- .const:ti_sysbios_heaps_HeapMem_Object__table__C
  00001238    00001238    00000004   00000004    r-- .const:ti_sysbios_heaps_HeapMem_reqAlign__C
  0000123c    0000123c    00000004   00000004    r-- .const:ti_sysbios_knl_Clock_triggerClock__C
  00001240    00001240    00000004   00000004    r-- .const:ti_sysbios_knl_Mailbox_Object__count__C
  00001244    00001244    00000004   00000004    r-- .const:ti_sysbios_knl_Mailbox_Object__table__C
  00001248    00001248    00000004   00000004    r-- .const:ti_sysbios_knl_Mailbox_maxTypeAlign__C
  0000124c    0000124c    00000004   00000004    r-- .const:ti_sysbios_knl_Queue_Object__count__C
  00001250    00001250    00000004   00000004    r-- .const:ti_sysbios_knl_Queue_Object__table__C
  00001254    00001254    00000004   00000004    r-- .const:ti_sysbios_knl_Semaphore_eventPost__C
  00001258    00001258    00000004   00000004    r-- .const:ti_sysbios_knl_Semaphore_eventSync__C
  0000125c    0000125c    00000004   00000004    r-- .const:ti_sysbios_knl_Swi_Object__count__C
  00001260    00001260    00000004   00000004    r-- .const:ti_sysbios_knl_Swi_Object__table__C
  00001264    00001264    00000004   00000004    r-- .const:ti_sysbios_knl_Swi_numPriorities__C
  00001268    00001268    00000004   00000004    r-- .const:ti_sysbios_knl_Task_Object__count__C
  0000126c    0000126c    00000004   00000004    r-- .const:ti_sysbios_knl_Task_Object__table__C
  00001270    00001270    00000004   00000004    r-- .const:ti_sysbios_knl_Task_allBlockedFunc__C
  00001274    00001274    00000004   00000004    r-- .const:ti_sysbios_knl_Task_defaultStackHeap__C
  00001278    00001278    00000004   00000004    r-- .const:ti_sysbios_knl_Task_defaultStackSize__C
  0000127c    0000127c    00000004   00000004    r-- .const:ti_sysbios_knl_Task_numConstructedTasks__C
  00001280    00001280    00000002   00000002    r-- .const:ti_sysbios_family_arm_cc26xx_Timer_Module__id__C
  00001282    00001282    00000002   00000002    r-- .const:ti_sysbios_family_arm_cc26xx_TimestampProvider_useClockTimer__C
  00001284    00001284    00000002   00000002    r-- .const:ti_sysbios_family_arm_m3_Hwi_Module__id__C
  00001286    00001286    00000002   00000002    r-- .const:ti_sysbios_gates_GateHwi_Module__id__C
  00001288    00001288    00000002   00000002    r-- .const:ti_sysbios_gates_GateMutex_Module__id__C
  0000128a    0000128a    00000002   00000002    r-- .const:ti_sysbios_heaps_HeapMem_Module__id__C
  0000128c    0000128c    00000002   00000002    r-- .const:ti_sysbios_knl_Task_initStackFlag__C
  0000128e    0000128e    00000001   00000001    r-- .const:ti_sysbios_knl_Clock_tickMode__C
  00001290    00001290    00000008   00000008    r-- .const:xdc_runtime_Startup_firstFxns__C
  00001298    00001298    00000008   00000008    r-- .const:xdc_runtime_Startup_lastFxns__C
  000012a0    000012a0    00000004   00000004    r-- .const:xdc_runtime_Assert_E_assertFailed__C
  000012a4    000012a4    00000004   00000004    r-- .const:xdc_runtime_Error_E_memory__C
  000012a8    000012a8    00000004   00000004    r-- .const:xdc_runtime_Error_policyFxn__C
  000012ac    000012ac    00000004   00000004    r-- .const:xdc_runtime_Error_raiseHook__C
  000012b0    000012b0    00000004   00000004    r-- .const:xdc_runtime_IGateProvider_Interface__BASE__C
  000012b4    000012b4    00000004   00000004    r-- .const:xdc_runtime_IHeap_Interface__BASE__C
  000012b8    000012b8    00000004   00000004    r-- .const:xdc_runtime_IModule_Interface__BASE__C
  000012bc    000012bc    00000004   00000004    r-- .const:xdc_runtime_Memory_defaultHeapInstance__C
  000012c0    000012c0    00000004   00000004    r-- .const:xdc_runtime_Startup_execImpl__C
  000012c4    000012c4    00000004   00000004    r-- .const:xdc_runtime_Startup_maxPasses__C
  000012c8    000012c8    00000004   00000004    r-- .const:xdc_runtime_Startup_sfxnRts__C
  000012cc    000012cc    00000004   00000004    r-- .const:xdc_runtime_Startup_sfxnTab__C
  000012d0    000012d0    00000004   00000004    r-- .const:xdc_runtime_Startup_startModsFxn__C
  000012d4    000012d4    00000004   00000004    r-- .const:xdc_runtime_SysCallback_abortFxn__C
  000012d8    000012d8    00000004   00000004    r-- .const:xdc_runtime_SysCallback_exitFxn__C
  000012dc    000012dc    00000004   00000004    r-- .const:xdc_runtime_System_abortFxn__C
  000012e0    000012e0    00000004   00000004    r-- .const:xdc_runtime_System_exitFxn__C
  000012e4    000012e4    00000004   00000004    r-- .const:xdc_runtime_System_maxAtexitHandlers__C
  000012e8    000012e8    00000004   00000004    r-- .const:xdc_runtime_Text_charTab__C
  000012ec    000012ec    00000004   00000004    r-- .const:xdc_runtime_Text_nameEmpty__C
  000012f0    000012f0    00000004   00000004    r-- .const:xdc_runtime_Text_nameStatic__C
  000012f4    000012f4    00000004   00000004    r-- .const:xdc_runtime_Text_nameUnknown__C
  000012f8    000012f8    00000002   00000002    r-- .const:xdc_runtime_Error_maxDepth__C
  000012fa    000012fa    00000002   00000002    r-- .const:xdc_runtime_Memory_Module__id__C
  000012fc    000012fc    00000002   00000002    r-- .const:xdc_runtime_Text_charCnt__C
  000012fe    000012fe    00000002   00000002    r-- .const:xdc_runtime_Text_isLoaded__C
  00001300    00001300    00000001   00000001    r-- .const:xdc_runtime_Error_policy__C
  00001304    00001304    00000004   00000004    r-- .const:ti_sysbios_rom_ROM_ti_sysbios_family_arm_cc26xx_Timer_getCount64__E
  00001308    00001308    00000004   00000004    r-- .const:ti_sysbios_rom_ROM_ti_sysbios_family_arm_cc26xx_Timer_getCurrentTick__E
  0000130c    0000130c    00000004   00000004    r-- .const:ti_sysbios_rom_ROM_ti_sysbios_family_arm_cc26xx_Timer_getMaxTicks__E
  00001310    00001310    00000004   00000004    r-- .const:ti_sysbios_rom_ROM_ti_sysbios_family_arm_cc26xx_Timer_initDevice__I
  00001314    00001314    00000004   00000004    r-- .const:ti_sysbios_rom_ROM_ti_sysbios_family_arm_cc26xx_Timer_setNextTick__E
  00001318    00001318    00000004   00000004    r-- .const:ti_sysbios_rom_ROM_ti_sysbios_family_arm_cc26xx_Timer_setThreshold__I
  0000131c    0000131c    00000004   00000004    r-- .const:ti_sysbios_rom_ROM_ti_sysbios_family_arm_cc26xx_Timer_start__E
  00001320    00001320    00000004   00000004    r-- .const:ti_sysbios_rom_ROM_ti_sysbios_family_arm_cc26xx_TimestampProvider_get32__E
  00001324    00001324    00000004   00000004    r-- .const:ti_sysbios_rom_ROM_xdc_runtime_Startup_getState__I
  00001328    00001328    00000004   00000004    r-- .const:ti_sysbios_rom_ROM_xdc_runtime_System_SupportProxy_abort__E
  0000132c    0000132c    00000004   00000004    r-- .const:ti_sysbios_rom_ROM_xdc_runtime_System_SupportProxy_exit__E
  00001330    00001330    0000de80   0000de80    r-x .text.2
  0000f1b0    0000f1b0    00000ff4   00000ff4    r-- .const
  000101a4    000101a4    000000a4   000000a4    r-- .rodata
  00010248    00010248    0000051c   0000051c    r-- .cinit
0001e000    0001e000    00001000   00001000    r--
  0001e000    0001e000    00001000   00001000    r-- .snvSectors
0001ffa8    0001ffa8    00000058   00000058    r--
  0001ffa8    0001ffa8    00000058   00000058    r-- .ccfg
20000100    20000100    00001e0f   00000000    rw-
  20000100    20000100    00000044   00000000    rw- .data:ti_sysbios_knl_Task_Module__state__V
  20000144    20000144    00000034   00000000    rw- .data:ti_sysbios_family_arm_m3_Hwi_Module__state__V
  20000178    20000178    0000002c   00000000    rw- .data:ti_sysbios_knl_Clock_Module__state__V
  200001a4    200001a4    00000024   00000000    rw- .data:ti_sysbios_BIOS_Module__state__V
  200001c8    200001c8    0000001c   00000000    rw- .data:ti_sysbios_knl_Swi_Module__state__V
  200001e4    200001e4    00000008   00000000    rw- .data:ti_sysbios_family_arm_cc26xx_Timer_Module__state__V
  200001ec    200001ec    00000004   00000000    rw- .data:ti_sysbios_family_arm_cc26xx_TimestampProvider_Module__state__V
  200001f0    200001f0    00000008   00000000    rw- .data:xdc_runtime_Startup_Module__state__V
  200001f8    200001f8    00000008   00000000    rw- .data:xdc_runtime_System_Module__state__V
  20000200    20000200    00000004   00000000    rw- .data:xdc_runtime_Memory_Module__state__V
  20000204    20000204    00000002   00000000    rw- .data:xdc_runtime_Error_Module__state__V
  20000208    20000208    0000138c   00000000    rw- .data
  20001598    20001598    00000977   00000000    rw- .bss
20004000    20004000    00000400   00000000    rw-
  20004000    20004000    00000400   00000000    rw- .stack


SECTION ALLOCATION MAP

 output                                  attributes/
section   page    origin      length       input sections
--------  ----  ----------  ----------   ----------------
.resetVecs 
*          0    00000000    0000003c     
                  00000000    0000003c     app_ble_pem3.oem3 (.resetVecs)

.text.1    0    0000003c    00000fc4     
                  0000003c    00000748     heart_rate.obj (.text:HeartRate_taskFxn$2)
                  00000784    00000008     (.tramp.ti_sysbios_knl_Queue_construct.1)
                  0000078c    00000008     (.tramp.ti_sysbios_knl_Event_pend__E.1)
                  00000794    00000008     ble_r2.symbols (.tramp.GATT_bm_free.1)
                  0000079c    00000008     (.tramp.ti_sysbios_knl_Queue_get__E.1)
                  000007a4    00000008     ble_r2.symbols (.tramp.GATT_SendRsp.1)
                  000007ac    00000008     (.tramp.ti_sysbios_knl_Clock_stop__E.1)
                  000007b4    00000008     (.tramp.ti_sysbios_knl_Clock_start__E.1)
                  000007bc    00000008     (.tramp.ti_sysbios_knl_Queue_empty__E.1)
                  000007c4    00000008     ble_r2.symbols (.tramp.GATT_bm_alloc.1)
                  000007cc    0000058c     peripheral.obj (.text:gapRole_taskFxn$17)
                  00000d58    00000008     (.tramp.ti_sysbios_knl_Event_post__E.1)
                  00000d60    00000278     drivers_cc26x0r2.aem3 : CryptoCC26XX.oem3 (.text:cryptoTransactionExecute)
                  00000fd8    00000008     (.tramp.ti_sysbios_family_arm_m3_Hwi_restoreFxn__E.1)
                  00000fe0    00000020     driverlib.lib : rfc.obj (.text:NOROM_RFCRfTrimRead)

.const:ti_sysbios_heaps_HeapMem_Module__FXNS__C 
*          0    00001000    00000028     
                  00001000    00000028     app_ble_pem3.oem3 (.const:ti_sysbios_heaps_HeapMem_Module__FXNS__C)

.const:ti_sysbios_gates_GateHwi_Module__FXNS__C 
*          0    00001028    00000024     
                  00001028    00000024     app_ble_pem3.oem3 (.const:ti_sysbios_gates_GateHwi_Module__FXNS__C)

.const:ti_sysbios_gates_GateMutex_Module__FXNS__C 
*          0    0000104c    00000024     
                  0000104c    00000024     app_ble_pem3.oem3 (.const:ti_sysbios_gates_GateMutex_Module__FXNS__C)

.const:ti_sysbios_family_arm_m3_Hwi_Object__DESC__C 
*          0    00001070    00000020     
                  00001070    00000020     app_ble_pem3.oem3 (.const:ti_sysbios_family_arm_m3_Hwi_Object__DESC__C)

.const:ti_sysbios_gates_GateHwi_Object__DESC__C 
*          0    00001090    00000020     
                  00001090    00000020     app_ble_pem3.oem3 (.const:ti_sysbios_gates_GateHwi_Object__DESC__C)

.const:ti_sysbios_gates_GateMutex_Object__DESC__C 
*          0    000010b0    00000020     
                  000010b0    00000020     app_ble_pem3.oem3 (.const:ti_sysbios_gates_GateMutex_Object__DESC__C)

.const:ti_sysbios_hal_Hwi_Object__DESC__C 
*          0    000010d0    00000020     
                  000010d0    00000020     app_ble_pem3.oem3 (.const:ti_sysbios_hal_Hwi_Object__DESC__C)

.const:ti_sysbios_heaps_HeapMem_Object__DESC__C 
*          0    000010f0    00000020     
                  000010f0    00000020     app_ble_pem3.oem3 (.const:ti_sysbios_heaps_HeapMem_Object__DESC__C)

.const:ti_sysbios_knl_Clock_Object__DESC__C 
*          0    00001110    00000020     
                  00001110    00000020     app_ble_pem3.oem3 (.const:ti_sysbios_knl_Clock_Object__DESC__C)

.const:ti_sysbios_knl_Event_Object__DESC__C 
*          0    00001130    00000020     
                  00001130    00000020     app_ble_pem3.oem3 (.const:ti_sysbios_knl_Event_Object__DESC__C)

.const:ti_sysbios_knl_Mailbox_Object__DESC__C 
*          0    00001150    00000020     
                  00001150    00000020     app_ble_pem3.oem3 (.const:ti_sysbios_knl_Mailbox_Object__DESC__C)

.const:ti_sysbios_knl_Queue_Object__DESC__C 
*          0    00001170    00000020     
                  00001170    00000020     app_ble_pem3.oem3 (.const:ti_sysbios_knl_Queue_Object__DESC__C)

.const:ti_sysbios_knl_Semaphore_Object__DESC__C 
*          0    00001190    00000020     
                  00001190    00000020     app_ble_pem3.oem3 (.const:ti_sysbios_knl_Semaphore_Object__DESC__C)

.const:ti_sysbios_knl_Swi_Object__DESC__C 
*          0    000011b0    00000020     
                  000011b0    00000020     app_ble_pem3.oem3 (.const:ti_sysbios_knl_Swi_Object__DESC__C)

.const:ti_sysbios_knl_Task_Object__DESC__C 
*          0    000011d0    00000020     
                  000011d0    00000020     app_ble_pem3.oem3 (.const:ti_sysbios_knl_Task_Object__DESC__C)

.const:ti_sysbios_knl_Idle_funcList__C 
*          0    000011f0    00000008     
                  000011f0    00000008     app_ble_pem3.oem3 (.const:ti_sysbios_knl_Idle_funcList__C)

.const:ti_sysbios_family_arm_cc26xx_Timer_startupNeeded__C 
*          0    000011f8    00000004     
                  000011f8    00000004     app_ble_pem3.oem3 (.const:ti_sysbios_family_arm_cc26xx_Timer_startupNeeded__C)

.const:ti_sysbios_family_arm_m3_Hwi_E_alreadyDefined__C 
*          0    000011fc    00000004     
                  000011fc    00000004     app_ble_pem3.oem3 (.const:ti_sysbios_family_arm_m3_Hwi_E_alreadyDefined__C)

.const:ti_sysbios_family_arm_m3_Hwi_E_hwiLimitExceeded__C 
*          0    00001200    00000004     
                  00001200    00000004     app_ble_pem3.oem3 (.const:ti_sysbios_family_arm_m3_Hwi_E_hwiLimitExceeded__C)

.const:ti_sysbios_family_arm_m3_Hwi_NUM_INTERRUPTS__C 
*          0    00001204    00000004     
                  00001204    00000004     app_ble_pem3.oem3 (.const:ti_sysbios_family_arm_m3_Hwi_NUM_INTERRUPTS__C)

.const:ti_sysbios_family_arm_m3_Hwi_Object__count__C 
*          0    00001208    00000004     
                  00001208    00000004     app_ble_pem3.oem3 (.const:ti_sysbios_family_arm_m3_Hwi_Object__count__C)

.const:ti_sysbios_family_arm_m3_Hwi_Object__table__C 
*          0    0000120c    00000004     
                  0000120c    00000004     app_ble_pem3.oem3 (.const:ti_sysbios_family_arm_m3_Hwi_Object__table__C)

.const:ti_sysbios_family_arm_m3_Hwi_ccr__C 
*          0    00001210    00000004     
                  00001210    00000004     app_ble_pem3.oem3 (.const:ti_sysbios_family_arm_m3_Hwi_ccr__C)

.const:ti_sysbios_family_arm_m3_Hwi_excHandlerFunc__C 
*          0    00001214    00000004     
                  00001214    00000004     app_ble_pem3.oem3 (.const:ti_sysbios_family_arm_m3_Hwi_excHandlerFunc__C)

.const:ti_sysbios_family_arm_m3_Hwi_nullIsrFunc__C 
*          0    00001218    00000004     
                  00001218    00000004     app_ble_pem3.oem3 (.const:ti_sysbios_family_arm_m3_Hwi_nullIsrFunc__C)

.const:ti_sysbios_family_arm_m3_Hwi_numSparseInterrupts__C 
*          0    0000121c    00000004     
                  0000121c    00000004     app_ble_pem3.oem3 (.const:ti_sysbios_family_arm_m3_Hwi_numSparseInterrupts__C)

.const:ti_sysbios_family_arm_m3_Hwi_priGroup__C 
*          0    00001220    00000004     
                  00001220    00000004     app_ble_pem3.oem3 (.const:ti_sysbios_family_arm_m3_Hwi_priGroup__C)

.const:ti_sysbios_family_arm_m3_TaskSupport_stackAlignment__C 
*          0    00001224    00000004     
                  00001224    00000004     app_ble_pem3.oem3 (.const:ti_sysbios_family_arm_m3_TaskSupport_stackAlignment__C)

.const:ti_sysbios_heaps_HeapMem_E_memory__C 
*          0    00001228    00000004     
                  00001228    00000004     app_ble_pem3.oem3 (.const:ti_sysbios_heaps_HeapMem_E_memory__C)

.const:ti_sysbios_heaps_HeapMem_Module__gateObj__C 
*          0    0000122c    00000004     
                  0000122c    00000004     app_ble_pem3.oem3 (.const:ti_sysbios_heaps_HeapMem_Module__gateObj__C)

.const:ti_sysbios_heaps_HeapMem_Object__count__C 
*          0    00001230    00000004     
                  00001230    00000004     app_ble_pem3.oem3 (.const:ti_sysbios_heaps_HeapMem_Object__count__C)

.const:ti_sysbios_heaps_HeapMem_Object__table__C 
*          0    00001234    00000004     
                  00001234    00000004     app_ble_pem3.oem3 (.const:ti_sysbios_heaps_HeapMem_Object__table__C)

.const:ti_sysbios_heaps_HeapMem_reqAlign__C 
*          0    00001238    00000004     
                  00001238    00000004     app_ble_pem3.oem3 (.const:ti_sysbios_heaps_HeapMem_reqAlign__C)

.const:ti_sysbios_knl_Clock_triggerClock__C 
*          0    0000123c    00000004     
                  0000123c    00000004     app_ble_pem3.oem3 (.const:ti_sysbios_knl_Clock_triggerClock__C)

.const:ti_sysbios_knl_Mailbox_Object__count__C 
*          0    00001240    00000004     
                  00001240    00000004     app_ble_pem3.oem3 (.const:ti_sysbios_knl_Mailbox_Object__count__C)

.const:ti_sysbios_knl_Mailbox_Object__table__C 
*          0    00001244    00000004     
                  00001244    00000004     app_ble_pem3.oem3 (.const:ti_sysbios_knl_Mailbox_Object__table__C)

.const:ti_sysbios_knl_Mailbox_maxTypeAlign__C 
*          0    00001248    00000004     
                  00001248    00000004     app_ble_pem3.oem3 (.const:ti_sysbios_knl_Mailbox_maxTypeAlign__C)

.const:ti_sysbios_knl_Queue_Object__count__C 
*          0    0000124c    00000004     
                  0000124c    00000004     app_ble_pem3.oem3 (.const:ti_sysbios_knl_Queue_Object__count__C)

.const:ti_sysbios_knl_Queue_Object__table__C 
*          0    00001250    00000004     
                  00001250    00000004     app_ble_pem3.oem3 (.const:ti_sysbios_knl_Queue_Object__table__C)

.const:ti_sysbios_knl_Semaphore_eventPost__C 
*          0    00001254    00000004     
                  00001254    00000004     app_ble_pem3.oem3 (.const:ti_sysbios_knl_Semaphore_eventPost__C)

.const:ti_sysbios_knl_Semaphore_eventSync__C 
*          0    00001258    00000004     
                  00001258    00000004     app_ble_pem3.oem3 (.const:ti_sysbios_knl_Semaphore_eventSync__C)

.const:ti_sysbios_knl_Swi_Object__count__C 
*          0    0000125c    00000004     
                  0000125c    00000004     app_ble_pem3.oem3 (.const:ti_sysbios_knl_Swi_Object__count__C)

.const:ti_sysbios_knl_Swi_Object__table__C 
*          0    00001260    00000004     
                  00001260    00000004     app_ble_pem3.oem3 (.const:ti_sysbios_knl_Swi_Object__table__C)

.const:ti_sysbios_knl_Swi_numPriorities__C 
*          0    00001264    00000004     
                  00001264    00000004     app_ble_pem3.oem3 (.const:ti_sysbios_knl_Swi_numPriorities__C)

.const:ti_sysbios_knl_Task_Object__count__C 
*          0    00001268    00000004     
                  00001268    00000004     app_ble_pem3.oem3 (.const:ti_sysbios_knl_Task_Object__count__C)

.const:ti_sysbios_knl_Task_Object__table__C 
*          0    0000126c    00000004     
                  0000126c    00000004     app_ble_pem3.oem3 (.const:ti_sysbios_knl_Task_Object__table__C)

.const:ti_sysbios_knl_Task_allBlockedFunc__C 
*          0    00001270    00000004     
                  00001270    00000004     app_ble_pem3.oem3 (.const:ti_sysbios_knl_Task_allBlockedFunc__C)

.const:ti_sysbios_knl_Task_defaultStackHeap__C 
*          0    00001274    00000004     
                  00001274    00000004     app_ble_pem3.oem3 (.const:ti_sysbios_knl_Task_defaultStackHeap__C)

.const:ti_sysbios_knl_Task_defaultStackSize__C 
*          0    00001278    00000004     
                  00001278    00000004     app_ble_pem3.oem3 (.const:ti_sysbios_knl_Task_defaultStackSize__C)

.const:ti_sysbios_knl_Task_numConstructedTasks__C 
*          0    0000127c    00000004     
                  0000127c    00000004     app_ble_pem3.oem3 (.const:ti_sysbios_knl_Task_numConstructedTasks__C)

.const:ti_sysbios_family_arm_cc26xx_Timer_Module__id__C 
*          0    00001280    00000002     
                  00001280    00000002     app_ble_pem3.oem3 (.const:ti_sysbios_family_arm_cc26xx_Timer_Module__id__C)

.const:ti_sysbios_family_arm_cc26xx_TimestampProvider_useClockTimer__C 
*          0    00001282    00000002     
                  00001282    00000002     app_ble_pem3.oem3 (.const:ti_sysbios_family_arm_cc26xx_TimestampProvider_useClockTimer__C)

.const:ti_sysbios_family_arm_m3_Hwi_Module__id__C 
*          0    00001284    00000002     
                  00001284    00000002     app_ble_pem3.oem3 (.const:ti_sysbios_family_arm_m3_Hwi_Module__id__C)

.const:ti_sysbios_gates_GateHwi_Module__id__C 
*          0    00001286    00000002     
                  00001286    00000002     app_ble_pem3.oem3 (.const:ti_sysbios_gates_GateHwi_Module__id__C)

.const:ti_sysbios_gates_GateMutex_Module__id__C 
*          0    00001288    00000002     
                  00001288    00000002     app_ble_pem3.oem3 (.const:ti_sysbios_gates_GateMutex_Module__id__C)

.const:ti_sysbios_heaps_HeapMem_Module__id__C 
*          0    0000128a    00000002     
                  0000128a    00000002     app_ble_pem3.oem3 (.const:ti_sysbios_heaps_HeapMem_Module__id__C)

.const:ti_sysbios_knl_Task_initStackFlag__C 
*          0    0000128c    00000002     
                  0000128c    00000002     app_ble_pem3.oem3 (.const:ti_sysbios_knl_Task_initStackFlag__C)

.const:ti_sysbios_knl_Clock_tickMode__C 
*          0    0000128e    00000001     
                  0000128e    00000001     app_ble_pem3.oem3 (.const:ti_sysbios_knl_Clock_tickMode__C)

.const:xdc_runtime_Startup_firstFxns__C 
*          0    00001290    00000008     
                  00001290    00000008     app_ble_pem3.oem3 (.const:xdc_runtime_Startup_firstFxns__C)

.const:xdc_runtime_Startup_lastFxns__C 
*          0    00001298    00000008     
                  00001298    00000008     app_ble_pem3.oem3 (.const:xdc_runtime_Startup_lastFxns__C)

.const:xdc_runtime_Assert_E_assertFailed__C 
*          0    000012a0    00000004     
                  000012a0    00000004     app_ble_pem3.oem3 (.const:xdc_runtime_Assert_E_assertFailed__C)

.const:xdc_runtime_Error_E_memory__C 
*          0    000012a4    00000004     
                  000012a4    00000004     app_ble_pem3.oem3 (.const:xdc_runtime_Error_E_memory__C)

.const:xdc_runtime_Error_policyFxn__C 
*          0    000012a8    00000004     
                  000012a8    00000004     app_ble_pem3.oem3 (.const:xdc_runtime_Error_policyFxn__C)

.const:xdc_runtime_Error_raiseHook__C 
*          0    000012ac    00000004     
                  000012ac    00000004     app_ble_pem3.oem3 (.const:xdc_runtime_Error_raiseHook__C)

.const:xdc_runtime_IGateProvider_Interface__BASE__C 
*          0    000012b0    00000004     
                  000012b0    00000004     app_ble_pem3.oem3 (.const:xdc_runtime_IGateProvider_Interface__BASE__C)

.const:xdc_runtime_IHeap_Interface__BASE__C 
*          0    000012b4    00000004     
                  000012b4    00000004     app_ble_pem3.oem3 (.const:xdc_runtime_IHeap_Interface__BASE__C)

.const:xdc_runtime_IModule_Interface__BASE__C 
*          0    000012b8    00000004     
                  000012b8    00000004     app_ble_pem3.oem3 (.const:xdc_runtime_IModule_Interface__BASE__C)

.const:xdc_runtime_Memory_defaultHeapInstance__C 
*          0    000012bc    00000004     
                  000012bc    00000004     app_ble_pem3.oem3 (.const:xdc_runtime_Memory_defaultHeapInstance__C)

.const:xdc_runtime_Startup_execImpl__C 
*          0    000012c0    00000004     
                  000012c0    00000004     app_ble_pem3.oem3 (.const:xdc_runtime_Startup_execImpl__C)

.const:xdc_runtime_Startup_maxPasses__C 
*          0    000012c4    00000004     
                  000012c4    00000004     app_ble_pem3.oem3 (.const:xdc_runtime_Startup_maxPasses__C)

.const:xdc_runtime_Startup_sfxnRts__C 
*          0    000012c8    00000004     
                  000012c8    00000004     app_ble_pem3.oem3 (.const:xdc_runtime_Startup_sfxnRts__C)

.const:xdc_runtime_Startup_sfxnTab__C 
*          0    000012cc    00000004     
                  000012cc    00000004     app_ble_pem3.oem3 (.const:xdc_runtime_Startup_sfxnTab__C)

.const:xdc_runtime_Startup_startModsFxn__C 
*          0    000012d0    00000004     
                  000012d0    00000004     app_ble_pem3.oem3 (.const:xdc_runtime_Startup_startModsFxn__C)

.const:xdc_runtime_SysCallback_abortFxn__C 
*          0    000012d4    00000004     
                  000012d4    00000004     app_ble_pem3.oem3 (.const:xdc_runtime_SysCallback_abortFxn__C)

.const:xdc_runtime_SysCallback_exitFxn__C 
*          0    000012d8    00000004     
                  000012d8    00000004     app_ble_pem3.oem3 (.const:xdc_runtime_SysCallback_exitFxn__C)

.const:xdc_runtime_System_abortFxn__C 
*          0    000012dc    00000004     
                  000012dc    00000004     app_ble_pem3.oem3 (.const:xdc_runtime_System_abortFxn__C)

.const:xdc_runtime_System_exitFxn__C 
*          0    000012e0    00000004     
                  000012e0    00000004     app_ble_pem3.oem3 (.const:xdc_runtime_System_exitFxn__C)

.const:xdc_runtime_System_maxAtexitHandlers__C 
*          0    000012e4    00000004     
                  000012e4    00000004     app_ble_pem3.oem3 (.const:xdc_runtime_System_maxAtexitHandlers__C)

.const:xdc_runtime_Text_charTab__C 
*          0    000012e8    00000004     
                  000012e8    00000004     app_ble_pem3.oem3 (.const:xdc_runtime_Text_charTab__C)

.const:xdc_runtime_Text_nameEmpty__C 
*          0    000012ec    00000004     
                  000012ec    00000004     app_ble_pem3.oem3 (.const:xdc_runtime_Text_nameEmpty__C)

.const:xdc_runtime_Text_nameStatic__C 
*          0    000012f0    00000004     
                  000012f0    00000004     app_ble_pem3.oem3 (.const:xdc_runtime_Text_nameStatic__C)

.const:xdc_runtime_Text_nameUnknown__C 
*          0    000012f4    00000004     
                  000012f4    00000004     app_ble_pem3.oem3 (.const:xdc_runtime_Text_nameUnknown__C)

.const:xdc_runtime_Error_maxDepth__C 
*          0    000012f8    00000002     
                  000012f8    00000002     app_ble_pem3.oem3 (.const:xdc_runtime_Error_maxDepth__C)

.const:xdc_runtime_Memory_Module__id__C 
*          0    000012fa    00000002     
                  000012fa    00000002     app_ble_pem3.oem3 (.const:xdc_runtime_Memory_Module__id__C)

.const:xdc_runtime_Text_charCnt__C 
*          0    000012fc    00000002     
                  000012fc    00000002     app_ble_pem3.oem3 (.const:xdc_runtime_Text_charCnt__C)

.const:xdc_runtime_Text_isLoaded__C 
*          0    000012fe    00000002     
                  000012fe    00000002     app_ble_pem3.oem3 (.const:xdc_runtime_Text_isLoaded__C)

.const:xdc_runtime_Error_policy__C 
*          0    00001300    00000001     
                  00001300    00000001     app_ble_pem3.oem3 (.const:xdc_runtime_Error_policy__C)

.const:ti_sysbios_rom_ROM_ti_sysbios_family_arm_cc26xx_Timer_getCount64__E 
*          0    00001304    00000004     
                  00001304    00000004     app_ble_pem3.oem3 (.const:ti_sysbios_rom_ROM_ti_sysbios_family_arm_cc26xx_Timer_getCount64__E)

.const:ti_sysbios_rom_ROM_ti_sysbios_family_arm_cc26xx_Timer_getCurrentTick__E 
*          0    00001308    00000004     
                  00001308    00000004     app_ble_pem3.oem3 (.const:ti_sysbios_rom_ROM_ti_sysbios_family_arm_cc26xx_Timer_getCurrentTick__E)

.const:ti_sysbios_rom_ROM_ti_sysbios_family_arm_cc26xx_Timer_getMaxTicks__E 
*          0    0000130c    00000004     
                  0000130c    00000004     app_ble_pem3.oem3 (.const:ti_sysbios_rom_ROM_ti_sysbios_family_arm_cc26xx_Timer_getMaxTicks__E)

.const:ti_sysbios_rom_ROM_ti_sysbios_family_arm_cc26xx_Timer_initDevice__I 
*          0    00001310    00000004     
                  00001310    00000004     app_ble_pem3.oem3 (.const:ti_sysbios_rom_ROM_ti_sysbios_family_arm_cc26xx_Timer_initDevice__I)

.const:ti_sysbios_rom_ROM_ti_sysbios_family_arm_cc26xx_Timer_setNextTick__E 
*          0    00001314    00000004     
                  00001314    00000004     app_ble_pem3.oem3 (.const:ti_sysbios_rom_ROM_ti_sysbios_family_arm_cc26xx_Timer_setNextTick__E)

.const:ti_sysbios_rom_ROM_ti_sysbios_family_arm_cc26xx_Timer_setThreshold__I 
*          0    00001318    00000004     
                  00001318    00000004     app_ble_pem3.oem3 (.const:ti_sysbios_rom_ROM_ti_sysbios_family_arm_cc26xx_Timer_setThreshold__I)

.const:ti_sysbios_rom_ROM_ti_sysbios_family_arm_cc26xx_Timer_start__E 
*          0    0000131c    00000004     
                  0000131c    00000004     app_ble_pem3.oem3 (.const:ti_sysbios_rom_ROM_ti_sysbios_family_arm_cc26xx_Timer_start__E)

.const:ti_sysbios_rom_ROM_ti_sysbios_family_arm_cc26xx_TimestampProvider_get32__E 
*          0    00001320    00000004     
                  00001320    00000004     app_ble_pem3.oem3 (.const:ti_sysbios_rom_ROM_ti_sysbios_family_arm_cc26xx_TimestampProvider_get32__E)

.const:ti_sysbios_rom_ROM_xdc_runtime_Startup_getState__I 
*          0    00001324    00000004     
                  00001324    00000004     app_ble_pem3.oem3 (.const:ti_sysbios_rom_ROM_xdc_runtime_Startup_getState__I)

.const:ti_sysbios_rom_ROM_xdc_runtime_System_SupportProxy_abort__E 
*          0    00001328    00000004     
                  00001328    00000004     app_ble_pem3.oem3 (.const:ti_sysbios_rom_ROM_xdc_runtime_System_SupportProxy_abort__E)

.const:ti_sysbios_rom_ROM_xdc_runtime_System_SupportProxy_exit__E 
*          0    0000132c    00000004     
                  0000132c    00000004     app_ble_pem3.oem3 (.const:ti_sysbios_rom_ROM_xdc_runtime_System_SupportProxy_exit__E)

.text.2    0    00001330    0000de80     
                  00001330    00000478     cc2640_ctrlll_pxxx.a : ll.o (.text)
                  000017a8    0000038c                          : ll_slave_end_causes.o (.text)
                  00001b34    00000320                          : ll.o (.text)
                  00001e54    00000314     drivers_cc26x0r2.aem3 : PowerCC26XX_calibrateRCOSC.oem3 (.text:PowerCC26XX_auxISR)
                  00002168    0000030c     rom_sysbios.aem3 : rom_sysbios.obj (.text:xdc_runtime_System_doPrint__I)
                  00002474    000002f4     cc2640_ctrlll_pxxx.a : ll_scheduler.o (.text)
                  00002768    000002e4     peripheral.obj (.text:GAPRole_SetParameter)
                  00002a4c    000002d0     heart_rate_cc2640r2lp_stack_library_migration_attempt_SDK_4.10.lib : icall_startup.obj (.text:startup_entry)
                  00002d1c    000002a0     RFCC26XX_singleMode.obj (.text:RF_fsmActiveState$5)
                  00002fbc    00000260     heart_rate_cc2640r2lp_stack_library_migration_attempt_SDK_4.10.lib : gapbondmgr.obj (.text:GAPBondMgr_SetParameter)
                  0000321c    00000244     cc2640_ctrlll_pxxx.a : ll_common.o (.text)
                  00003460    00000240                          : ble.o (.text)
                  000036a0    00000238     cc26xx_profiles_pxxx.a : gapgattserver.o (.text)
                  000038d8    00000230     cc2640_ctrlll_pxxx.a : ll_isr.o (.text)
                  00003b08    0000022c     drivers_cc26x0r2.aem3 : PowerCC26XX.oem3 (.text:Power_sleep)
                  00003d34    00000220     driverlib.lib : sys_ctrl.obj (.text:NOROM_SysCtrlSetRechargeBeforePowerDown)
                  00003f54    00000214     heart_rate_cc2640r2lp_stack_library_migration_attempt_SDK_4.10.lib : gapbondmgr.obj (.text:GAPBondMgr_ProcessGAPMsg)
                  00004168    0000020c     icall.obj (.text:icall_directAPI)
                  00004374    00000200     cc26xx_profiles_pxxx.a : gattservapp.o (.text)
                  00004574    000001f4     ECCROMCC26XX.obj (.text:ECC_VerifyPublicKeyWeierstrass$4)
                  00004768    000001f4     rtsv7M3_T_le_eabi.lib : ull_div_t2.obj (.text)
                  0000495c    000001e8     ECCROMCC26XX.obj (.text:ECCROMCC26XX_genDHKey)
                  00004b44    000001dc     RFCC26XX_singleMode.obj (.text:RF_fsmSetupState$5)
                  00004d20    000001d8     heart_rate_cc2640r2lp_stack_library_migration_attempt_SDK_4.10.lib : gapbondmgr.obj (.text:gapBondMgrAddBond$28)
                  00004ef8    000001c0                                                                        : osal.obj (.text:osal_start_system)
                  000050b8    000001bc     main.obj (.text:AssertHandler)
                  00005274    000001b0     drivers_cc26x0r2.aem3 : PINCC26XX.oem3 (.text:PIN_init)
                  00005424    000001b0     cc2640_ctrlll_pxxx.a : ll_isr.o (.text)
                  000055d4    000001a4     RFCC26XX_singleMode.obj (.text:RF_open)
                  00005778    00000190     drivers_cc26x0r2.aem3 : PowerCC26XX_calibrateRCOSC.oem3 (.text:PowerCC26XX_doCalibrate)
                  00005908    00000190     heart_rate_cc2640r2lp_stack_library_migration_attempt_SDK_4.10.lib : gapbondmgr.obj (.text:gapBondMgrAuthenticate$28)
                  00005a98    0000018c     cc2640_ctrlll_pxxx.a : ll.o (.text)
                  00005c24    0000018c                          : ll_isr.o (.text)
                  00005db0    0000015c     drivers_cc26x0r2.aem3 : UARTCC26XX.oem3 (.text:UARTCC26XX_open)
                  00005f0c    00000150     heart_rate_cc2640r2lp_stack_library_migration_attempt_SDK_4.10.lib : gapbondmgr.obj (.text:GAPBondMgr_ProcessEvent)
                  0000605c    00000150     cc2640_ctrlll_pxxx.a : ll_common.o (.text)
                  000061ac    00000148     drivers_cc26x0r2.aem3 : UARTCC26XX.oem3 (.text:UARTCC26XX_hwiIntFxn)
                  000062f4    00000136                           : UARTCC26XX.oem3 (.text:UARTCC26XX_read)
                  0000642a    00000002     ble_user_config.obj (.text:DefaultAssertCback)
                  0000642c    00000130     ECCROMCC26XX.obj (.text:ECCROMCC26XX_genKeys)
                  0000655c    0000012c     drivers_cc26x0r2.aem3 : PowerCC26XX.oem3 (.text:Power_init)
                  00006688    0000012c     heart_rate_cc2640r2lp_stack_library_migration_attempt_SDK_4.10.lib : osal_snv_wrapper.obj (.text:compactPage$25)
                  000067b4    00000128     cc2640_ctrlll_pxxx.a : ll_scheduler.o (.text)
                  000068dc    00000128     heart_rate_cc2640r2lp_stack_library_migration_attempt_SDK_4.10.lib : gapbondmgr.obj (.text:gapBondMgrEraseBonding$28)
                  00006a04    00000114     cc26xx_gap_pxxx.a : gap_linkmgr.o (.text)
                  00006b18    00000110     cc26xx_gatt_pxxx.a : gatt_server.o (.text)
                  00006c28    000000f8     heart_rate_cc2640r2lp_stack_library_migration_attempt_SDK_4.10.lib : osal_snv_wrapper.obj (.text:osal_snv_write)
                  00006d20    000000f8     app_ble_pem3.oem3 (.text:xdc_runtime_System_printfExtend__I)
                  00006e18    000000f4     heart_rate_cc2640r2lp_stack_library_migration_attempt_SDK_4.10.lib : gapbondmgr.obj (.text:GAPBondMgr_LinkEst)
                  00006f0c    000000f0     drivers_cc26x0r2.aem3 : PINCC26XX.oem3 (.text:PINCC26XX_setIoCfg)
                  00006ffc    000000f0     cc2640_ctrlll_pxxx.a : ll.o (.text)
                  000070ec    000000ec     RFCC26XX_singleMode.obj (.text:RF_radioOpDoneCb$5)
                  000071d8    000000ec     cc26xx_profiles_pxxx.a : gattservapp.o (.text)
                  000072c4    000000e8     dpl_cc26x0r2.aem3 : PowerCC26XX_tirtos.oem3 (.text:PowerCC26XX_standbyPolicy)
                  000073ac    000000e8     heart_rate_cc2640r2lp_stack_library_migration_attempt_SDK_4.10.lib : osal_timers.obj (.text:osalTimerUpdate)
                  00007494    000000e4     cc2640_ctrlll_pxxx.a : ll_isr.o (.text)
                  00007578    000000e4     cc26xx_sm_pxxx.a : sm_pairing.o (.text)
                  0000765c    000000e2     drivers_cc26x0r2.aem3 : UARTCC26XX.oem3 (.text:UARTCC26XX_write)
                  0000773e    00000002     display.aem3 : DisplayUart.oem3 (.text:DisplayUartAnsi_init)
                  00007740    000000d8     heart_rate_cc2640r2lp_stack_library_migration_attempt_SDK_4.10.lib : osal.obj (.text:osal_set_event)
                  00007818    000000d4     RFCC26XX_singleMode.obj (.text:RF_pendCmd)
                  000078ec    000000d0     RFCC26XX_singleMode.obj (.text:RF_swiHw$5)
                  000079bc    000000d0     main.obj (.text:main)
                  00007a8c    000000cc     RFCC26XX_singleMode.obj (.text:RF_postCmd)
                  00007b58    000000c8     RFCC26XX_singleMode.obj (.text:RF_fsmPowerUpState$5)
                  00007c20    000000c4     cc26xx_sm_pxxx.a : sm_pairing.o (.text)
                  00007ce4    000000c4                      : sm_pairing.o (.text)
                  00007da8    000000bc     drivers_cc26x0r2.aem3 : PowerCC26XX.oem3 (.text:Power_releaseDependency)
                  00007e64    000000bc     cc2640_ctrlll_pxxx.a : ll_scheduler.o (.text)
                  00007f20    000000b8     RFCC26XX_singleMode.obj (.text:RF_control)
                  00007fd8    000000b8     TRNGCC26XX.obj (.text:TRNGCC26XX_getNumber)
                  00008090    000000b4     drivers_cc26x0r2.aem3 : PowerCC26XX.oem3 (.text:Power_setDependency)
                  00008144    000000b4     peripheral.obj (.text:gapRole_startConnUpdate$17)
                  000081f8    000000b0     heart_rate_cc2640r2lp_stack_library_migration_attempt_SDK_4.10.lib : gapbondmgr.obj (.text:GAPBondMgr_ResolveAddr)
                  000082a8    000000b0     cc26xx_gap_pxxx.a : gap_peridevmgr.o (.text)
                  00008358    000000b0     devinfoservice.obj (.text:devInfo_ReadAttrCB$13)
                  00008408    000000ac     display.aem3 : DisplayUart.oem3 (.text:DisplayUartAnsi_clearLines)
                  000084b4    000000ac     driverlib.lib : setup.obj (.text:NOROM_SetupTrimDevice)
                  00008560    000000ac     RFCC26XX_singleMode.obj (.text:RF_abortCmd$5)
                  0000860c    000000a8     icall.obj (.text:ICall_heapMalloc)
                  000086b4    000000a8     heart_rate_cc2640r2lp_stack_library_migration_attempt_SDK_4.10.lib : osal_snv_wrapper.obj (.text:writeWord$25)
                  0000875c    000000a7     display.aem3 : DisplayUart.oem3 (.text:DisplayUartAnsi_open)
                  00008803    00000001     --HOLE-- [fill = 0]
                  00008804    000000a6     rom_sysbios.aem3 : rom_sysbios.obj (.text:xdc_runtime_Text_putSite__E)
                  000088aa    00000002     icall.obj (.text:ICall_abort)
                  000088ac    000000a4     RFCC26XX_singleMode.obj (.text:RF_ratRestartChannels$5)
                  00008950    000000a4     cc2640_ctrlll_pxxx.a : ll_common.o (.text)
                  000089f4    000000a4     heart_rate_cc2640r2lp_stack_library_migration_attempt_SDK_4.10.lib : gapbondmgr.obj (.text:gapBondMgrUpdateCharCfg$28)
                  00008a98    000000a4                                                                        : osal.obj (.text:osal_msg_enqueue_push$21)
                  00008b3c    000000a4     drivers_cc26x0r2.aem3 : PowerCC26XX.oem3 (.text:switchXOSCHFclockFunc)
                  00008be0    000000a0                           : PINCC26XX.oem3 (.text:PIN_open)
                  00008c80    000000a0     auto_init.aem3 : auto_init.oem3 (.text)
                  00008d20    0000009f     display.aem3 : DisplayUart.oem3 (.text:DisplayUartAnsi_vprintf)
                  00008dbf    00000001     --HOLE-- [fill = 0]
                  00008dc0    0000009c     icall.obj (.text:ICall_send)
                  00008e5c    0000009c     heart_rate_cc2640r2lp_stack_library_migration_attempt_SDK_4.10.lib : osal_cbtimer.obj (.text:cbTimerSetup$37)
                  00008ef8    0000009c     rtsv7M3_T_le_eabi.lib : memcpy_t2.obj (.text)
                  00008f94    00000098     icall.obj (.text:ICall_setTimer)
                  0000902c    00000098     drivers_cc26x0r2.aem3 : UARTCC26XX.oem3 (.text:UARTCC26XX_initHw)
                  000090c4    00000098                           : UARTCC26XX.oem3 (.text:UARTCC26XX_initIO)
                  0000915c    00000098     cc2640_ctrlhci_pxxx.a : hci_event.o (.text)
                  000091f4    00000098     cc2640_ctrlll_pxxx.a : ll_common.o (.text)
                  0000928c    00000098     rom_sysbios.aem3 : rom_sysbios.obj (.text:ti_sysbios_knl_Clock_workFuncDynamic__E)
                  00009324    00000098                      : rom_sysbios.obj (.text:xdc_runtime_Text_putMod__E)
                  000093bc    00000094     drivers_cc26x0r2.aem3 : CryptoCC26XX.oem3 (.text:CryptoCC26XX_allocateKey)
                  00009450    00000094     driverlib.lib : crypto.obj (.text:NOROM_CRYPTOAesLoadKey)
                  000094e4    00000094     RFCC26XX_singleMode.obj (.text:RF_calculateDispatchTime$5)
                  00009578    00000094     RFCC26XX_singleMode.obj (.text:RF_dispatchNextCmd$5)
                  0000960c    00000094     heart_rate_cc2640r2lp_stack_library_migration_attempt_SDK_4.10.lib : osal.obj (.text:osal_msg_receive)
                  000096a0    00000094                                                                        : osal_timers.obj (.text:osal_timer_refTimeUpdate)
                  00009734    00000090     board.obj (.text:CC2640R2_LAUNCHXL_shutDownExtFlash)
                  000097c4    00000090     drivers_cc26x0r2.aem3 : CryptoCC26XX.oem3 (.text:CryptoCC26XX_open)
                  00009854    00000090     driverlib.lib : setup.obj (.text:TrimAfterColdResetWakeupFromShutDown)
                  000098e4    00000090     heart_rate_cc2640r2lp_stack_library_migration_attempt_SDK_4.10.lib : osal_cbtimer.obj (.text:osal_CbTimerProcessEvent)
                  00009974    00000090     rom_sysbios.aem3 : rom_sysbios.obj (.text:ti_sysbios_family_arm_cc26xx_Timer_start__E)
                  00009a04    0000008e     drivers_cc26x0r2.aem3 : UARTCC26XX.oem3 (.text:UARTCC26XX_writeCancel)
                  00009a92    00000002     driverlib.lib : rfc.obj (.text:NOROM_RFCAdi3VcoLdoVoltageMode)
                  00009a94    0000008c     battservice.obj (.text:battNotifyLevel$12)
                  00009b20    0000008c     cc2640_ctrlll_pxxx.a : ll_enc.o (.text)
                  00009bac    00000084     driverlib.lib : crypto.obj (.text:NOROM_CRYPTOCcmInvAuthDecryptResultGet)
                  00009c30    00000084     RFCC26XX_singleMode.obj (.text:RF_ratFreeChannel$5)
                  00009cb4    00000084     drivers_cc26x0r2.aem3 : UARTCC26XX.oem3 (.text:UARTCC26XX_close)
                  00009d38    00000084     cc26xx_profiles_pxxx.a : gapgattserver.o (.text)
                  00009dbc    00000080     RFCC26XX_singleMode.obj (.text:RF_discardPendCmd$5)
                  00009e3c    00000080     RFCC26XX_singleMode.obj (.text:RF_hwiCpe0Active$5)
                  00009ebc    00000080     heartrateservice.obj (.text:heartRate_WriteAttrCB$16)
                  00009f3c    00000080     drivers_cc26x0r2.aem3 : UARTCC26XX.oem3 (.text:writeTxFifoFlush)
                  00009fbc    0000007c     cc2640_ctrlhci_pxxx.a : hci_event.o (.text)
                  0000a038    0000007c     cc2640_ctrlll_pxxx.a : ll_scheduler.o (.text)
                  0000a0b4    0000007c     cc26xx_gap_pxxx.a : gap_linkmgr.o (.text)
                  0000a130    0000007c     heart_rate_cc2640r2lp_stack_library_migration_attempt_SDK_4.10.lib : osal.obj (.text:osal_event_send$21)
                  0000a1ac    0000007a     rtsv7M3_T_le_eabi.lib : memset_t2.obj (.text)
                  0000a226    00000002     heart_rate_cc2640r2lp_stack_library_migration_attempt_SDK_4.10.lib : onboard.obj (.text:Onboard_soft_reset)
                  0000a228    00000078                                                                        : gapbondmgr.obj (.text:GAPBondMgr_syncResolvingList)
                  0000a2a0    00000078     cc2640_ctrlll_pxxx.a : ll_common.o (.text)
                  0000a318    00000078     cc26xx_profiles_pxxx.a : gattservapp.o (.text)
                  0000a390    00000074     icall.obj (.text:ICall_fetchMsg)
                  0000a404    00000074     icall.obj (.text:ICall_heapInit)
                  0000a478    00000074     cc26xx_sm_pxxx.a : sm_pairing.o (.text)
                  0000a4ec    00000074     heart_rate_cc2640r2lp_stack_library_migration_attempt_SDK_4.10.lib : gapbondmgr.obj (.text:gapBondMgrBondReq$28)
                  0000a560    00000072     cc2640_ctrlll_pxxx.a : ll_common.o (.text)
                  0000a5d2    00000002     RFCC26XX_singleMode.obj (.text:RF_defaultCallback$5)
                  0000a5d4    00000070     heart_rate_cc2640r2lp_stack_library_migration_attempt_SDK_4.10.lib : gapbondmgr.obj (.text:GAPBondMgr_LinkTerm)
                  0000a644    00000070     icall.obj (.text:ICall_heapGetStats)
                  0000a6b4    00000070     driverlib.lib : sys_ctrl.obj (.text:NOROM_SysCtrlAdjustRechargeAfterPowerDown)
                  0000a724    00000070     heart_rate_cc2640r2lp_stack_library_migration_attempt_SDK_4.10.lib : ble_dispatch_lite.obj (.text:ble_dispatch_liteProcess)
                  0000a794    00000070     cc26xx_hci_tl_none.a : hci_tl.o (.text)
                  0000a804    00000070     drivers_cc26x0r2.aem3 : PowerCC26XX.oem3 (.text:lfClockReadyCallback)
                  0000a874    0000006d     rom_sysbios.aem3 : rom_sysbios.obj (.text:xdc_runtime_System_formatNum__I)
                  0000a8e1    00000001     --HOLE-- [fill = 0]
                  0000a8e2    00000002     heart_rate_cc2640r2lp_stack_library_migration_attempt_SDK_4.10.lib : sm_ecc.obj (.text:SM_dhKeyCB)
                  0000a8e4    0000006c     icall.obj (.text:ICall_sendServiceComplete)
                  0000a950    0000006c     driverlib.lib : osc.obj (.text:NOROM_OSCHF_AttemptToSwitchToXosc)
                  0000a9bc    0000006c     drivers_cc26x0r2.aem3 : PowerCC26XX_calibrateRCOSC.oem3 (.text:PowerCC26XX_initiateCalibration)
                  0000aa28    0000006c     RFCC26XX_singleMode.obj (.text:RF_dispatchNextEvent$5)
                  0000aa94    0000006c     cc2640_ctrlll_pxxx.a : ll_common.o (.text)
                  0000ab00    0000006c                          : ll_scheduler.o (.text)
                  0000ab6c    0000006c     drivers_cc26x0r2.aem3 : PowerCC26XX.oem3 (.text:configureXOSCHF)
                  0000abd8    00000068                           : CryptoCC26XX.oem3 (.text:CryptoCC26XX_loadKey)
                  0000ac40    00000068     driverlib.lib : sys_ctrl.obj (.text:NOROM_SysCtrl_DCDC_VoltageConditionalControl)
                  0000aca8    00000068     RFCC26XX_singleMode.obj (.text:RF_getInfo)
                  0000ad10    00000068     RFCC26XX_singleMode.obj (.text:RF_hwiHw$5)
                  0000ad78    00000068     rtsv7M3_T_le_eabi.lib : copy_decompress_lzss.obj (.text:decompress:lzss)
                  0000ade0    00000068     heart_rate_cc2640r2lp_stack_library_migration_attempt_SDK_4.10.lib : osal_cbtimer.obj (.text:osal_CbTimerUpdate)
                  0000ae48    00000064     driverlib.lib : rfc.obj (.text:NOROM_RFCOverrideUpdate)
                  0000aeac    00000064     RFCC26XX_singleMode.obj (.text:RF_getCurrentTime)
                  0000af10    00000064     cc26xx_profiles_pxxx.a : gattservapp.o (.text)
                  0000af74    00000060     gattservapp_util.obj (.text:GATTServApp_ProcessCCCWriteReq)
                  0000afd4    00000060     icall.obj (.text:ICall_createRemoteTasksAtRuntime)
                  0000b034    00000060     icall.obj (.text:ICall_enrollService)
                  0000b094    00000060     icall.obj (.text:ICall_searchServiceEntity)
                  0000b0f4    00000060     drivers_cc26x0r2.aem3 : PowerCC26XX.oem3 (.text:PowerCC26XX_calibrate)
                  0000b154    00000060     RFCC26XX_singleMode.obj (.text:RF_fsmXOSCState$5)
                  0000b1b4    0000005f     rom_sysbios.aem3 : rom_sysbios.obj (.text:xdc_runtime_Text_putLab__E)
                  0000b213    00000001     --HOLE-- [fill = 0]
                  0000b214    0000005e     drivers_cc26x0r2.aem3 : UARTCC26XX.oem3 (.text:UARTCC26XX_swiIntFxn)
                  0000b272    00000002     heart_rate_cc2640r2lp_stack_library_migration_attempt_SDK_4.10.lib : sm_ecc.obj (.text:SM_p256KeyCB)
                  0000b274    0000005c     drivers_cc26x0r2.aem3 : CryptoResourceCC26XX.oem3 (.text:CryptoResourceCC26XX_constructRTOSObjects)
                  0000b2d0    0000005c     display.aem3 : Display.oem3 (.text:Display_doOpen)
                  0000b32c    0000005c     heart_rate.obj (.text:HeartRate_enqueueMsg$2)
                  0000b388    0000005c     icall.obj (.text:ICall_pwrUpdActivityCounter)
                  0000b3e4    0000005c     icall.obj (.text:ICall_searchTask$7)
                  0000b440    0000005c     drivers_cc26x0r2.aem3 : PowerCC26XX_calibrateRCOSC.oem3 (.text:PowerCC26XX_RCOSC_clockFunc)
                  0000b49c    0000005c     RFCC26XX_singleMode.obj (.text:RF_cmdDispatchTime$5)
                  0000b4f8    0000005c     battservice.obj (.text:battReadAttrCB$12)
                  0000b554    0000005c     cc26xx_profiles_pxxx.a : gattservapp.o (.text)
                  0000b5b0    0000005c     app_ble_pem3.oem3 (.text:xdc_runtime_Startup_getState__I)
                  0000b60c    0000005a     RFCC26XX_singleMode.obj (.text:RF_syncCb$5)
                  0000b666    00000002     drivers_cc26x0r2.aem3 : PowerCC26XX.oem3 (.text:emptyClockFunc)
                  0000b668    00000058     icall.obj (.text:ICall_heapFree)
                  0000b6c0    00000058     icall.obj (.text:ICall_msgEnqueue$7)
                  0000b718    00000058     icall.obj (.text:ICall_wait)
                  0000b770    00000058     drivers_cc26x0r2.aem3 : PINCC26XX.oem3 (.text:PIN_remove)
                  0000b7c8    00000058     RFCC26XX_singleMode.obj (.text:RF_hwiCpe0PowerFsm$5)
                  0000b820    00000058     drivers_cc26x0r2.aem3 : UARTCC26XX.oem3 (.text:UARTCC26XX_control)
                  0000b878    00000058     cc26xx_gap_pxxx.a : gap_linkmgr.o (.text)
                  0000b8d0    00000058     heart_rate_cc2640r2lp_stack_library_migration_attempt_SDK_4.10.lib : osal_snv_wrapper.obj (.text:findItem$25)
                  0000b928    00000058                                                                        : gapbondmgr.obj (.text:gapBondMgrReadBonds$28)
                  0000b980    00000058                                                                        : osal_cbtimer.obj (.text:osal_CbTimerStop)
                  0000b9d8    00000054     cc26xx_gap_pxxx.a : linkdb.o (.text)
                  0000ba2c    00000054     cc26xx_profiles_pxxx.a : gattservapp.o (.text)
                  0000ba80    00000054     rtsv7M3_T_le_eabi.lib : exit.obj (.text)
                  0000bad4    00000050     dpl_cc26x0r2.aem3 : ClockP_tirtos.oem3 (.text:ClockP_construct)
                  0000bb24    00000050     ECCROMCC26XX.obj (.text:ECCROMCC26XX_Params_init)
                  0000bb74    00000050     ECCROMCC26XX.obj (.text:ECC_initGlobals$4)
                  0000bbc4    00000050     icall.obj (.text:ICall_registerApp)
                  0000bc14    00000050     heart_rate_cc2640r2lp_stack_library_migration_attempt_SDK_4.10.lib : npi.obj (.text:NPI_WriteTransport)
                  0000bc64    00000050     cc2640_ctrlll_pxxx.a : ll.o (.text)
                  0000bcb4    00000050     drivers_cc26x0r2.aem3 : UARTCC26XX.oem3 (.text:startTxFifoEmptyClk)
                  0000bd04    0000004c     icall.obj (.text:ICall_newTask$7)
                  0000bd50    0000004c     RFCC26XX_singleMode.obj (.text:RF_wakeupNotification$5)
                  0000bd9c    0000004c     battservice.obj (.text:battWriteAttrCB$12)
                  0000bde8    0000004c     heart_rate_cc2640r2lp_stack_library_migration_attempt_SDK_4.10.lib : gapbondmgr.obj (.text:gapBondMgrUpdateLruBondList$28)
                  0000be34    0000004c                                                                        : osal_bufmgr.obj (.text:osal_bm_free)
                  0000be80    0000004c     rtsv7M3_T_le_eabi.lib : cpy_tbl.obj (.text)
                  0000becc    0000004a     drivers_cc26x0r2.aem3 : UARTCC26XX.oem3 (.text:UARTCC26XX_readCancel)
                  0000bf16    00000002                           : CryptoResourceCC26XX.oem3 (.text:errorSpin)
                  0000bf18    00000048     board.obj (.text:CC2640R2_LAUNCHXL_wakeUpExtFlash)
                  0000bf60    00000048     drivers_cc26x0r2.aem3 : PINCC26XX.oem3 (.text:PIN_setOutputEnable)
                  0000bfa8    00000048     util.obj (.text:Util_constructClock)
                  0000bff0    00000048     heart_rate_cc2640r2lp_stack_library_migration_attempt_SDK_4.10.lib : osal_snv_wrapper.obj (.text:erasePage$25)
                  0000c038    00000048                                                                        : osal_timers.obj (.text:osalAddTimer)
                  0000c080    00000048     rom_sysbios.aem3 : rom_sysbios.obj (.text:ti_sysbios_family_arm_cc26xx_Timer_setThreshold__I)
                  0000c0c8    00000048     drivers_cc26x0r2.aem3 : UARTCC26XX.oem3 (.text:writeFinishedDoCallback)
                  0000c110    00000044     driverlib.lib : osc.obj (.text:NOROM_OSCHF_SwitchToRcOscTurnOffXosc)
                  0000c154    00000044     RFCC26XX_singleMode.obj (.text:RF_cmdStoreEvents$5)
                  0000c198    00000044     drivers_cc26x0r2.aem3 : RingBuf.oem3 (.text:RingBuf_put)
                  0000c1dc    00000044     boot.aem3 : boot.oem3 (.text)
                  0000c220    00000044     cc2640_ctrlll_pxxx.a : ll_scheduler.o (.text)
                  0000c264    00000044     cc26xx_profiles_pxxx.a : gattservapp.o (.text)
                  0000c2a8    00000044     heart_rate_cc2640r2lp_stack_library_migration_attempt_SDK_4.10.lib : osal_timers.obj (.text:osal_start_timerEx)
                  0000c2ec    00000044     rom_sysbios.aem3 : rom_sysbios.obj (.text:xdc_runtime_Text_xprintf__I)
                  0000c330    00000042     heart_rate_cc2640r2lp_stack_library_migration_attempt_SDK_4.10.lib : gapbondmgr.obj (.text:GAPBondMgr_UpdateCharCfg)
                  0000c372    00000042                                                                        : gap.obj (.text:GAP_DeviceInit)
                  0000c3b4    00000040     ECCROMCC26XX.obj (.text:ECCROMCC26XX_init)
                  0000c3f4    00000040     peripheral.obj (.text:GAPRole_createTask)
                  0000c434    00000040     drivers_cc26x0r2.aem3 : PINCC26XX.oem3 (.text:PIN_swi)
                  0000c474    00000040                           : PowerCC26XX.oem3 (.text:PowerCC26XX_isStableXOSC_HF)
                  0000c4b4    00000040                           : UART.oem3 (.text:UART_init)
                  0000c4f4    00000040                           : UART.oem3 (.text:UART_open)
                  0000c534    00000040     cc26xx_profiles_pxxx.a : gattservapp.o (.text)
                  0000c574    00000040                            : gattservapp.o (.text)
                  0000c5b4    00000040     rtsv7M3_T_le_eabi.lib : u_divt2.obj (.text)
                  0000c5f4    00000040     rom_sysbios.aem3 : rom_sysbios.obj (.text:ti_sysbios_heaps_HeapCallback_Module_startup__E)
                  0000c634    0000003e     dpl_cc26x0r2.aem3 : HwiP_tirtos.oem3 (.text:HwiP_construct)
                  0000c672    0000003e     drivers_cc26x0r2.aem3 : RingBuf.oem3 (.text:RingBuf_get)
                  0000c6b0    0000003c     heart_rate.obj (.text:HeartRate_createTask)
                  0000c6ec    0000003c     driverlib.lib : osc.obj (.text:NOROM_OSC_HPOSCRelativeFrequencyOffsetGet)
                  0000c728    0000003c                   : rfc.obj (.text:NOROM_RFCSynthPowerDown)
                  0000c764    0000003c     dpl_cc26x0r2.aem3 : SwiP_tirtos.oem3 (.text:SwiP_construct)
                  0000c7a0    0000003c     cc2640_ctrlll_pxxx.a : ll_common.o (.text)
                  0000c7dc    0000003c                          : ll_scheduler.o (.text)
                  0000c818    0000003c     cc26xx_hci_tl_none.a : hci_tl.o (.text)
                  0000c854    0000003c     cc26xx_profiles_pxxx.a : gattservapp.o (.text)
                  0000c890    0000003c                            : gattservapp.o (.text)
                  0000c8cc    0000003c     drivers_cc26x0r2.aem3 : PowerCC26XX.oem3 (.text:disableLfClkQualifiersEnableClkLoss)
                  0000c908    0000003c     heart_rate_cc2640r2lp_stack_library_migration_attempt_SDK_4.10.lib : osal_bufmgr.obj (.text:osal_bm_alloc)
                  0000c944    0000003c                                                                        : osal_timers.obj (.text:osal_start_reload_timer)
                  0000c980    0000003c     rom_sysbios.aem3 : rom_sysbios.obj (.text:ti_sysbios_family_arm_m3_Hwi_construct2__E)
                  0000c9bc    00000038     board_key.obj (.text:Board_keyCallback$1)
                  0000c9f4    00000038     heart_rate_cc2640r2lp_stack_library_migration_attempt_SDK_4.10.lib : hal_flash_wrapper.obj (.text:HalFlashRead)
                  0000ca2c    00000038     drivers_cc26x0r2.aem3 : PINCC26XX.oem3 (.text:PIN_setConfig)
                  0000ca64    00000038                           : PINCC26XX.oem3 (.text:PIN_setOutputValue)
                  0000ca9c    00000038     RFCC26XX_singleMode.obj (.text:RF_checkCmdFsError$5)
                  0000cad4    00000038     RFCC26XX_singleMode.obj (.text:RF_powerConstraintRelease)
                  0000cb0c    00000038     util.obj (.text:Util_restartClock)
                  0000cb44    00000038     battservice.obj (.text:battMeasure$12)
                  0000cb7c    00000038     heart_rate_cc2640r2lp_stack_library_migration_attempt_SDK_4.10.lib : osal_bufmgr.obj (.text:bm_desc_from_payload$22)
                  0000cbb4    00000038     cc2640_ctrlll_pxxx.a : ll_scheduler.o (.text)
                  0000cbec    00000038                          : ll_scheduler.o (.text)
                  0000cc24    00000038     cc26xx_l2cap_pxxx.a : l2cap_util.o (.text)
                  0000cc5c    00000038     heart_rate_cc2640r2lp_stack_library_migration_attempt_SDK_4.10.lib : osal_snv_wrapper.obj (.text:disableCache$25)
                  0000cc94    00000038                                                                        : osal.obj (.text:osal_alien2proxy)
                  0000cccc    00000038                                                                        : osal.obj (.text:osal_msec_timer_cback$21)
                  0000cd04    00000038                                                                        : osal_timers.obj (.text:osal_stop_timerEx)
                  0000cd3c    00000038     rom_sysbios.aem3 : rom_sysbios.obj (.text:ti_sysbios_family_arm_cc26xx_Timer_getCurrentTick__E)
                  0000cd74    00000036                      : rom_sysbios.obj (.text:ti_sysbios_family_arm_cc26xx_Timer_setNextTick__E)
                  0000cdaa    00000002     heart_rate_cc2640r2lp_stack_library_migration_attempt_SDK_4.10.lib : hal_assert.obj (.text:halAssertHandler)
                  0000cdac    00000034     gattservapp_util.obj (.text:GATTServApp_InitCharCfg)
                  0000cde0    00000034     icall.obj (.text:ICall_dispatch$7)
                  0000ce14    00000034     icall.obj (.text:ICall_fetchServiceMsg)
                  0000ce48    00000034     drivers_cc26x0r2.aem3 : PowerCC26XX.oem3 (.text:Power_releaseConstraint)
                  0000ce7c    00000034     RFCC26XX_singleMode.obj (.text:RF_runDirectImmediateCmd$5)
                  0000ceb0    00000034     cc2640_ctrlll_pxxx.a : ll_enc.o (.text)
                  0000cee4    00000034                          : ll_isr.o (.text)
                  0000cf18    00000034                          : ll_scheduler.o (.text)
                  0000cf4c    00000034     cc26xx_gap_pxxx.a : gap_configmgr.o (.text)
                  0000cf80    00000034     drivers_cc26x0r2.aem3 : CryptoCC26XX.oem3 (.text:cryptoTransactionPend)
                  0000cfb4    00000034     heart_rate_cc2640r2lp_stack_library_migration_attempt_SDK_4.10.lib : gapbondmgr.obj (.text:gapBondMgr_SyncWhiteList$28)
                  0000cfe8    00000034     drivers_cc26x0r2.aem3 : PowerCC26XX.oem3 (.text:notify)
                  0000d01c    00000034     heart_rate_cc2640r2lp_stack_library_migration_attempt_SDK_4.10.lib : osal.obj (.text:osal_clear_event)
                  0000d050    00000034     rom_sysbios.aem3 : rom_sysbios.obj (.text:ti_sysbios_family_arm_cc26xx_Timer_initDevice__I)
                  0000d084    00000034                      : rom_sysbios.obj (.text:ti_sysbios_knl_Swi_setPri__E)
                  0000d0b8    00000032     heartrateservice.obj (.text:heartRate_ReadAttrCB$16)
                  0000d0ea    00000002     heart_rate_cc2640r2lp_stack_library_migration_attempt_SDK_4.10.lib : hal_assert.obj (.text:halAssertSpinlock)
                  0000d0ec    00000030                                                                        : gapbondmgr.obj (.text:GAPBondMgr_PasscodeRsp)
                  0000d11c    00000030     peripheral.obj (.text:GAPRole_TerminateConnection)
                  0000d14c    00000030     icall.obj (.text:ICall_msecs2Ticks$7)
                  0000d17c    00000030     icall.obj (.text:ICall_primEntityId2ServiceId$7)
                  0000d1ac    00000030     drivers_cc26x0r2.aem3 : PINCC26XX.oem3 (.text:PINCC26XX_setMux)
                  0000d1dc    00000030                           : PowerCC26XX.oem3 (.text:Power_setConstraint)
                  0000d20c    00000030     RFCC26XX_singleMode.obj (.text:RF_calculateDeltaTimeUs$5)
                  0000d23c    00000030     cc2640_ctrlll_pxxx.a : ll_privacy.o (.text)
                  0000d26c    00000030     cc26xx_gap_pxxx.a : gap_configmgr.o (.text)
                  0000d29c    00000030     cc26xx_sm_pxxx.a : sm_pairing.o (.text)
                  0000d2cc    00000030     heart_rate_cc2640r2lp_stack_library_migration_attempt_SDK_4.10.lib : gapbondmgr.obj (.text:gapBondMgrBondTotal$28)
                  0000d2fc    00000030                                                                        : osal_timers.obj (.text:osal_get_timeoutEx)
                  0000d32c    00000030     app_ble_pem3.oem3 (.text:ti_sysbios_BIOS_atExitFunc__I)
                  0000d35c    00000030     app_ble_pem3.oem3 (.text:ti_sysbios_BIOS_startFunc__I)
                  0000d38c    00000030     app_ble_pem3.oem3 (.text:ti_sysbios_heaps_HeapCallback_Object__create__S)
                  0000d3bc    0000002e     icall_cc2650.obj (.text:ICallPlatform_pwrDispenseImpl$8)
                  0000d3ea    0000002e     icall_cc2650.obj (.text:ICallPlatform_pwrRequireImpl$8)
                  0000d418    0000002e     cc26xx_profiles_pxxx.a : gattservapp.o (.text)
                  0000d446    0000002e     heart_rate_cc2640r2lp_stack_library_migration_attempt_SDK_4.10.lib : osal.obj (.text:osal_build_uint32)
                  0000d474    0000002e     drivers_cc26x0r2.aem3 : UARTCC26XX.oem3 (.text:readData)
                  0000d4a2    0000002e                           : UARTCC26XX.oem3 (.text:writeData)
                  0000d4d0    0000002c     heart_rate.obj (.text:HeartRate_toggleAdvertising$2)
                  0000d4fc    0000002c     icall.obj (.text:ICall_getLocalMsgEntityId)
                  0000d528    0000002c     driverlib.lib : chipinfo.obj (.text:NOROM_ChipInfo_GetChipFamily)
                  0000d554    0000002c     RFCC26XX_singleMode.obj (.text:RF_cmdGet$5)
                  0000d580    0000002c     RFCC26XX_singleMode.obj (.text:RF_executeDirectImmediateCmd$5)
                  0000d5ac    0000002c     dpl_cc26x0r2.aem3 : SemaphoreP_tirtos.oem3 (.text:SemaphoreP_constructBinary)
                  0000d5d8    0000002c                       : SemaphoreP_tirtos.oem3 (.text:SemaphoreP_createBinary)
                  0000d604    0000002c     heart_rate_cc2640r2lp_stack_library_migration_attempt_SDK_4.10.lib : ble_dispatch_lite.obj (.text:bleDispatch_BMAlloc)
                  0000d630    0000002c     cc26xx_gatt_pxxx.a : gatt_task.o (.text)
                  0000d65c    0000002c     cc26xx_profiles_pxxx.a : gattservapp.o (.text)
                  0000d688    0000002c                            : gattservapp.o (.text)
                  0000d6b4    0000002c     cc26xx_sm_pxxx.a : sm_pairing.o (.text)
                  0000d6e0    0000002c                      : sm_rsppairing.o (.text)
                  0000d70c    0000002c     heart_rate_cc2640r2lp_stack_library_migration_attempt_SDK_4.10.lib : osal_snv_wrapper.obj (.text:findOffset$25)
                  0000d738    0000002c                                                                        : gapbondmgr.obj (.text:gapBondMgrFindAddr$28)
                  0000d764    0000002c     rom_sysbios.aem3 : rom_sysbios.obj (.text:ti_sysbios_knl_Clock_getTicksUntilInterrupt__E)
                  0000d790    0000002b                      : rom_sysbios.obj (.text:xdc_runtime_Text_printVisFxn__I)
                  0000d7bb    00000001     --HOLE-- [fill = 0]
                  0000d7bc    0000002a     display.aem3 : DisplayUart.oem3 (.text:DisplayUartAnsi_clear)
                  0000d7e6    0000002a                  : Display.oem3 (.text:Display_doPrintf)
                  0000d810    0000002a     rom_sysbios.aem3 : rom_sysbios.obj (.text:ti_sysbios_knl_Clock_getTimeout__E)
                  0000d83a    0000002a                      : rom_sysbios.obj (.text:xdc_runtime_System_putchar__I)
                  0000d864    00000028     drivers_cc26x0r2.aem3 : CryptoCC26XX.oem3 (.text:CryptoCC26XX_hwiIntFxn)
                  0000d88c    00000028     driverlib.lib : chipinfo.obj (.text:NOROM_ChipInfo_GetChipType)
                  0000d8b4    00000028                   : rfc.obj (.text:NOROM_RFCDoorbellSendTo)
                  0000d8dc    00000028                   : rfc.obj (.text:NOROM_RFCOverrideSearch)
                  0000d904    00000028     drivers_cc26x0r2.aem3 : PowerCC26XX.oem3 (.text:Power_registerNotify)
                  0000d92c    00000028     RFCC26XX_singleMode.obj (.text:RF_runCmd)
                  0000d954    00000028     driverlib.lib : adi.obj (.text:SafeHapiVoid)
                  0000d97c    00000028     TRNGCC26XX.obj (.text:TRNGCC26XX_init)
                  0000d9a4    00000028     att_rsp.obj (.text:attRsp_freeAttRsp)
                  0000d9cc    00000028     heart_rate_cc2640r2lp_stack_library_migration_attempt_SDK_4.10.lib : osal_bufmgr.obj (.text:osal_bm_adjust_header)
                  0000d9f4    00000028                                                                        : osal_timers.obj (.text:osal_next_timeout)
                  0000da1c    00000028     drivers_cc26x0r2.aem3 : UARTCC26XX.oem3 (.text:readData2RingBuf)
                  0000da44    00000026     heart_rate_cc2640r2lp_stack_library_migration_attempt_SDK_4.10.lib : gapbondmgr.obj (.text:gapBondMgrGetStateFlags$28)
                  0000da6a    00000024     drivers_cc26x0r2.aem3 : List.oem3 (.text:List_remove)
                  0000da8e    00000002     icall_api_lite.obj (.text:rfErrCb)
                  0000da90    00000024     driverlib.lib : osc.obj (.text:NOROM_OSCHF_TurnOnXosc)
                  0000dab4    00000024     cc26xx_profiles_pxxx.a : gapgattserver.o (.text)
                  0000dad8    00000024     heart_rate_cc2640r2lp_stack_library_migration_attempt_SDK_4.10.lib : osal.obj (.text:osal_msg_allocate)
                  0000dafc    00000024                                                                        : osal.obj (.text:osal_service_entry)
                  0000db20    00000024     app_ble_pem3.oem3 (.text:ti_sysbios_BIOS_registerRTSLock__I)
                  0000db44    00000024     app_ble_pem3.oem3 (.text:ti_sysbios_BIOS_removeRTSLock__I)
                  0000db68    00000024     rom_sysbios.aem3 : rom_sysbios.obj (.text:ti_sysbios_family_arm_cc26xx_Timer_getMaxTicks__E)
                  0000db8c    00000022     icall.obj (.text:ICall_setTimerMSecs)
                  0000dbae    00000022     drivers_cc26x0r2.aem3 : List.oem3 (.text:List_get)
                  0000dbd0    00000022                           : List.oem3 (.text:List_put)
                  0000dbf2    00000022     driverlib.lib : uart.obj (.text:NOROM_UARTConfigSetExpClk)
                  0000dc14    00000020                   : uart.obj (.text:NOROM_UARTDisable)
                  0000dc34    00000020     drivers_cc26x0r2.aem3 : PINCC26XX.oem3 (.text:PINCC26XX_setIoCfgMux)
                  0000dc54    00000020                           : PowerCC26XX.oem3 (.text:Power_unregisterNotify)
                  0000dc74    00000020     RFCC26XX_singleMode.obj (.text:RF_clkPowerUp$5)
                  0000dc94    00000020     RFCC26XX_singleMode.obj (.text:RF_ratIsRunning$5)
                  0000dcb4    00000020     cc2640_ctrlll_pxxx.a : ll_isr.o (.text)
                  0000dcd4    00000020     cc26xx_profiles_pxxx.a : gattservapp.o (.text)
                  0000dcf4    00000020                            : gattservapp.o (.text)
                  0000dd14    00000020     cc26xx_sm_pxxx.a : sm_rsppairing.o (.text)
                  0000dd34    00000020     gattservapp_util.obj (.text:gattServApp_FindCharCfgItem$15)
                  0000dd54    00000020     heart_rate_cc2640r2lp_stack_library_migration_attempt_SDK_4.10.lib : osal_timers.obj (.text:osalFindTimer)
                  0000dd74    00000020                                                                        : osal.obj (.text:osal_memcmp)
                  0000dd94    00000020                                                                        : osal.obj (.text:osal_msg_deallocate)
                  0000ddb4    00000020                                                                        : osal.obj (.text:osal_msg_send)
                  0000ddd4    00000020                                                                        : osal.obj (.text:osal_proxy2alien$21)
                  0000ddf4    00000020     drivers_cc26x0r2.aem3 : UARTCC26XX.oem3 (.text:threadSafeStdbyDisRelease)
                  0000de14    00000020                           : UARTCC26XX.oem3 (.text:threadSafeStdbyDisSet)
                  0000de34    00000020     app_ble_pem3.oem3 (.text:ti_sysbios_BIOS_rtsLock__I)
                  0000de54    00000020     rom_sysbios.aem3 : rom_sysbios.obj (.text:ti_sysbios_family_arm_cc26xx_Timer_dynamicStub__E)
                  0000de74    00000020                      : rom_sysbios.obj (.text:xdc_runtime_Registry_findById__E)
                  0000de94    0000001e     drivers_cc26x0r2.aem3 : PINCC26XX.oem3 (.text:PIN_close)
                  0000deb2    0000001e                           : PowerCC26XX.oem3 (.text:Power_getTransitionLatency)
                  0000ded0    0000001e     cc2640_ctrlll_pxxx.a : ll_common.o (.text)
                  0000deee    0000001e     heart_rate_cc2640r2lp_stack_library_migration_attempt_SDK_4.10.lib : gapbondmgr.obj (.text:gapBondMgrInvertCharCfgItem$28)
                  0000df0c    0000001e                                                                        : gapbondmgr.obj (.text:gapBondSetupPrivFlag$28)
                  0000df2a    0000001e                                                                        : osal_snv_wrapper.obj (.text:osal_snv_read)
                  0000df48    0000001c     board.obj (.text:CC2640R2_LAUNCHXL_initGeneral)
                  0000df64    0000001c     ECCROMCC26XX.obj (.text:ECC_ArrayAllZeros)
                  0000df80    0000001c     heart_rate_cc2640r2lp_stack_library_migration_attempt_SDK_4.10.lib : gapbondmgr.obj (.text:GAPBondMgr_Register)
                  0000df9c    0000001c                                                                        : gapbondmgr.obj (.text:GAPBondMgr_SupportsEnhancedPriv)
                  0000dfb8    0000001c     icall.obj (.text:ICall_enterCSImpl)
                  0000dfd4    0000001c     icall.obj (.text:ICall_primRepostSync$7)
                  0000dff0    0000001c     driverlib.lib : flash.obj (.text:NOROM_FlashProgram)
                  0000e00c    0000001c                   : flash.obj (.text:NOROM_FlashSectorErase)
                  0000e028    0000001c                   : vims.obj (.text:NOROM_VIMSConfigure)
                  0000e044    0000001c     drivers_cc26x0r2.aem3 : PINCC26XX.oem3 (.text:PIN_hwi)
                  0000e060    0000001c     RFCC26XX_singleMode.obj (.text:RF_clkInactivityCallback$5)
                  0000e07c    0000001c     RFCC26XX_singleMode.obj (.text:RF_getRssi)
                  0000e098    0000001c     RFCC26XX_singleMode.obj (.text:RF_powerConstraintSet)
                  0000e0b4    0000001c     TRNGCC26XX.obj (.text:TRNGCC26XX_open)
                  0000e0d0    0000001c     heart_rate_cc2640r2lp_stack_library_migration_attempt_SDK_4.10.lib : osal_snv_wrapper.obj (.text:enableCache$25)
                  0000e0ec    0000001c                                                                        : gapbondmgr.obj (.text:gapBondFreeAuthEvt$28)
                  0000e108    0000001c                                                                        : hal_assert.obj (.text:halAssertHandlerExt)
                  0000e124    0000001c     TRNGCC26XX.obj (.text:openTRNG)
                  0000e140    0000001c     heart_rate_cc2640r2lp_stack_library_migration_attempt_SDK_4.10.lib : osal.obj (.text:osal_memdup)
                  0000e15c    0000001c                                                                        : osal.obj (.text:osal_revmemcpy)
                  0000e178    0000001c     rom_sysbios.aem3 : rom_sysbios.obj (.text:ti_sysbios_knl_Swi_construct2__E)
                  0000e194    0000001a     heart_rate.obj (.text:HeartRate_passcodeCB$2)
                  0000e1ae    0000001a     dpl_cc26x0r2.aem3 : SystemP_tirtos.oem3 (.text:SystemP_snprintf)
                  0000e1c8    0000001a     heart_rate_cc2640r2lp_stack_library_migration_attempt_SDK_4.10.lib : osal.obj (.text:osal_isbufset)
                  0000e1e2    00000002     rtsv7M3_T_le_eabi.lib : i_div0.obj (.text)
                  0000e1e4    00000018     board_key.obj (.text:Board_keyChangeHandler$1)
                  0000e1fc    00000018     heart_rate.obj (.text:HeartRate_connEvtCB$2)
                  0000e214    00000018     icall.obj (.text:ICall_mallocLimited)
                  0000e22c    00000018     driverlib.lib : chipinfo.obj (.text:NOROM_ChipInfo_GetPackageType)
                  0000e244    00000018                   : rfc.obj (.text:NOROM_RFCCpeIntGetAndClear)
                  0000e25c    00000018     dpl_cc26x0r2.aem3 : PowerCC26XX_tirtos.oem3 (.text:PowerCC26XX_schedulerDisable)
[...]
20001ec4  PowerCC26XX_swiKey                                                        
20001ec8  llConnEvtNotice                                                           
20001ed0  featureSetMask                                                            
20001ee0  rtosApiTblPtr                                                             
20001ee4  LSTORecoveryArr                                                           
20001ee8  llCombineState                                                            
20001eec  llCurrentMappedChan                                                       
20001ef0  connEvtCB                                                                 
20001ef8  ClockP_tickPeriod                                                         
20001efc  tasksEvents                                                               
20001f00  trngCC26XXObjects                                                         
20001f07  hciTaskID                                                                 
20001f08  hciTestTaskID                                                             
20001f09  hciGapTaskID                                                              
20001f0a  hciL2capTaskID                                                            
20001f0b  hciSmpTaskID                                                              
20001f0d  driverlib_release_0_56883                                                 
20001f0e  icall_liteTaskId                                                          
20001f0f  heapStart                                                                 
20004000  __stack                                                                   
20004000  heapEnd                                                                   
20004400  __STACK_END                                                               
20004400  __STACK_TOP                                                               
200044f8  RAM_BASE_ADDR                                                             
20004504  ROM_FlashJT                                                               
20004558  gapPeripheralCBs                                                          
20004564  gapPeripheralConnCBs                                                      
20004568  rfMode                                                                    
20004584  smResponderCBs                                                            
2000459c  slaveConnHandle                                                           
2000459e  nextHandle                                                                
200045a0  l2capMtuSize                                                              
200045a2  gapAppTaskID                                                              
200045a3  gapAdvAppTaskID                                                           
200045a4  gapUnwantedTaskID                                                         
200045a5  reqTaskId                                                                 
200045a6  gattAppTaskID                                                             
200045a7  appTaskID                                                                 
200045a8  flowCtrlTaskId                                                            
200045a9  SM_appTaskID                                                              
200045ac  resolvingList                                                             
200046ec  scanDataEntry                                                             
200047cc  wlTable                                                                   
200048a8  wlTableScan                                                               
20004a20  advCmd                                                                    
20004a68  localEccKeys                                                              
20004aac  initDataEntry                                                             
20004ae4  advDataEntry                                                              
20004b1c  l2capFixedChannels                                                        
20004b4c  linkCBs                                                                   
20004b7c  eccParams                                                                 
20004bac  initParam                                                                 
20004bd0  scanParam                                                                 
20004bf4  advParam                                                                  
20004c14  cryptoPRAND                                                               
20004c34  txModemTestCmd                                                            
20004c50  gapParams                                                                 
20004c6c  initCmd                                                                   
20004c84  connReqData                                                               
20004c9c  scanCmd                                                                   
20004cb4  scanOutput                                                                
20004ccc  trxTestCmd                                                                
20004ce4  rxModemTestCmd                                                            
20004cfc  rsp                                                                       
20004d14  fwParDtmCmd                                                               
20004d2c  rfSetup                                                                   
20004d44  fwParRfCmd                                                                
20004d5c  connOutput                                                                
20004d70  rxTestParam                                                               
20004d84  initDataQueue                                                             
20004d94  scanDataQueue                                                             
20004da4  advDataQueue                                                              
20004db4  advOutput                                                                 
20004dc4  txTestParam                                                               
20004dd4  initOutput                                                                
20004de0  rxTestOut                                                                 
20004dec  deviceFeatureSet                                                          
20004df8  cachedTRNGdata                                                            
20004e04  gapCurrentRandomAddr                                                      
20004e0c  slaveUpdateReq                                                            
20004e14  pBleEvtMask                                                               
20004e1c  pHciEvtMask                                                               
20004e24  pHciEvtMask2                                                              
20004e2c  ownPublicAddr                                                             
20004e34  ownRandomAddr                                                             
20004e3c  ownSavedPublicAddr                                                        
20004e44  fwImmedCmd                                                                
20004e4c  attServerNotifyTxCB                                                       
20004e50  rfEvent                                                                   
20004e58  fwParCmd                                                                  
20004e60  verInfo                                                                   
20004e68  llConns                                                                   
20004e70  fwParamImmedCmd                                                           
20004e78  privInfo                                                                  
20004e80  linkCmd                                                                   
20004e84  linkParam                                                                 
20004e88  rxDataQ                                                                   
20004e8c  txDataQ                                                                   
20004e90  rxRingBuf                                                                 
20004e94  txTestOut                                                                 
20004e98  pGapDiscReq                                                               
20004e9c  pGapAdvertState                                                           
20004ea0  pEstLink                                                                  
20004ea4  pAuthLink                                                                 
20004ea8  pfnCentralConnCBs                                                         
20004eac  pfnPeripheralConnCBs                                                      
20004eb0  pGapAdvTokens                                                             
20004eb4  pGapAdData                                                                
20004eb8  pGapScanRspData                                                           
20004ebc  pfnPeripheralCBs                                                          
20004ec0  pfnCentralCBs                                                             
20004ec4  pfnBondMgrCBs                                                             
20004ec8  serverInfoTbl                                                             
20004ecc  pServiceList                                                              
20004ed0  pfnServerProcessMsgCB                                                     
20004ed4  pfnClientProcessMsgCB                                                     
20004ed8  prepareWritesTbl                                                          
20004edc  serviceCBsList                                                            
20004ee0  pAttrValue                                                                
20004ee4  l2capChannels                                                             
20004ee8  linkDB                                                                    
20004eec  rfHandle                                                                  
20004ef0  rfDrvTblPtr                                                               
20004ef4  eccDrvTblPtr                                                              
20004ef8  cryptoDrvTblPtr                                                           
20004efc  trngDrvTblPtr                                                             
20004f00  activeConns                                                               
20004f04  SysBootMsg                                                                
20004f08  sclkSrc                                                                   
20004f0c  buildInfo                                                                 
20004f10  advInfo                                                                   
20004f14  scanInfo                                                                  
20004f18  initInfo                                                                  
20004f1c  dtmInfo                                                                   
20004f20  taskEndAction                                                             
20004f24  encParams                                                                 
20004f28  encHandle                                                                 
20004f2c  encKey                                                                    
20004f30  pPairingParams                                                            
20004f34  pfnResponderCBs                                                           
20004f38  pfnInitiatorCBs                                                           
20004f3c  gapLimitedAdvertisingTimeout                                              
20004f3e  attrLen                                                                   
20004f40  numHostBufs                                                               
20004f42  rfCmdHandle                                                               
20004f44  connInitialMaxTxOctets                                                    
20004f46  connInitialMaxTxTime                                                      
20004f48  supportedMaxTxOctets                                                      
20004f4a  supportedMaxTxTime                                                        
20004f4c  supportedMaxRxOctets                                                      
20004f4e  supportedMaxRxTime                                                        
20004f50  taskEndStatus                                                             
20004f52  postRfOperations                                                          
20004f54  rfCfgAdiVal                                                               
20004f58  gapProfileRole                                                            
20004f59  gapDeviceAddrMode                                                         
20004f5a  gapState                                                                  
20004f5b  terminateAllTaskID                                                        
20004f5c  terminateReason                                                           
20004f5d  gapTaskID                                                                 
20004f5e  gattNumConns                                                              
20004f5f  gattTaskID                                                                
20004f60  GATTServApp_TaskID                                                        
20004f61  maxNumPrepareWrites                                                       
20004f62  hciPTMenabled                                                             
20004f63  ctrlToHostEnable                                                          
20004f64  l2capFlowCtrlMode                                                         
20004f65  l2capTaskID                                                               
20004f66  l2capNumChannels                                                          
20004f67  l2capNumDataPkts                                                          
20004f68  l2capId                                                                   
20004f69  linkDBNumConns                                                            
20004f6a  linkDB_secureConnectionOnlyMode                                           
20004f6b  maxPduSize                                                                
20004f6c  rfFeModeBias                                                              
20004f6d  maxNumTxDataBufs                                                          
20004f6e  LL_TaskID                                                                 
20004f6f  llState                                                                   
20004f70  rssiCorrection                                                            
20004f71  curTxPowerVal                                                             
20004f72  maxTxPwrForDTM                                                            
20004f73  onePktPerEvt                                                              
20004f74  numComplPkts                                                              
20004f75  numComplPktsLimit                                                         
20004f76  numComplPktsFlush                                                         
20004f77  fastTxRespTime                                                            
20004f78  slOverride                                                                
20004f79  rxFifoFlowCtrl                                                            
20004f7a  numTxDataBufs                                                             
20004f7b  maxNumConns                                                               
20004f7c  smTaskID                                                                  
20004f7d  SM_appExpectingKey                                                        
20004f80  ECC_DATA$$Base                                                            
20004f80  eccRom_param_Gx                                                           
20004f84  eccRom_param_Gy                                                           
20004f88  eccRom_workzone                                                           
20004f8c  eccRom_param_p                                                            
20004f90  eccRom_param_r                                                            
20004f94  eccRom_param_a                                                            
20004f98  eccRom_param_b                                                            
20004f9c  eccRom_windowSize                                                         
20004fa0  aux64                                                                     
20004fa8  MOD                                                                       
20004fac  LEN                                                                       
20004fb0  inScalar                                                                  
20004fb4  inPointX                                                                  
20004fb8  inPointY                                                                  
20004fbc  outPointX                                                                 
20004fc0  outPointY                                                                 
20004fc4  SCAL                                                                      
20004fc8  EXPX                                                                      
20004fcc  EXPY                                                                      
20004fd0  EXPZ                                                                      
20004fd4  EXPW                                                                      
20004fd8  ACCX                                                                      
20004fdc  ACCY                                                                      
20004fe0  ACCZ                                                                      
20004fe4  TMP1                                                                      
20004fe8  TMP2                                                                      
20004fec  TMP3                                                                      
20004ff0  TMP4                                                                      
20004ff4  TMP5                                                                      
20004ff8  TMP6                                                                      
20004ffc  MSBMOD                                                                    
20005000  ECC_DATA$$Limit                                                           
20005000  __UNUSED_SRAM_end__                                                       
e000e000  ti_sysbios_family_arm_m3_Hwi_nvic                                         
ffffffff  __TI_pprof_out_hndl                                                       
ffffffff  __TI_prof_data_size                                                       
ffffffff  __TI_prof_data_start                                                      
ffffffff  __binit__                                                                 
ffffffff  __c_args__                                                                
ffffffff  binit                                                                     
UNDEFED   SHT$$INIT_ARRAY$$Base                                                     
UNDEFED   SHT$$INIT_ARRAY$$Limit                                                    

[2318 symbols]
